Component: ARM Compiler 5.06 update 7 (build 960) Tool: armlink [4d3601]

==============================================================================

Section Cross References

    main.o(i.main) refers to misc.o(i.NVIC_PriorityGroupConfig) for NVIC_PriorityGroupConfig
    main.o(i.main) refers to usart.o(i.uart_init) for uart_init
    main.o(i.main) refers to delay.o(i.delay_init) for delay_init
    main.o(i.main) refers to encoder.o(i.Encoder_Init_TIM2) for Encoder_Init_TIM2
    main.o(i.main) refers to encoder.o(i.Encoder_Init_TIM4) for Encoder_Init_TIM4
    main.o(i.main) refers to motor.o(i.MiniBalance_Motor_Init) for MiniBalance_Motor_Init
    main.o(i.main) refers to adc.o(i.Adc_Init) for Adc_Init
    main.o(i.main) refers to key.o(i.KEY_Init) for KEY_Init
    main.o(i.main) refers to led.o(i.LED_Init) for LED_Init
    main.o(i.main) refers to exti.o(i.EXTIX_Init) for EXTIX_Init
    main.o(i.main) refers to oled.o(i.OLED_Init) for OLED_Init
    main.o(i.main) refers to delay.o(i.delay_ms) for delay_ms
    main.o(i.main) refers to motor.o(i.MiniBalance_PWM_Init) for MiniBalance_PWM_Init
    main.o(i.main) refers to timer.o(i.TIM3_Int_Init) for TIM3_Int_Init
    main.o(i.main) refers to show.o(i.DataScope) for DataScope
    main.o(i.main) refers to show.o(i.oled_show) for oled_show
    main.o(i.main) refers to main.o(.data) for delay_flag
    system_stm32f10x.o(i.SetSysClock) refers to system_stm32f10x.o(i.SetSysClockTo72) for SetSysClockTo72
    system_stm32f10x.o(i.SystemCoreClockUpdate) refers to system_stm32f10x.o(.data) for SystemCoreClock
    system_stm32f10x.o(i.SystemInit) refers to system_stm32f10x.o(i.SetSysClock) for SetSysClock
    startup_stm32f10x_md.o(STACK) refers (Special) to heapauxi.o(.text) for __use_two_region_memory
    startup_stm32f10x_md.o(HEAP) refers (Special) to heapauxi.o(.text) for __use_two_region_memory
    startup_stm32f10x_md.o(RESET) refers (Special) to heapauxi.o(.text) for __use_two_region_memory
    startup_stm32f10x_md.o(RESET) refers to startup_stm32f10x_md.o(STACK) for __initial_sp
    startup_stm32f10x_md.o(RESET) refers to startup_stm32f10x_md.o(.text) for Reset_Handler
    startup_stm32f10x_md.o(RESET) refers to stm32f10x_it.o(i.NMI_Handler) for NMI_Handler
    startup_stm32f10x_md.o(RESET) refers to stm32f10x_it.o(i.HardFault_Handler) for HardFault_Handler
    startup_stm32f10x_md.o(RESET) refers to stm32f10x_it.o(i.MemManage_Handler) for MemManage_Handler
    startup_stm32f10x_md.o(RESET) refers to stm32f10x_it.o(i.BusFault_Handler) for BusFault_Handler
    startup_stm32f10x_md.o(RESET) refers to stm32f10x_it.o(i.UsageFault_Handler) for UsageFault_Handler
    startup_stm32f10x_md.o(RESET) refers to stm32f10x_it.o(i.SVC_Handler) for SVC_Handler
    startup_stm32f10x_md.o(RESET) refers to stm32f10x_it.o(i.DebugMon_Handler) for DebugMon_Handler
    startup_stm32f10x_md.o(RESET) refers to stm32f10x_it.o(i.PendSV_Handler) for PendSV_Handler
    startup_stm32f10x_md.o(RESET) refers to stm32f10x_it.o(i.SysTick_Handler) for SysTick_Handler
    startup_stm32f10x_md.o(RESET) refers to exti.o(i.EXTI2_IRQHandler) for EXTI2_IRQHandler
    startup_stm32f10x_md.o(RESET) refers to encoder.o(i.TIM2_IRQHandler) for TIM2_IRQHandler
    startup_stm32f10x_md.o(RESET) refers to control.o(i.TIM3_IRQHandler) for TIM3_IRQHandler
    startup_stm32f10x_md.o(RESET) refers to encoder.o(i.TIM4_IRQHandler) for TIM4_IRQHandler
    startup_stm32f10x_md.o(RESET) refers to usart.o(i.USART1_IRQHandler) for USART1_IRQHandler
    startup_stm32f10x_md.o(RESET) refers to exti.o(i.EXTI15_10_IRQHandler) for EXTI15_10_IRQHandler
    startup_stm32f10x_md.o(.text) refers (Special) to heapauxi.o(.text) for __use_two_region_memory
    startup_stm32f10x_md.o(.text) refers to system_stm32f10x.o(i.SystemInit) for SystemInit
    startup_stm32f10x_md.o(.text) refers to __main.o(!!!main) for __main
    startup_stm32f10x_md.o(.text) refers to startup_stm32f10x_md.o(HEAP) for Heap_Mem
    startup_stm32f10x_md.o(.text) refers to startup_stm32f10x_md.o(STACK) for Stack_Mem
    stm32f10x_adc.o(i.ADC_DeInit) refers to stm32f10x_rcc.o(i.RCC_APB2PeriphResetCmd) for RCC_APB2PeriphResetCmd
    stm32f10x_bkp.o(i.BKP_DeInit) refers to stm32f10x_rcc.o(i.RCC_BackupResetCmd) for RCC_BackupResetCmd
    stm32f10x_can.o(i.CAN_DeInit) refers to stm32f10x_rcc.o(i.RCC_APB1PeriphResetCmd) for RCC_APB1PeriphResetCmd
    stm32f10x_can.o(i.CAN_GetITStatus) refers to stm32f10x_can.o(i.CheckITStatus) for CheckITStatus
    stm32f10x_cec.o(i.CEC_DeInit) refers to stm32f10x_rcc.o(i.RCC_APB1PeriphResetCmd) for RCC_APB1PeriphResetCmd
    stm32f10x_dac.o(i.DAC_DeInit) refers to stm32f10x_rcc.o(i.RCC_APB1PeriphResetCmd) for RCC_APB1PeriphResetCmd
    stm32f10x_flash.o(i.FLASH_EnableWriteProtection) refers to stm32f10x_flash.o(i.FLASH_WaitForLastOperation) for FLASH_WaitForLastOperation
    stm32f10x_flash.o(i.FLASH_EraseAllBank1Pages) refers to stm32f10x_flash.o(i.FLASH_WaitForLastBank1Operation) for FLASH_WaitForLastBank1Operation
[...]
    .ARM.Collect$$libinit$$00000002          0x080001a2   Section        0  libinit2.o(.ARM.Collect$$libinit$$00000002)
    .ARM.Collect$$libinit$$00000004          0x080001a2   Section        0  libinit2.o(.ARM.Collect$$libinit$$00000004)
    .ARM.Collect$$libinit$$0000000A          0x080001a2   Section        0  libinit2.o(.ARM.Collect$$libinit$$0000000A)
    .ARM.Collect$$libinit$$0000000C          0x080001a2   Section        0  libinit2.o(.ARM.Collect$$libinit$$0000000C)
    .ARM.Collect$$libinit$$0000000E          0x080001a2   Section        0  libinit2.o(.ARM.Collect$$libinit$$0000000E)
    .ARM.Collect$$libinit$$00000011          0x080001a2   Section        0  libinit2.o(.ARM.Collect$$libinit$$00000011)
    .ARM.Collect$$libinit$$00000013          0x080001a2   Section        0  libinit2.o(.ARM.Collect$$libinit$$00000013)
    .ARM.Collect$$libinit$$00000015          0x080001a2   Section        0  libinit2.o(.ARM.Collect$$libinit$$00000015)
    .ARM.Collect$$libinit$$00000017          0x080001a2   Section        0  libinit2.o(.ARM.Collect$$libinit$$00000017)
    .ARM.Collect$$libinit$$00000019          0x080001a2   Section        0  libinit2.o(.ARM.Collect$$libinit$$00000019)
    .ARM.Collect$$libinit$$0000001B          0x080001a2   Section        0  libinit2.o(.ARM.Collect$$libinit$$0000001B)
    .ARM.Collect$$libinit$$0000001D          0x080001a2   Section        0  libinit2.o(.ARM.Collect$$libinit$$0000001D)
    .ARM.Collect$$libinit$$0000001F          0x080001a2   Section        0  libinit2.o(.ARM.Collect$$libinit$$0000001F)
    .ARM.Collect$$libinit$$00000021          0x080001a2   Section        0  libinit2.o(.ARM.Collect$$libinit$$00000021)
    .ARM.Collect$$libinit$$00000023          0x080001a2   Section        0  libinit2.o(.ARM.Collect$$libinit$$00000023)
    .ARM.Collect$$libinit$$00000025          0x080001a2   Section        0  libinit2.o(.ARM.Collect$$libinit$$00000025)
    .ARM.Collect$$libinit$$0000002C          0x080001a2   Section        0  libinit2.o(.ARM.Collect$$libinit$$0000002C)
    .ARM.Collect$$libinit$$0000002E          0x080001a2   Section        0  libinit2.o(.ARM.Collect$$libinit$$0000002E)
    .ARM.Collect$$libinit$$00000030          0x080001a2   Section        0  libinit2.o(.ARM.Collect$$libinit$$00000030)
    .ARM.Collect$$libinit$$00000032          0x080001a2   Section        0  libinit2.o(.ARM.Collect$$libinit$$00000032)
    .ARM.Collect$$libinit$$00000033          0x080001a2   Section        2  libinit2.o(.ARM.Collect$$libinit$$00000033)
    .ARM.Collect$$libshutdown$$00000000      0x080001a4   Section        2  libshutdown.o(.ARM.Collect$$libshutdown$$00000000)
    .ARM.Collect$$libshutdown$$00000002      0x080001a6   Section        0  libshutdown2.o(.ARM.Collect$$libshutdown$$00000002)
    .ARM.Collect$$libshutdown$$00000004      0x080001a6   Section        0  libshutdown2.o(.ARM.Collect$$libshutdown$$00000004)
    .ARM.Collect$$libshutdown$$00000006      0x080001a6   Section        0  libshutdown2.o(.ARM.Collect$$libshutdown$$00000006)
    .ARM.Collect$$libshutdown$$00000009      0x080001a6   Section        0  libshutdown2.o(.ARM.Collect$$libshutdown$$00000009)
    .ARM.Collect$$libshutdown$$0000000C      0x080001a6   Section        0  libshutdown2.o(.ARM.Collect$$libshutdown$$0000000C)
    .ARM.Collect$$libshutdown$$0000000E      0x080001a6   Section        0  libshutdown2.o(.ARM.Collect$$libshutdown$$0000000E)
    .ARM.Collect$$libshutdown$$00000011      0x080001a6   Section        0  libshutdown2.o(.ARM.Collect$$libshutdown$$00000011)
    .ARM.Collect$$libshutdown$$00000012      0x080001a6   Section        2  libshutdown2.o(.ARM.Collect$$libshutdown$$00000012)
    .ARM.Collect$$rtentry$$00000000          0x080001a8   Section        0  __rtentry.o(.ARM.Collect$$rtentry$$00000000)
    .ARM.Collect$$rtentry$$00000002          0x080001a8   Section        0  __rtentry2.o(.ARM.Collect$$rtentry$$00000002)
    .ARM.Collect$$rtentry$$00000004          0x080001a8   Section        6  __rtentry4.o(.ARM.Collect$$rtentry$$00000004)
    .ARM.Collect$$rtentry$$00000009          0x080001ae   Section        0  __rtentry2.o(.ARM.Collect$$rtentry$$00000009)
    .ARM.Collect$$rtentry$$0000000A          0x080001ae   Section        4  __rtentry2.o(.ARM.Collect$$rtentry$$0000000A)
    .ARM.Collect$$rtentry$$0000000C          0x080001b2   Section        0  __rtentry2.o(.ARM.Collect$$rtentry$$0000000C)
    .ARM.Collect$$rtentry$$0000000D          0x080001b2   Section        8  __rtentry2.o(.ARM.Collect$$rtentry$$0000000D)
    .ARM.Collect$$rtexit$$00000000           0x080001ba   Section        2  rtexit.o(.ARM.Collect$$rtexit$$00000000)
    .ARM.Collect$$rtexit$$00000002           0x080001bc   Section        0  rtexit2.o(.ARM.Collect$$rtexit$$00000002)
    .ARM.Collect$$rtexit$$00000003           0x080001bc   Section        4  rtexit2.o(.ARM.Collect$$rtexit$$00000003)
    .ARM.Collect$$rtexit$$00000004           0x080001c0   Section        6  rtexit2.o(.ARM.Collect$$rtexit$$00000004)
    .text                                    0x080001c8   Section       64  startup_stm32f10x_md.o(.text)
    .text                                    0x08000208   Section        2  use_no_semi_2.o(.text)
    .text                                    0x0800020a   Section        0  heapauxi.o(.text)
    .text                                    0x08000210   Section        2  use_no_semi.o(.text)
    .text                                    0x08000212   Section       74  sys_stackheap_outer.o(.text)
    .text                                    0x0800025c   Section        0  exit.o(.text)
    .text                                    0x08000270   Section        8  libspace.o(.text)
    i.ADC_Cmd                                0x08000278   Section        0  stm32f10x_adc.o(i.ADC_Cmd)
    i.ADC_DeInit                             0x08000290   Section        0  stm32f10x_adc.o(i.ADC_DeInit)
    i.ADC_GetCalibrationStatus               0x080002ec   Section        0  stm32f10x_adc.o(i.ADC_GetCalibrationStatus)
    i.ADC_GetConversionValue                 0x08000300   Section        0  stm32f10x_adc.o(i.ADC_GetConversionValue)
    i.ADC_GetFlagStatus                      0x08000308   Section        0  stm32f10x_adc.o(i.ADC_GetFlagStatus)
    i.ADC_GetResetCalibrationStatus          0x0800031a   Section        0  stm32f10x_adc.o(i.ADC_GetResetCalibrationStatus)
    i.ADC_Init                               0x08000330   Section        0  stm32f10x_adc.o(i.ADC_Init)
    i.ADC_RegularChannelConfig               0x08000380   Section        0  stm32f10x_adc.o(i.ADC_RegularChannelConfig)
    i.ADC_ResetCalibration                   0x08000438   Section        0  stm32f10x_adc.o(i.ADC_ResetCalibration)
    i.ADC_SoftwareStartConvCmd               0x08000442   Section        0  stm32f10x_adc.o(i.ADC_SoftwareStartConvCmd)
    i.ADC_StartCalibration                   0x08000458   Section        0  stm32f10x_adc.o(i.ADC_StartCalibration)
    i.Adc_Init                               0x08000464   Section        0  adc.o(i.Adc_Init)
    i.Auto_run                               0x080004f8   Section        0  control.o(i.Auto_run)
    i.BusFault_Handler                       0x0800078c   Section        0  stm32f10x_it.o(i.BusFault_Handler)
    i.DataScope                              0x08000790   Section        0  show.o(i.DataScope)
    i.DataScope_Data_Generate                0x08000840   Section        0  datascope_dp.o(i.DataScope_Data_Generate)
    i.DataScope_Get_Channel_Data             0x080008d8   Section        0  datascope_dp.o(i.DataScope_Get_Channel_Data)
    i.DebugMon_Handler                       0x0800097c   Section        0  stm32f10x_it.o(i.DebugMon_Handler)
    i.EXTI15_10_IRQHandler                   0x08000980   Section        0  exti.o(i.EXTI15_10_IRQHandler)
    i.EXTI2_IRQHandler                       0x080009a0   Section        0  exti.o(i.EXTI2_IRQHandler)
    i.EXTIX_Init                             0x080009c0   Section        0  exti.o(i.EXTIX_Init)
    i.EXTI_ClearITPendingBit                 0x08000a94   Section        0  stm32f10x_exti.o(i.EXTI_ClearITPendingBit)
    i.EXTI_Init                              0x08000aa0   Section        0  stm32f10x_exti.o(i.EXTI_Init)
    i.Encoder_Init_TIM2                      0x08000b34   Section        0  encoder.o(i.Encoder_Init_TIM2)
    i.Encoder_Init_TIM4                      0x08000bd4   Section        0  encoder.o(i.Encoder_Init_TIM4)
    i.Find_Zero                              0x08000c70   Section        0  control.o(i.Find_Zero)
    i.Float2Byte                             0x08000e44   Section        0  datascope_dp.o(i.Float2Byte)
    i.GPIO_EXTILineConfig                    0x08000e60   Section        0  stm32f10x_gpio.o(i.GPIO_EXTILineConfig)
    i.GPIO_Init                              0x08000ea0   Section        0  stm32f10x_gpio.o(i.GPIO_Init)
    i.GPIO_PinRemapConfig                    0x08000fb8   Section        0  stm32f10x_gpio.o(i.GPIO_PinRemapConfig)
    i.GPIO_SetBits                           0x08001048   Section        0  stm32f10x_gpio.o(i.GPIO_SetBits)
    i.Get_Adc                                0x0800104c   Section        0  adc.o(i.Get_Adc)
    i.Get_Adc_Average                        0x08001080   Section        0  adc.o(i.Get_Adc_Average)
    i.Get_D_Angle_Balance                    0x080010b0   Section        0  control.o(i.Get_D_Angle_Balance)
    i.HardFault_Handler                      0x08001104   Section        0  stm32f10x_it.o(i.HardFault_Handler)
    i.Incremental_PI                         0x08001108   Section        0  control.o(i.Incremental_PI)
    i.KEY_Init                               0x0800118c   Section        0  key.o(i.KEY_Init)
    i.Key                                    0x080011d4   Section        0  control.o(i.Key)
    i.LED_Init                               0x080012d4   Section        0  led.o(i.LED_Init)
    i.Mean_Filter                            0x08001304   Section        0  control.o(i.Mean_Filter)
    i.MemManage_Handler                      0x08001354   Section        0  stm32f10x_it.o(i.MemManage_Handler)
    i.MiniBalance_Motor_Init                 0x08001358   Section        0  motor.o(i.MiniBalance_Motor_Init)
    i.MiniBalance_PWM_Init                   0x080013c8   Section        0  motor.o(i.MiniBalance_PWM_Init)
    i.NMI_Handler                            0x08001468   Section        0  stm32f10x_it.o(i.NMI_Handler)
    i.NVIC_Init                              0x0800146c   Section        0  misc.o(i.NVIC_Init)
    i.NVIC_PriorityGroupConfig               0x080014dc   Section        0  misc.o(i.NVIC_PriorityGroupConfig)
    i.OLED_Clear                             0x080014f0   Section        0  oled.o(i.OLED_Clear)
    i.OLED_DrawPoint                         0x08001520   Section        0  oled.o(i.OLED_DrawPoint)
    i.OLED_Init                              0x08001588   Section        0  oled.o(i.OLED_Init)
    i.OLED_Refresh_Gram                      0x080016d4   Section        0  oled.o(i.OLED_Refresh_Gram)
    i.OLED_ShowChar                          0x08001720   Section        0  oled.o(i.OLED_ShowChar)
    i.OLED_ShowNumber                        0x080017c8   Section        0  oled.o(i.OLED_ShowNumber)
    i.OLED_ShowString                        0x0800185c   Section        0  oled.o(i.OLED_ShowString)
    i.OLED_WR_Byte                           0x080018a0   Section        0  oled.o(i.OLED_WR_Byte)
    i.PendSV_Handler                         0x080018f8   Section        0  stm32f10x_it.o(i.PendSV_Handler)
    i.Position                               0x080018fc   Section        0  control.o(i.Position)
    i.Position_PID                           0x08001a0c   Section        0  control.o(i.Position_PID)
    i.Pre_Position                           0x08001ad8   Section        0  control.o(i.Pre_Position)
    i.RCC_ADCCLKConfig                       0x08001b68   Section        0  stm32f10x_rcc.o(i.RCC_ADCCLKConfig)
    i.RCC_APB1PeriphClockCmd                 0x08001b80   Section        0  stm32f10x_rcc.o(i.RCC_APB1PeriphClockCmd)
    i.RCC_APB2PeriphClockCmd                 0x08001ba0   Section        0  stm32f10x_rcc.o(i.RCC_APB2PeriphClockCmd)
    i.RCC_APB2PeriphResetCmd                 0x08001bc0   Section        0  stm32f10x_rcc.o(i.RCC_APB2PeriphResetCmd)
    i.RCC_GetClocksFreq                      0x08001be0   Section        0  stm32f10x_rcc.o(i.RCC_GetClocksFreq)
    i.Read_Encoder                           0x08001cb4   Section        0  encoder.o(i.Read_Encoder)
    i.SVC_Handler                            0x08001d04   Section        0  stm32f10x_it.o(i.SVC_Handler)
    i.SetSysClock                            0x08001d06   Section        0  system_stm32f10x.o(i.SetSysClock)
    SetSysClock                              0x08001d07   Thumb Code     8  system_stm32f10x.o(i.SetSysClock)
    i.SetSysClockTo72                        0x08001d10   Section        0  system_stm32f10x.o(i.SetSysClockTo72)
    SetSysClockTo72                          0x08001d11   Thumb Code   214  system_stm32f10x.o(i.SetSysClockTo72)
    i.Set_Pwm                                0x08001df0   Section        0  control.o(i.Set_Pwm)
    i.SysTick_CLKSourceConfig                0x08001e18   Section        0  misc.o(i.SysTick_CLKSourceConfig)
    i.SysTick_Handler                        0x08001e40   Section        0  stm32f10x_it.o(i.SysTick_Handler)
    i.SystemInit                             0x08001e44   Section        0  system_stm32f10x.o(i.SystemInit)
    i.TI1_Config                             0x08001ea4   Section        0  stm32f10x_tim.o(i.TI1_Config)
    TI1_Config                               0x08001ea5   Thumb Code   108  stm32f10x_tim.o(i.TI1_Config)
    i.TI2_Config                             0x08001f24   Section        0  stm32f10x_tim.o(i.TI2_Config)
    TI2_Config                               0x08001f25   Thumb Code   130  stm32f10x_tim.o(i.TI2_Config)
    i.TI3_Config                             0x08001fbc   Section        0  stm32f10x_tim.o(i.TI3_Config)
    TI3_Config                               0x08001fbd   Thumb Code   122  stm32f10x_tim.o(i.TI3_Config)
    i.TI4_Config                             0x0800204c   Section        0  stm32f10x_tim.o(i.TI4_Config)
    TI4_Config                               0x0800204d   Thumb Code   130  stm32f10x_tim.o(i.TI4_Config)
    i.TIM2_IRQHandler                        0x080020e4   Section        0  encoder.o(i.TIM2_IRQHandler)
    i.TIM3_IRQHandler                        0x080020fc   Section        0  control.o(i.TIM3_IRQHandler)
    i.TIM3_Int_Init                          0x08002288   Section        0  timer.o(i.TIM3_Int_Init)
    i.TIM4_IRQHandler                        0x080022e8   Section        0  encoder.o(i.TIM4_IRQHandler)
    i.TIM_ARRPreloadConfig                   0x08002300   Section        0  stm32f10x_tim.o(i.TIM_ARRPreloadConfig)
    i.TIM_ClearFlag                          0x08002318   Section        0  stm32f10x_tim.o(i.TIM_ClearFlag)
    i.TIM_ClearITPendingBit                  0x0800231e   Section        0  stm32f10x_tim.o(i.TIM_ClearITPendingBit)
    i.TIM_Cmd                                0x08002324   Section        0  stm32f10x_tim.o(i.TIM_Cmd)
    i.TIM_CtrlPWMOutputs                     0x0800233c   Section        0  stm32f10x_tim.o(i.TIM_CtrlPWMOutputs)
    i.TIM_EncoderInterfaceConfig             0x0800235a   Section        0  stm32f10x_tim.o(i.TIM_EncoderInterfaceConfig)
    i.TIM_GetITStatus                        0x0800239c   Section        0  stm32f10x_tim.o(i.TIM_GetITStatus)
    i.TIM_ICInit                             0x080023c0   Section        0  stm32f10x_tim.o(i.TIM_ICInit)
    i.TIM_ICStructInit                       0x0800246c   Section        0  stm32f10x_tim.o(i.TIM_ICStructInit)
    i.TIM_ITConfig                           0x0800247e   Section        0  stm32f10x_tim.o(i.TIM_ITConfig)
    i.TIM_OC1Init                            0x08002490   Section        0  stm32f10x_tim.o(i.TIM_OC1Init)
    i.TIM_OC1PreloadConfig                   0x08002528   Section        0  stm32f10x_tim.o(i.TIM_OC1PreloadConfig)
    i.TIM_OC4Init                            0x0800253c   Section        0  stm32f10x_tim.o(i.TIM_OC4Init)
    i.TIM_SetCounter                         0x080025b8   Section        0  stm32f10x_tim.o(i.TIM_SetCounter)
    i.TIM_SetIC1Prescaler                    0x080025bc   Section        0  stm32f10x_tim.o(i.TIM_SetIC1Prescaler)
    i.TIM_SetIC2Prescaler                    0x080025ce   Section        0  stm32f10x_tim.o(i.TIM_SetIC2Prescaler)
    i.TIM_SetIC3Prescaler                    0x080025e8   Section        0  stm32f10x_tim.o(i.TIM_SetIC3Prescaler)
    i.TIM_SetIC4Prescaler                    0x080025fa   Section        0  stm32f10x_tim.o(i.TIM_SetIC4Prescaler)
    i.TIM_TimeBaseInit                       0x08002614   Section        0  stm32f10x_tim.o(i.TIM_TimeBaseInit)
    i.TIM_TimeBaseStructInit                 0x080026b8   Section        0  stm32f10x_tim.o(i.TIM_TimeBaseStructInit)
    i.USART1_IRQHandler                      0x080026cc   Section        0  usart.o(i.USART1_IRQHandler)
    i.USART_Cmd                              0x080027d4   Section        0  stm32f10x_usart.o(i.USART_Cmd)
    i.USART_GetITStatus                      0x080027ec   Section        0  stm32f10x_usart.o(i.USART_GetITStatus)
    i.USART_ITConfig                         0x08002840   Section        0  stm32f10x_usart.o(i.USART_ITConfig)
    i.USART_Init                             0x0800288c   Section        0  stm32f10x_usart.o(i.USART_Init)
    i.USART_ReceiveData                      0x08002964   Section        0  stm32f10x_usart.o(i.USART_ReceiveData)
    i.UsageFault_Handler                     0x0800296e   Section        0  stm32f10x_it.o(i.UsageFault_Handler)
    i.Xianfu_Pwm                             0x08002974   Section        0  control.o(i.Xianfu_Pwm)
    i._sys_exit                              0x0800299c   Section        0  usart.o(i._sys_exit)
    i.balance                                0x080029a4   Section        0  control.o(i.balance)
    i.click_N_Double                         0x08002a04   Section        0  key.o(i.click_N_Double)
    i.delay_init                             0x08002ad4   Section        0  delay.o(i.delay_init)
    i.delay_ms                               0x08002b18   Section        0  delay.o(i.delay_ms)
    i.delay_us                               0x08002b64   Section        0  delay.o(i.delay_us)
    i.main                                   0x08002bb0   Section        0  main.o(i.main)
    i.oled_pow                               0x08002c20   Section        0  oled.o(i.oled_pow)
    i.oled_show                              0x08002c38   Section        0  show.o(i.oled_show)
    i.uart_init                              0x08002e00   Section        0  usart.o(i.uart_init)
    x$fpl$d2f                                0x08002ea4   Section       98  d2f.o(x$fpl$d2f)
    x$fpl$dadd                               0x08002f08   Section      336  daddsub_clz.o(x$fpl$dadd)
    _dadd1                                   0x08002f19   Thumb Code     0  daddsub_clz.o(x$fpl$dadd)
    x$fpl$ddiv                               0x08003058   Section      688  ddiv.o(x$fpl$ddiv)
    ddiv_entry                               0x0800305f   Thumb Code     0  ddiv.o(x$fpl$ddiv)
    x$fpl$dfix                               0x08003308   Section       94  dfix.o(x$fpl$dfix)
    x$fpl$dflt                               0x08003366   Section       46  dflt_clz.o(x$fpl$dflt)
    x$fpl$dfltu                              0x08003394   Section       38  dflt_clz.o(x$fpl$dfltu)
    x$fpl$dmul                               0x080033bc   Section      340  dmul.o(x$fpl$dmul)
    x$fpl$dnaninf                            0x08003510   Section      156  dnaninf.o(x$fpl$dnaninf)
    x$fpl$dretinf                            0x080035ac   Section       12  dretinf.o(x$fpl$dretinf)
    x$fpl$dsub                               0x080035b8   Section      468  daddsub_clz.o(x$fpl$dsub)
    _dsub1                                   0x080035c9   Thumb Code     0  daddsub_clz.o(x$fpl$dsub)
    x$fpl$f2d                                0x0800378c   Section       86  f2d.o(x$fpl$f2d)
    x$fpl$fadd                               0x080037e4   Section      196  faddsub_clz.o(x$fpl$fadd)
    _fadd1                                   0x080037f3   Thumb Code     0  faddsub_clz.o(x$fpl$fadd)
    x$fpl$fcmpinf                            0x080038a8   Section       24  fcmpi.o(x$fpl$fcmpinf)
    x$fpl$fdiv                               0x080038c0   Section      388  fdiv.o(x$fpl$fdiv)
    _fdiv1                                   0x080038c1   Thumb Code     0  fdiv.o(x$fpl$fdiv)
    x$fpl$ffix                               0x08003a44   Section       54  ffix.o(x$fpl$ffix)
    x$fpl$ffixu                              0x08003a7c   Section       62  ffixu.o(x$fpl$ffixu)
    x$fpl$fflt                               0x08003abc   Section       48  fflt_clz.o(x$fpl$fflt)
    x$fpl$ffltu                              0x08003aec   Section       38  fflt_clz.o(x$fpl$ffltu)
    x$fpl$fleqf                              0x08003b14   Section      104  fleqf.o(x$fpl$fleqf)
    x$fpl$fmul                               0x08003b7c   Section      258  fmul.o(x$fpl$fmul)
    x$fpl$fnaninf                            0x08003c7e   Section      140  fnaninf.o(x$fpl$fnaninf)
    x$fpl$fretinf                            0x08003d0a   Section       10  fretinf.o(x$fpl$fretinf)
    x$fpl$frleqf                             0x08003d14   Section       98  frleqf.o(x$fpl$frleqf)
    x$fpl$fsub                               0x08003d78   Section      234  faddsub_clz.o(x$fpl$fsub)
    _fsub1                                   0x08003d87   Thumb Code     0  faddsub_clz.o(x$fpl$fsub)
    .constdata                               0x08003e62   Section     2660  oled.o(.constdata)
    x$fpl$usenofp                            0x08003e62   Section        0  usenofp.o(x$fpl$usenofp)
    .data                                    0x20000000   Section       84  main.o(.data)
    .data                                    0x20000054   Section       20  system_stm32f10x.o(.data)
    .data                                    0x20000068   Section       20  stm32f10x_rcc.o(.data)
    APBAHBPrescTable                         0x20000068   Data          16  stm32f10x_rcc.o(.data)
    ADCPrescTable                            0x20000078   Data           4  stm32f10x_rcc.o(.data)
    .data                                    0x2000007c   Section       14  key.o(.data)
    flag_key                                 0x2000007c   Data           1  key.o(.data)
    count_key                                0x2000007d   Data           1  key.o(.data)
    double_key                               0x2000007e   Data           1  key.o(.data)
    count_single                             0x20000080   Data           2  key.o(.data)
    Forever_count                            0x20000082   Data           2  key.o(.data)
    flag_key                                 0x20000084   Data           1  key.o(.data)
    Long_Press_count                         0x20000086   Data           2  key.o(.data)
    Long_Press                               0x20000088   Data           2  key.o(.data)
    .data                                    0x2000008a   Section        4  delay.o(.data)
    fac_us                                   0x2000008a   Data           1  delay.o(.data)
    fac_ms                                   0x2000008c   Data           2  delay.o(.data)
    .data                                    0x20000090   Section       14  usart.o(.data)
    .data                                    0x200000a0   Section        8  show.o(.data)
    .data                                    0x200000a8   Section      152  control.o(.data)
    Last_Bias                                0x200000e4   Data           4  control.o(.data)
    D_Bias                                   0x200000e8   Data           4  control.o(.data)
    Position_PWM                             0x200000ec   Data           4  control.o(.data)
    Last_Position                            0x200000f0   Data           4  control.o(.data)
    Position_Bias                            0x200000f4   Data           4  control.o(.data)
    Position_Differential                    0x200000f8   Data           4  control.o(.data)
    Position_Least                           0x200000fc   Data           4  control.o(.data)
    Position_PWM                             0x20000100   Data           4  control.o(.data)
    Last_Position                            0x20000104   Data           4  control.o(.data)
    Position_Bias                            0x20000108   Data           4  control.o(.data)
    Position_Differential                    0x2000010c   Data           4  control.o(.data)
    count                                    0x20000110   Data           1  control.o(.data)
    tmp                                      0x20000114   Data           4  control.o(.data)
    count                                    0x20000118   Data           4  control.o(.data)
    Bias                                     0x2000011c   Data           4  control.o(.data)
    Pwm                                      0x20000120   Data           4  control.o(.data)
    Integral_bias                            0x20000124   Data           4  control.o(.data)
    Last_Bias                                0x20000128   Data           4  control.o(.data)
    Bias                                     0x2000012c   Data           4  control.o(.data)
    Pwm                                      0x20000130   Data           4  control.o(.data)
    Last_bias                                0x20000134   Data           4  control.o(.data)
    Speed_Buf                                0x20000138   Data           8  control.o(.data)
    .bss                                     0x20000140   Section     1024  oled.o(.bss)
    .bss                                     0x20000540   Section      200  usart.o(.bss)
    .bss                                     0x20000608   Section       42  datascope_dp.o(.bss)
    .bss                                     0x20000634   Section       96  libspace.o(.bss)
    HEAP                                     0x20000698   Section      512  startup_stm32f10x_md.o(HEAP)
    Heap_Mem                                 0x20000698   Data         512  startup_stm32f10x_md.o(HEAP)
    STACK                                    0x20000898   Section     1024  startup_stm32f10x_md.o(STACK)
    Stack_Mem                                0x20000898   Data        1024  startup_stm32f10x_md.o(STACK)
    __initial_sp                             0x20000c98   Data           0  startup_stm32f10x_md.o(STACK)

    Global Symbols

    Symbol Name                              Value     Ov Type        Size  Object(Section)

    BuildAttributes$$THM_ISAv4$P$D$K$B$S$PE$A:L22UL41UL21$X:L11$S22US41US21$IEEE1$IW$USESV6$~STKCKD$USESV7$~SHL$OSPACE$ROPI$EBA8$UX$STANDARDLIB$REQ8$PRES8$EABIv2 0x00000000   Number         0  anon$$obj.o ABSOLUTE
    __ARM_use_no_argv                        0x00000000   Number         0  main.o ABSOLUTE
    __ARM_exceptions_init                     - Undefined Weak Reference
    __alloca_initialize                       - Undefined Weak Reference
    __arm_fini_                               - Undefined Weak Reference
    __arm_preinit_                            - Undefined Weak Reference
    __cpp_initialize__aeabi_                  - Undefined Weak Reference
    __cxa_finalize                            - Undefined Weak Reference
    __rt_locale                               - Undefined Weak Reference
    __sigvec_lookup                           - Undefined Weak Reference
    _atexit_init                              - Undefined Weak Reference
    _call_atexit_fns                          - Undefined Weak Reference
    _clock_init                               - Undefined Weak Reference
    _fp_trap_init                             - Undefined Weak Reference
    _fp_trap_shutdown                         - Undefined Weak Reference
    _get_lc_collate                           - Undefined Weak Reference
    _get_lc_ctype                             - Undefined Weak Reference
    _get_lc_monetary                          - Undefined Weak Reference
    _get_lc_numeric                           - Undefined Weak Reference
    _get_lc_time                              - Undefined Weak Reference
    _getenv_init                              - Undefined Weak Reference
    _handle_redirection                       - Undefined Weak Reference
    _init_alloc                               - Undefined Weak Reference
    _init_user_alloc                          - Undefined Weak Reference
    _initio                                   - Undefined Weak Reference
    _rand_init                                - Undefined Weak Reference
    _signal_finish                            - Undefined Weak Reference
    _signal_init                              - Undefined Weak Reference
    _terminate_alloc                          - Undefined Weak Reference
    _terminate_user_alloc                     - Undefined Weak Reference
    _terminateio                              - Undefined Weak Reference
    __Vectors_Size                           0x000000ec   Number         0  startup_stm32f10x_md.o ABSOLUTE
    __Vectors                                0x08000000   Data           4  startup_stm32f10x_md.o(RESET)
    __Vectors_End                            0x080000ec   Data           0  startup_stm32f10x_md.o(RESET)
    __main                                   0x080000ed   Thumb Code     8  __main.o(!!!main)
    __scatterload                            0x080000f5   Thumb Code     0  __scatter.o(!!!scatter)
    __scatterload_rt2                        0x080000f5   Thumb Code    44  __scatter.o(!!!scatter)
    __scatterload_rt2_thumb_only             0x080000f5   Thumb Code     0  __scatter.o(!!!scatter)
    __scatterload_null                       0x08000103   Thumb Code     0  __scatter.o(!!!scatter)
    __decompress                             0x08000129   Thumb Code    90  __dczerorl2.o(!!dczerorl2)
    __decompress1                            0x08000129   Thumb Code     0  __dczerorl2.o(!!dczerorl2)
    __scatterload_zeroinit                   0x08000185   Thumb Code    28  __scatter_zi.o(!!handler_zi)
    __rt_lib_init                            0x080001a1   Thumb Code     0  libinit.o(.ARM.Collect$$libinit$$00000000)
    __rt_lib_init_alloca_1                   0x080001a3   Thumb Code     0  libinit2.o(.ARM.Collect$$libinit$$0000002E)
    __rt_lib_init_argv_1                     0x080001a3   Thumb Code     0  libinit2.o(.ARM.Collect$$libinit$$0000002C)
    __rt_lib_init_atexit_1                   0x080001a3   Thumb Code     0  libinit2.o(.ARM.Collect$$libinit$$0000001B)
    __rt_lib_init_clock_1                    0x080001a3   Thumb Code     0  libinit2.o(.ARM.Collect$$libinit$$00000021)
    __rt_lib_init_cpp_1                      0x080001a3   Thumb Code     0  libinit2.o(.ARM.Collect$$libinit$$00000032)
    __rt_lib_init_exceptions_1               0x080001a3   Thumb Code     0  libinit2.o(.ARM.Collect$$libinit$$00000030)
    __rt_lib_init_fp_1                       0x080001a3   Thumb Code     0  libinit2.o(.ARM.Collect$$libinit$$00000002)
    __rt_lib_init_fp_trap_1                  0x080001a3   Thumb Code     0  libinit2.o(.ARM.Collect$$libinit$$0000001F)
    __rt_lib_init_getenv_1                   0x080001a3   Thumb Code     0  libinit2.o(.ARM.Collect$$libinit$$00000023)
    __rt_lib_init_heap_1                     0x080001a3   Thumb Code     0  libinit2.o(.ARM.Collect$$libinit$$0000000A)
    __rt_lib_init_lc_collate_1               0x080001a3   Thumb Code     0  libinit2.o(.ARM.Collect$$libinit$$00000011)
    __rt_lib_init_lc_ctype_1                 0x080001a3   Thumb Code     0  libinit2.o(.ARM.Collect$$libinit$$00000013)
    __rt_lib_init_lc_monetary_1              0x080001a3   Thumb Code     0  libinit2.o(.ARM.Collect$$libinit$$00000015)
    __rt_lib_init_lc_numeric_1               0x080001a3   Thumb Code     0  libinit2.o(.ARM.Collect$$libinit$$00000017)
    __rt_lib_init_lc_time_1                  0x080001a3   Thumb Code     0  libinit2.o(.ARM.Collect$$libinit$$00000019)
    __rt_lib_init_preinit_1                  0x080001a3   Thumb Code     0  libinit2.o(.ARM.Collect$$libinit$$00000004)
    __rt_lib_init_rand_1                     0x080001a3   Thumb Code     0  libinit2.o(.ARM.Collect$$libinit$$0000000E)
    __rt_lib_init_return                     0x080001a3   Thumb Code     0  libinit2.o(.ARM.Collect$$libinit$$00000033)
    __rt_lib_init_signal_1                   0x080001a3   Thumb Code     0  libinit2.o(.ARM.Collect$$libinit$$0000001D)
    __rt_lib_init_stdio_1                    0x080001a3   Thumb Code     0  libinit2.o(.ARM.Collect$$libinit$$00000025)
    __rt_lib_init_user_alloc_1               0x080001a3   Thumb Code     0  libinit2.o(.ARM.Collect$$libinit$$0000000C)
    __rt_lib_shutdown                        0x080001a5   Thumb Code     0  libshutdown.o(.ARM.Collect$$libshutdown$$00000000)
    __rt_lib_shutdown_cpp_1                  0x080001a7   Thumb Code     0  libshutdown2.o(.ARM.Collect$$libshutdown$$00000004)
    __rt_lib_shutdown_fini_1                 0x080001a7   Thumb Code     0  libshutdown2.o(.ARM.Collect$$libshutdown$$00000002)
    __rt_lib_shutdown_fp_trap_1              0x080001a7   Thumb Code     0  libshutdown2.o(.ARM.Collect$$libshutdown$$00000009)
    __rt_lib_shutdown_heap_1                 0x080001a7   Thumb Code     0  libshutdown2.o(.ARM.Collect$$libshutdown$$00000011)
    __rt_lib_shutdown_return                 0x080001a7   Thumb Code     0  libshutdown2.o(.ARM.Collect$$libshutdown$$00000012)
    __rt_lib_shutdown_signal_1               0x080001a7   Thumb Code     0  libshutdown2.o(.ARM.Collect$$libshutdown$$0000000C)
    __rt_lib_shutdown_stdio_1                0x080001a7   Thumb Code     0  libshutdown2.o(.ARM.Collect$$libshutdown$$00000006)
    __rt_lib_shutdown_user_alloc_1           0x080001a7   Thumb Code     0  libshutdown2.o(.ARM.Collect$$libshutdown$$0000000E)
    __rt_entry                               0x080001a9   Thumb Code     0  __rtentry.o(.ARM.Collect$$rtentry$$00000000)
    __rt_entry_presh_1                       0x080001a9   Thumb Code     0  __rtentry2.o(.ARM.Collect$$rtentry$$00000002)
    __rt_entry_sh                            0x080001a9   Thumb Code     0  __rtentry4.o(.ARM.Collect$$rtentry$$00000004)
    __rt_entry_li                            0x080001af   Thumb Code     0  __rtentry2.o(.ARM.Collect$$rtentry$$0000000A)
    __rt_entry_postsh_1                      0x080001af   Thumb Code     0  __rtentry2.o(.ARM.Collect$$rtentry$$00000009)
    __rt_entry_main                          0x080001b3   Thumb Code     0  __rtentry2.o(.ARM.Collect$$rtentry$$0000000D)
    __rt_entry_postli_1                      0x080001b3   Thumb Code     0  __rtentry2.o(.ARM.Collect$$rtentry$$0000000C)
    __rt_exit                                0x080001bb   Thumb Code     0  rtexit.o(.ARM.Collect$$rtexit$$00000000)
    __rt_exit_ls                             0x080001bd   Thumb Code     0  rtexit2.o(.ARM.Collect$$rtexit$$00000003)
    __rt_exit_prels_1                        0x080001bd   Thumb Code     0  rtexit2.o(.ARM.Collect$$rtexit$$00000002)
    __rt_exit_exit                           0x080001c1   Thumb Code     0  rtexit2.o(.ARM.Collect$$rtexit$$00000004)
    Reset_Handler                            0x080001c9   Thumb Code     8  startup_stm32f10x_md.o(.text)
    ADC1_2_IRQHandler                        0x080001e3   Thumb Code     0  startup_stm32f10x_md.o(.text)
    CAN1_RX1_IRQHandler                      0x080001e3   Thumb Code     0  startup_stm32f10x_md.o(.text)
    CAN1_SCE_IRQHandler                      0x080001e3   Thumb Code     0  startup_stm32f10x_md.o(.text)
    DMA1_Channel1_IRQHandler                 0x080001e3   Thumb Code     0  startup_stm32f10x_md.o(.text)
    DMA1_Channel2_IRQHandler                 0x080001e3   Thumb Code     0  startup_stm32f10x_md.o(.text)
    DMA1_Channel3_IRQHandler                 0x080001e3   Thumb Code     0  startup_stm32f10x_md.o(.text)
    DMA1_Channel4_IRQHandler                 0x080001e3   Thumb Code     0  startup_stm32f10x_md.o(.text)
    DMA1_Channel5_IRQHandler                 0x080001e3   Thumb Code     0  startup_stm32f10x_md.o(.text)
    DMA1_Channel6_IRQHandler                 0x080001e3   Thumb Code     0  startup_stm32f10x_md.o(.text)
    DMA1_Channel7_IRQHandler                 0x080001e3   Thumb Code     0  startup_stm32f10x_md.o(.text)
    EXTI0_IRQHandler                         0x080001e3   Thumb Code     0  startup_stm32f10x_md.o(.text)
    EXTI1_IRQHandler                         0x080001e3   Thumb Code     0  startup_stm32f10x_md.o(.text)
    EXTI3_IRQHandler                         0x080001e3   Thumb Code     0  startup_stm32f10x_md.o(.text)
    EXTI4_IRQHandler                         0x080001e3   Thumb Code     0  startup_stm32f10x_md.o(.text)
    EXTI9_5_IRQHandler                       0x080001e3   Thumb Code     0  startup_stm32f10x_md.o(.text)
    FLASH_IRQHandler                         0x080001e3   Thumb Code     0  startup_stm32f10x_md.o(.text)
    I2C1_ER_IRQHandler                       0x080001e3   Thumb Code     0  startup_stm32f10x_md.o(.text)
    I2C1_EV_IRQHandler                       0x080001e3   Thumb Code     0  startup_stm32f10x_md.o(.text)
    I2C2_ER_IRQHandler                       0x080001e3   Thumb Code     0  startup_stm32f10x_md.o(.text)
    I2C2_EV_IRQHandler                       0x080001e3   Thumb Code     0  startup_stm32f10x_md.o(.text)
    PVD_IRQHandler                           0x080001e3   Thumb Code     0  startup_stm32f10x_md.o(.text)
    RCC_IRQHandler                           0x080001e3   Thumb Code     0  startup_stm32f10x_md.o(.text)
    RTCAlarm_IRQHandler                      0x080001e3   Thumb Code     0  startup_stm32f10x_md.o(.text)
    RTC_IRQHandler                           0x080001e3   Thumb Code     0  startup_stm32f10x_md.o(.text)
    SPI1_IRQHandler                          0x080001e3   Thumb Code     0  startup_stm32f10x_md.o(.text)
    SPI2_IRQHandler                          0x080001e3   Thumb Code     0  startup_stm32f10x_md.o(.text)
    TAMPER_IRQHandler                        0x080001e3   Thumb Code     0  startup_stm32f10x_md.o(.text)
    TIM1_BRK_IRQHandler                      0x080001e3   Thumb Code     0  startup_stm32f10x_md.o(.text)
    TIM1_CC_IRQHandler                       0x080001e3   Thumb Code     0  startup_stm32f10x_md.o(.text)
    TIM1_TRG_COM_IRQHandler                  0x080001e3   Thumb Code     0  startup_stm32f10x_md.o(.text)
    TIM1_UP_IRQHandler                       0x080001e3   Thumb Code     0  startup_stm32f10x_md.o(.text)
    USART2_IRQHandler                        0x080001e3   Thumb Code     0  startup_stm32f10x_md.o(.text)
    USART3_IRQHandler                        0x080001e3   Thumb Code     0  startup_stm32f10x_md.o(.text)
    USBWakeUp_IRQHandler                     0x080001e3   Thumb Code     0  startup_stm32f10x_md.o(.text)
    USB_HP_CAN1_TX_IRQHandler                0x080001e3   Thumb Code     0  startup_stm32f10x_md.o(.text)
    USB_LP_CAN1_RX0_IRQHandler               0x080001e3   Thumb Code     0  startup_stm32f10x_md.o(.text)
    WWDG_IRQHandler                          0x080001e3   Thumb Code     0  startup_stm32f10x_md.o(.text)
    __user_initial_stackheap                 0x080001e5   Thumb Code     0  startup_stm32f10x_md.o(.text)
    __use_no_semihosting                     0x08000209   Thumb Code     2  use_no_semi_2.o(.text)
    __use_two_region_memory                  0x0800020b   Thumb Code     2  heapauxi.o(.text)
    __rt_heap_escrow$2region                 0x0800020d   Thumb Code     2  heapauxi.o(.text)
    __rt_heap_expand$2region                 0x0800020f   Thumb Code     2  heapauxi.o(.text)
    __I$use$semihosting                      0x08000211   Thumb Code     0  use_no_semi.o(.text)
    __use_no_semihosting_swi                 0x08000211   Thumb Code     2  use_no_semi.o(.text)
    __user_setup_stackheap                   0x08000213   Thumb Code    74  sys_stackheap_outer.o(.text)
    exit                                     0x0800025d   Thumb Code    18  exit.o(.text)
    __user_libspace                          0x08000271   Thumb Code     8  libspace.o(.text)
    __user_perproc_libspace                  0x08000271   Thumb Code     0  libspace.o(.text)
    __user_perthread_libspace                0x08000271   Thumb Code     0  libspace.o(.text)
    ADC_Cmd                                  0x08000279   Thumb Code    22  stm32f10x_adc.o(i.ADC_Cmd)
    ADC_DeInit                               0x08000291   Thumb Code    78  stm32f10x_adc.o(i.ADC_DeInit)
    ADC_GetCalibrationStatus                 0x080002ed   Thumb Code    20  stm32f10x_adc.o(i.ADC_GetCalibrationStatus)
    ADC_GetConversionValue                   0x08000301   Thumb Code     8  stm32f10x_adc.o(i.ADC_GetConversionValue)
    ADC_GetFlagStatus                        0x08000309   Thumb Code    18  stm32f10x_adc.o(i.ADC_GetFlagStatus)
    ADC_GetResetCalibrationStatus            0x0800031b   Thumb Code    20  stm32f10x_adc.o(i.ADC_GetResetCalibrationStatus)
    ADC_Init                                 0x08000331   Thumb Code    70  stm32f10x_adc.o(i.ADC_Init)
    ADC_RegularChannelConfig                 0x08000381   Thumb Code   184  stm32f10x_adc.o(i.ADC_RegularChannelConfig)
    ADC_ResetCalibration                     0x08000439   Thumb Code    10  stm32f10x_adc.o(i.ADC_ResetCalibration)
    ADC_SoftwareStartConvCmd                 0x08000443   Thumb Code    22  stm32f10x_adc.o(i.ADC_SoftwareStartConvCmd)
    ADC_StartCalibration                     0x08000459   Thumb Code    10  stm32f10x_adc.o(i.ADC_StartCalibration)
    Adc_Init                                 0x08000465   Thumb Code   140  adc.o(i.Adc_Init)
    Auto_run                                 0x080004f9   Thumb Code   520  control.o(i.Auto_run)
    BusFault_Handler                         0x0800078d   Thumb Code     4  stm32f10x_it.o(i.BusFault_Handler)
    DataScope                                0x08000791   Thumb Code   140  show.o(i.DataScope)
    DataScope_Data_Generate                  0x08000841   Thumb Code   148  datascope_dp.o(i.DataScope_Data_Generate)
    DataScope_Get_Channel_Data               0x080008d9   Thumb Code   158  datascope_dp.o(i.DataScope_Get_Channel_Data)
    DebugMon_Handler                         0x0800097d   Thumb Code     2  stm32f10x_it.o(i.DebugMon_Handler)
    EXTI15_10_IRQHandler                     0x08000981   Thumb Code    24  exti.o(i.EXTI15_10_IRQHandler)
    EXTI2_IRQHandler                         0x080009a1   Thumb Code    22  exti.o(i.EXTI2_IRQHandler)
    EXTIX_Init                               0x080009c1   Thumb Code   204  exti.o(i.EXTIX_Init)
    EXTI_ClearITPendingBit                   0x08000a95   Thumb Code     6  stm32f10x_exti.o(i.EXTI_ClearITPendingBit)
    EXTI_Init                                0x08000aa1   Thumb Code   142  stm32f10x_exti.o(i.EXTI_Init)
    Encoder_Init_TIM2                        0x08000b35   Thumb Code   154  encoder.o(i.Encoder_Init_TIM2)
    Encoder_Init_TIM4                        0x08000bd5   Thumb Code   148  encoder.o(i.Encoder_Init_TIM4)
    Find_Zero                                0x08000c71   Thumb Code   362  control.o(i.Find_Zero)
    Float2Byte                               0x08000e45   Thumb Code    28  datascope_dp.o(i.Float2Byte)
    GPIO_EXTILineConfig                      0x08000e61   Thumb Code    60  stm32f10x_gpio.o(i.GPIO_EXTILineConfig)
    GPIO_Init                                0x08000ea1   Thumb Code   278  stm32f10x_gpio.o(i.GPIO_Init)
    GPIO_PinRemapConfig                      0x08000fb9   Thumb Code   138  stm32f10x_gpio.o(i.GPIO_PinRemapConfig)
    GPIO_SetBits                             0x08001049   Thumb Code     4  stm32f10x_gpio.o(i.GPIO_SetBits)
    Get_Adc                                  0x0800104d   Thumb Code    46  adc.o(i.Get_Adc)
    Get_Adc_Average                          0x08001081   Thumb Code    46  adc.o(i.Get_Adc_Average)
    Get_D_Angle_Balance                      0x080010b1   Thumb Code    66  control.o(i.Get_D_Angle_Balance)
    HardFault_Handler                        0x08001105   Thumb Code     4  stm32f10x_it.o(i.HardFault_Handler)
    Incremental_PI                           0x08001109   Thumb Code   110  control.o(i.Incremental_PI)
    KEY_Init                                 0x0800118d   Thumb Code    62  key.o(i.KEY_Init)
    Key                                      0x080011d5   Thumb Code   206  control.o(i.Key)
    LED_Init                                 0x080012d5   Thumb Code    44  led.o(i.LED_Init)
    Mean_Filter                              0x08001305   Thumb Code    74  control.o(i.Mean_Filter)
    MemManage_Handler                        0x08001355   Thumb Code     4  stm32f10x_it.o(i.MemManage_Handler)
    MiniBalance_Motor_Init                   0x08001359   Thumb Code    98  motor.o(i.MiniBalance_Motor_Init)
    MiniBalance_PWM_Init                     0x080013c9   Thumb Code   152  motor.o(i.MiniBalance_PWM_Init)
    NMI_Handler                              0x08001469   Thumb Code     2  stm32f10x_it.o(i.NMI_Handler)
    NVIC_Init                                0x0800146d   Thumb Code   100  misc.o(i.NVIC_Init)
    NVIC_PriorityGroupConfig                 0x080014dd   Thumb Code    10  misc.o(i.NVIC_PriorityGroupConfig)
    OLED_Clear                               0x080014f1   Thumb Code    42  oled.o(i.OLED_Clear)
    OLED_DrawPoint                           0x08001521   Thumb Code   100  oled.o(i.OLED_DrawPoint)
    OLED_Init                                0x08001589   Thumb Code   312  oled.o(i.OLED_Init)
    OLED_Refresh_Gram                        0x080016d5   Thumb Code    70  oled.o(i.OLED_Refresh_Gram)
    OLED_ShowChar                            0x08001721   Thumb Code   158  oled.o(i.OLED_ShowChar)
    OLED_ShowNumber                          0x080017c9   Thumb Code   148  oled.o(i.OLED_ShowNumber)
    OLED_ShowString                          0x0800185d   Thumb Code    68  oled.o(i.OLED_ShowString)
    OLED_WR_Byte                             0x080018a1   Thumb Code    78  oled.o(i.OLED_WR_Byte)
    PendSV_Handler                           0x080018f9   Thumb Code     2  stm32f10x_it.o(i.PendSV_Handler)
    Position                                 0x080018fd   Thumb Code   216  control.o(i.Position)
    Position_PID                             0x08001a0d   Thumb Code   176  control.o(i.Position_PID)
    Pre_Position                             0x08001ad9   Thumb Code   110  control.o(i.Pre_Position)
    RCC_ADCCLKConfig                         0x08001b69   Thumb Code    18  stm32f10x_rcc.o(i.RCC_ADCCLKConfig)
    RCC_APB1PeriphClockCmd                   0x08001b81   Thumb Code    26  stm32f10x_rcc.o(i.RCC_APB1PeriphClockCmd)
    RCC_APB2PeriphClockCmd                   0x08001ba1   Thumb Code    26  stm32f10x_rcc.o(i.RCC_APB2PeriphClockCmd)
    RCC_APB2PeriphResetCmd                   0x08001bc1   Thumb Code    26  stm32f10x_rcc.o(i.RCC_APB2PeriphResetCmd)
    RCC_GetClocksFreq                        0x08001be1   Thumb Code   192  stm32f10x_rcc.o(i.RCC_GetClocksFreq)
    Read_Encoder                             0x08001cb5   Thumb Code    70  encoder.o(i.Read_Encoder)
    SVC_Handler                              0x08001d05   Thumb Code     2  stm32f10x_it.o(i.SVC_Handler)
    Set_Pwm                                  0x08001df1   Thumb Code    32  control.o(i.Set_Pwm)
    SysTick_CLKSourceConfig                  0x08001e19   Thumb Code    40  misc.o(i.SysTick_CLKSourceConfig)
    SysTick_Handler                          0x08001e41   Thumb Code     2  stm32f10x_it.o(i.SysTick_Handler)
    SystemInit                               0x08001e45   Thumb Code    78  system_stm32f10x.o(i.SystemInit)
    TIM2_IRQHandler                          0x080020e5   Thumb Code    24  encoder.o(i.TIM2_IRQHandler)
    TIM3_IRQHandler                          0x080020fd   Thumb Code   302  control.o(i.TIM3_IRQHandler)
    TIM3_Int_Init                            0x08002289   Thumb Code    90  timer.o(i.TIM3_Int_Init)
    TIM4_IRQHandler                          0x080022e9   Thumb Code    18  encoder.o(i.TIM4_IRQHandler)
    TIM_ARRPreloadConfig                     0x08002301   Thumb Code    24  stm32f10x_tim.o(i.TIM_ARRPreloadConfig)
    TIM_ClearFlag                            0x08002319   Thumb Code     6  stm32f10x_tim.o(i.TIM_ClearFlag)
    TIM_ClearITPendingBit                    0x0800231f   Thumb Code     6  stm32f10x_tim.o(i.TIM_ClearITPendingBit)
    TIM_Cmd                                  0x08002325   Thumb Code    24  stm32f10x_tim.o(i.TIM_Cmd)
    TIM_CtrlPWMOutputs                       0x0800233d   Thumb Code    30  stm32f10x_tim.o(i.TIM_CtrlPWMOutputs)
    TIM_EncoderInterfaceConfig               0x0800235b   Thumb Code    66  stm32f10x_tim.o(i.TIM_EncoderInterfaceConfig)
    TIM_GetITStatus                          0x0800239d   Thumb Code    34  stm32f10x_tim.o(i.TIM_GetITStatus)
    TIM_ICInit                               0x080023c1   Thumb Code   150  stm32f10x_tim.o(i.TIM_ICInit)
    TIM_ICStructInit                         0x0800246d   Thumb Code    18  stm32f10x_tim.o(i.TIM_ICStructInit)
    TIM_ITConfig                             0x0800247f   Thumb Code    18  stm32f10x_tim.o(i.TIM_ITConfig)
    TIM_OC1Init                              0x08002491   Thumb Code   132  stm32f10x_tim.o(i.TIM_OC1Init)
    TIM_OC1PreloadConfig                     0x08002529   Thumb Code    18  stm32f10x_tim.o(i.TIM_OC1PreloadConfig)
    TIM_OC4Init                              0x0800253d   Thumb Code   114  stm32f10x_tim.o(i.TIM_OC4Init)
    TIM_SetCounter                           0x080025b9   Thumb Code     4  stm32f10x_tim.o(i.TIM_SetCounter)
    TIM_SetIC1Prescaler                      0x080025bd   Thumb Code    18  stm32f10x_tim.o(i.TIM_SetIC1Prescaler)
    TIM_SetIC2Prescaler                      0x080025cf   Thumb Code    26  stm32f10x_tim.o(i.TIM_SetIC2Prescaler)
    TIM_SetIC3Prescaler                      0x080025e9   Thumb Code    18  stm32f10x_tim.o(i.TIM_SetIC3Prescaler)
    TIM_SetIC4Prescaler                      0x080025fb   Thumb Code    26  stm32f10x_tim.o(i.TIM_SetIC4Prescaler)
    TIM_TimeBaseInit                         0x08002615   Thumb Code   122  stm32f10x_tim.o(i.TIM_TimeBaseInit)
    TIM_TimeBaseStructInit                   0x080026b9   Thumb Code    18  stm32f10x_tim.o(i.TIM_TimeBaseStructInit)
    USART1_IRQHandler                        0x080026cd   Thumb Code   222  usart.o(i.USART1_IRQHandler)
    USART_Cmd                                0x080027d5   Thumb Code    24  stm32f10x_usart.o(i.USART_Cmd)
    USART_GetITStatus                        0x080027ed   Thumb Code    84  stm32f10x_usart.o(i.USART_GetITStatus)
    USART_ITConfig                           0x08002841   Thumb Code    74  stm32f10x_usart.o(i.USART_ITConfig)
    USART_Init                               0x0800288d   Thumb Code   210  stm32f10x_usart.o(i.USART_Init)
    USART_ReceiveData                        0x08002965   Thumb Code    10  stm32f10x_usart.o(i.USART_ReceiveData)
    UsageFault_Handler                       0x0800296f   Thumb Code     4  stm32f10x_it.o(i.UsageFault_Handler)
    Xianfu_Pwm                               0x08002975   Thumb Code    34  control.o(i.Xianfu_Pwm)
    _sys_exit                                0x0800299d   Thumb Code     6  usart.o(i._sys_exit)
    balance                                  0x080029a5   Thumb Code    78  control.o(i.balance)
    click_N_Double                           0x08002a05   Thumb Code   184  key.o(i.click_N_Double)
    delay_init                               0x08002ad5   Thumb Code    50  delay.o(i.delay_init)
    delay_ms                                 0x08002b19   Thumb Code    72  delay.o(i.delay_ms)
    delay_us                                 0x08002b65   Thumb Code    72  delay.o(i.delay_us)
    main                                     0x08002bb1   Thumb Code   106  main.o(i.main)
    oled_pow                                 0x08002c21   Thumb Code    22  oled.o(i.oled_pow)
    oled_show                                0x08002c39   Thumb Code   356  show.o(i.oled_show)
    uart_init                                0x08002e01   Thumb Code   154  usart.o(i.uart_init)
    __aeabi_d2f                              0x08002ea5   Thumb Code     0  d2f.o(x$fpl$d2f)
    _d2f                                     0x08002ea5   Thumb Code    98  d2f.o(x$fpl$d2f)
    __aeabi_dadd                             0x08002f09   Thumb Code     0  daddsub_clz.o(x$fpl$dadd)
    _dadd                                    0x08002f09   Thumb Code   332  daddsub_clz.o(x$fpl$dadd)
    __aeabi_ddiv                             0x08003059   Thumb Code     0  ddiv.o(x$fpl$ddiv)
    _ddiv                                    0x08003059   Thumb Code   552  ddiv.o(x$fpl$ddiv)
    __aeabi_d2iz                             0x08003309   Thumb Code     0  dfix.o(x$fpl$dfix)
    _dfix                                    0x08003309   Thumb Code    94  dfix.o(x$fpl$dfix)
    __aeabi_i2d                              0x08003367   Thumb Code     0  dflt_clz.o(x$fpl$dflt)
    _dflt                                    0x08003367   Thumb Code    46  dflt_clz.o(x$fpl$dflt)
    __aeabi_ui2d                             0x08003395   Thumb Code     0  dflt_clz.o(x$fpl$dfltu)
    _dfltu                                   0x08003395   Thumb Code    38  dflt_clz.o(x$fpl$dfltu)
    __aeabi_dmul                             0x080033bd   Thumb Code     0  dmul.o(x$fpl$dmul)
    _dmul                                    0x080033bd   Thumb Code   332  dmul.o(x$fpl$dmul)
    __fpl_dnaninf                            0x08003511   Thumb Code   156  dnaninf.o(x$fpl$dnaninf)
    __fpl_dretinf                            0x080035ad   Thumb Code    12  dretinf.o(x$fpl$dretinf)
    __aeabi_dsub                             0x080035b9   Thumb Code     0  daddsub_clz.o(x$fpl$dsub)
    _dsub                                    0x080035b9   Thumb Code   464  daddsub_clz.o(x$fpl$dsub)
    __aeabi_f2d                              0x0800378d   Thumb Code     0  f2d.o(x$fpl$f2d)
    _f2d                                     0x0800378d   Thumb Code    86  f2d.o(x$fpl$f2d)
    __aeabi_fadd                             0x080037e5   Thumb Code     0  faddsub_clz.o(x$fpl$fadd)
    _fadd                                    0x080037e5   Thumb Code   196  faddsub_clz.o(x$fpl$fadd)
    __fpl_fcmp_Inf                           0x080038a9   Thumb Code    24  fcmpi.o(x$fpl$fcmpinf)
    __aeabi_fdiv                             0x080038c1   Thumb Code     0  fdiv.o(x$fpl$fdiv)
    _fdiv                                    0x080038c1   Thumb Code   384  fdiv.o(x$fpl$fdiv)
    __aeabi_f2iz                             0x08003a45   Thumb Code     0  ffix.o(x$fpl$ffix)
    _ffix                                    0x08003a45   Thumb Code    54  ffix.o(x$fpl$ffix)
    __aeabi_f2uiz                            0x08003a7d   Thumb Code     0  ffixu.o(x$fpl$ffixu)
    _ffixu                                   0x08003a7d   Thumb Code    62  ffixu.o(x$fpl$ffixu)
    __aeabi_i2f                              0x08003abd   Thumb Code     0  fflt_clz.o(x$fpl$fflt)
    _fflt                                    0x08003abd   Thumb Code    48  fflt_clz.o(x$fpl$fflt)
    __aeabi_ui2f                             0x08003aed   Thumb Code     0  fflt_clz.o(x$fpl$ffltu)
    _ffltu                                   0x08003aed   Thumb Code    38  fflt_clz.o(x$fpl$ffltu)
    __aeabi_cfcmple                          0x08003b15   Thumb Code     0  fleqf.o(x$fpl$fleqf)
    _fcmple                                  0x08003b15   Thumb Code   104  fleqf.o(x$fpl$fleqf)
    __fpl_fcmple_InfNaN                      0x08003b67   Thumb Code     0  fleqf.o(x$fpl$fleqf)
    __aeabi_fmul                             0x08003b7d   Thumb Code     0  fmul.o(x$fpl$fmul)
    _fmul                                    0x08003b7d   Thumb Code   258  fmul.o(x$fpl$fmul)
    __fpl_fnaninf                            0x08003c7f   Thumb Code   140  fnaninf.o(x$fpl$fnaninf)
    __fpl_fretinf                            0x08003d0b   Thumb Code    10  fretinf.o(x$fpl$fretinf)
    __aeabi_cfrcmple                         0x08003d15   Thumb Code     0  frleqf.o(x$fpl$frleqf)
    _frcmple                                 0x08003d15   Thumb Code    98  frleqf.o(x$fpl$frleqf)
    __aeabi_fsub                             0x08003d79   Thumb Code     0  faddsub_clz.o(x$fpl$fsub)
    _fsub                                    0x08003d79   Thumb Code   234  faddsub_clz.o(x$fpl$fsub)
    __I$use$fp                               0x08003e62   Number         0  usenofp.o(x$fpl$usenofp)
    oled_asc2_1206                           0x08003e62   Data        1140  oled.o(.constdata)
    oled_asc2_1608                           0x080042d6   Data        1520  oled.o(.constdata)
    Region$$Table$$Base                      0x080048c8   Number         0  anon$$obj.o(Region$$Table)
    Region$$Table$$Limit                     0x080048e8   Number         0  anon$$obj.o(Region$$Table)
    Flag_Stop                                0x20000000   Data           1  main.o(.data)
    delay_50                                 0x20000001   Data           1  main.o(.data)
    delay_flag                               0x20000002   Data           1  main.o(.data)
    Run_Way                                  0x20000003   Data           1  main.o(.data)
    Inverted_Flag                            0x20000004   Data           1  main.o(.data)
    Move_Direction                           0x20000005   Data           1  main.o(.data)
    Encoder_A                                0x20000008   Data           4  main.o(.data)
    position_A                               0x2000000c   Data           4  main.o(.data)
    Position_Zero                            0x20000010   Data           4  main.o(.data)
    position_A_last                          0x20000014   Data           4  main.o(.data)
    ecd_speed                                0x20000018   Data           4  main.o(.data)
    Encoder_B                                0x2000001c   Data           4  main.o(.data)
    position_B                               0x20000020   Data           4  main.o(.data)
    Moto                                     0x20000024   Data           4  main.o(.data)
    Balance_Pwm                              0x20000028   Data           4  main.o(.data)
    Position_Pwm                             0x2000002c   Data           4  main.o(.data)
    Voltage                                  0x20000030   Data           4  main.o(.data)
    Angle_Balance                            0x20000034   Data           4  main.o(.data)
    Last_Angle_Balance                       0x20000038   Data           4  main.o(.data)
    D_Angle_Balance                          0x2000003c   Data           4  main.o(.data)
    Balance_KP                               0x20000040   Data           4  main.o(.data)
    Balance_KD                               0x20000044   Data           4  main.o(.data)
    Position_KP                              0x20000048   Data           4  main.o(.data)
    Position_KD                              0x2000004c   Data           4  main.o(.data)
    show_data                                0x20000050   Data           4  main.o(.data)
    SystemCoreClock                          0x20000054   Data           4  system_stm32f10x.o(.data)
    AHBPrescTable                            0x20000058   Data          16  system_stm32f10x.o(.data)
    m_position_taiget                        0x20000090   Data           4  usart.o(.data)
    m_pwm_target                             0x20000094   Data           4  usart.o(.data)
    __stdout                                 0x20000098   Data           4  usart.o(.data)
    USART_RX_STA                             0x2000009c   Data           2  usart.o(.data)
    i                                        0x200000a0   Data           1  show.o(.data)
    temp                                     0x200000a1   Data           1  show.o(.data)
    Send_Count                               0x200000a2   Data           1  show.o(.data)
    Vol                                      0x200000a4   Data           4  show.o(.data)
    Flag_Target                              0x200000a8   Data           1  control.o(.data)
    Position_Target                          0x200000a9   Data           1  control.o(.data)
    Run_Way_Count1                           0x200000ac   Data           4  control.o(.data)
    Run_Way_Count2                           0x200000b0   Data           4  control.o(.data)
    Run_Way_Flag2                            0x200000b4   Data           4  control.o(.data)
    Inverted_Count                           0x200000b8   Data           4  control.o(.data)
    Inverted_Count2                          0x200000bc   Data           4  control.o(.data)
    Run_Way_Flag1                            0x200000c0   Data           4  control.o(.data)
    Target_Position                          0x200000c4   Data           4  control.o(.data)
    D_Count                                  0x200000c8   Data           4  control.o(.data)
    Ratio                                    0x200000cc   Data           4  control.o(.data)
    Basics_Position_KD                       0x200000d0   Data           4  control.o(.data)
    Basics_Position_KP                       0x200000d4   Data           4  control.o(.data)
    count                                    0x200000d8   Data           4  control.o(.data)
    Ratio_Count                              0x200000dc   Data           4  control.o(.data)
    flag                                     0x200000e0   Data           1  control.o(.data)
    OLED_GRAM                                0x20000140   Data        1024  oled.o(.bss)
    USART_RX_BUF                             0x20000540   Data         200  usart.o(.bss)
    DataScope_OutPut_Buffer                  0x20000608   Data          42  datascope_dp.o(.bss)
    __libspace_start                         0x20000634   Data          96  libspace.o(.bss)
    __temporary_stack_top$libspace           0x20000694   Data           0  libspace.o(.bss)



==============================================================================

Memory Map of the image

  Image Entry point : 0x080000ed

  Load Region LR_IROM1 (Base: 0x08000000, Size: 0x00004a28, Max: 0x00010000, ABSOLUTE, COMPRESSED[0x00004924])

    Execution Region ER_IROM1 (Exec base: 0x08000000, Load base: 0x08000000, Size: 0x000048e8, Max: 0x00010000, ABSOLUTE)

    Exec Addr    Load Addr    Size         Type   Attr      Idx    E Section Name        Object

    0x08000000   0x08000000   0x000000ec   Data   RO          296    RESET               startup_stm32f10x_md.o
    0x080000ec   0x080000ec   0x00000008   Code   RO         3778  * !!!main             c_w.l(__main.o)
    0x080000f4   0x080000f4   0x00000034   Code   RO         4004    !!!scatter          c_w.l(__scatter.o)
    0x08000128   0x08000128   0x0000005a   Code   RO         4002    !!dczerorl2         c_w.l(__dczerorl2.o)
    0x08000182   0x08000182   0x00000002   PAD
    0x08000184   0x08000184   0x0000001c   Code   RO         4006    !!handler_zi        c_w.l(__scatter_zi.o)
    0x080001a0   0x080001a0   0x00000002   Code   RO         3874    .ARM.Collect$$libinit$$00000000  c_w.l(libinit.o)
    0x080001a2   0x080001a2   0x00000000   Code   RO         3881    .ARM.Collect$$libinit$$00000002  c_w.l(libinit2.o)
    0x080001a2   0x080001a2   0x00000000   Code   RO         3883    .ARM.Collect$$libinit$$00000004  c_w.l(libinit2.o)
    0x080001a2   0x080001a2   0x00000000   Code   RO         3886    .ARM.Collect$$libinit$$0000000A  c_w.l(libinit2.o)
    0x080001a2   0x080001a2   0x00000000   Code   RO         3888    .ARM.Collect$$libinit$$0000000C  c_w.l(libinit2.o)
    0x080001a2   0x080001a2   0x00000000   Code   RO         3890    .ARM.Collect$$libinit$$0000000E  c_w.l(libinit2.o)
    0x080001a2   0x080001a2   0x00000000   Code   RO         3893    .ARM.Collect$$libinit$$00000011  c_w.l(libinit2.o)
    0x080001a2   0x080001a2   0x00000000   Code   RO         3895    .ARM.Collect$$libinit$$00000013  c_w.l(libinit2.o)
    0x080001a2   0x080001a2   0x00000000   Code   RO         3897    .ARM.Collect$$libinit$$00000015  c_w.l(libinit2.o)
    0x080001a2   0x080001a2   0x00000000   Code   RO         3899    .ARM.Collect$$libinit$$00000017  c_w.l(libinit2.o)
    0x080001a2   0x080001a2   0x00000000   Code   RO         3901    .ARM.Collect$$libinit$$00000019  c_w.l(libinit2.o)
    0x080001a2   0x080001a2   0x00000000   Code   RO         3903    .ARM.Collect$$libinit$$0000001B  c_w.l(libinit2.o)
    0x080001a2   0x080001a2   0x00000000   Code   RO         3905    .ARM.Collect$$libinit$$0000001D  c_w.l(libinit2.o)
    0x080001a2   0x080001a2   0x00000000   Code   RO         3907    .ARM.Collect$$libinit$$0000001F  c_w.l(libinit2.o)
    0x080001a2   0x080001a2   0x00000000   Code   RO         3909    .ARM.Collect$$libinit$$00000021  c_w.l(libinit2.o)
    0x080001a2   0x080001a2   0x00000000   Code   RO         3911    .ARM.Collect$$libinit$$00000023  c_w.l(libinit2.o)
    0x080001a2   0x080001a2   0x00000000   Code   RO         3913    .ARM.Collect$$libinit$$00000025  c_w.l(libinit2.o)
    0x080001a2   0x080001a2   0x00000000   Code   RO         3917    .ARM.Collect$$libinit$$0000002C  c_w.l(libinit2.o)
    0x080001a2   0x080001a2   0x00000000   Code   RO         3919    .ARM.Collect$$libinit$$0000002E  c_w.l(libinit2.o)
    0x080001a2   0x080001a2   0x00000000   Code   RO         3921    .ARM.Collect$$libinit$$00000030  c_w.l(libinit2.o)
    0x080001a2   0x080001a2   0x00000000   Code   RO         3923    .ARM.Collect$$libinit$$00000032  c_w.l(libinit2.o)
    0x080001a2   0x080001a2   0x00000002   Code   RO         3924    .ARM.Collect$$libinit$$00000033  c_w.l(libinit2.o)
    0x080001a4   0x080001a4   0x00000002   Code   RO         3942    .ARM.Collect$$libshutdown$$00000000  c_w.l(libshutdown.o)
    0x080001a6   0x080001a6   0x00000000   Code   RO         3952    .ARM.Collect$$libshutdown$$00000002  c_w.l(libshutdown2.o)
    0x080001a6   0x080001a6   0x00000000   Code   RO         3954    .ARM.Collect$$libshutdown$$00000004  c_w.l(libshutdown2.o)
    0x080001a6   0x080001a6   0x00000000   Code   RO         3956    .ARM.Collect$$libshutdown$$00000006  c_w.l(libshutdown2.o)
    0x080001a6   0x080001a6   0x00000000   Code   RO         3959    .ARM.Collect$$libshutdown$$00000009  c_w.l(libshutdown2.o)
    0x080001a6   0x080001a6   0x00000000   Code   RO         3962    .ARM.Collect$$libshutdown$$0000000C  c_w.l(libshutdown2.o)
    0x080001a6   0x080001a6   0x00000000   Code   RO         3964    .ARM.Collect$$libshutdown$$0000000E  c_w.l(libshutdown2.o)
    0x080001a6   0x080001a6   0x00000000   Code   RO         3967    .ARM.Collect$$libshutdown$$00000011  c_w.l(libshutdown2.o)
    0x080001a6   0x080001a6   0x00000002   Code   RO         3968    .ARM.Collect$$libshutdown$$00000012  c_w.l(libshutdown2.o)
    0x080001a8   0x080001a8   0x00000000   Code   RO         3838    .ARM.Collect$$rtentry$$00000000  c_w.l(__rtentry.o)
    0x080001a8   0x080001a8   0x00000000   Code   RO         3851    .ARM.Collect$$rtentry$$00000002  c_w.l(__rtentry2.o)
    0x080001a8   0x080001a8   0x00000006   Code   RO         3863    .ARM.Collect$$rtentry$$00000004  c_w.l(__rtentry4.o)
    0x080001ae   0x080001ae   0x00000000   Code   RO         3853    .ARM.Collect$$rtentry$$00000009  c_w.l(__rtentry2.o)
    0x080001ae   0x080001ae   0x00000004   Code   RO         3854    .ARM.Collect$$rtentry$$0000000A  c_w.l(__rtentry2.o)
    0x080001b2   0x080001b2   0x00000000   Code   RO         3856    .ARM.Collect$$rtentry$$0000000C  c_w.l(__rtentry2.o)
    0x080001b2   0x080001b2   0x00000008   Code   RO         3857    .ARM.Collect$$rtentry$$0000000D  c_w.l(__rtentry2.o)
    0x080001ba   0x080001ba   0x00000002   Code   RO         3878    .ARM.Collect$$rtexit$$00000000  c_w.l(rtexit.o)
    0x080001bc   0x080001bc   0x00000000   Code   RO         3926    .ARM.Collect$$rtexit$$00000002  c_w.l(rtexit2.o)
    0x080001bc   0x080001bc   0x00000004   Code   RO         3927    .ARM.Collect$$rtexit$$00000003  c_w.l(rtexit2.o)
    0x080001c0   0x080001c0   0x00000006   Code   RO         3928    .ARM.Collect$$rtexit$$00000004  c_w.l(rtexit2.o)
    0x080001c6   0x080001c6   0x00000002   PAD
    0x080001c8   0x080001c8   0x00000040   Code   RO          297    .text               startup_stm32f10x_md.o
    0x08000208   0x08000208   0x00000002   Code   RO         3774    .text               c_w.l(use_no_semi_2.o)
    0x0800020a   0x0800020a   0x00000006   Code   RO         3776    .text               c_w.l(heapauxi.o)
    0x08000210   0x08000210   0x00000002   Code   RO         3836    .text               c_w.l(use_no_semi.o)
    0x08000212   0x08000212   0x0000004a   Code   RO         3865    .text               c_w.l(sys_stackheap_outer.o)
    0x0800025c   0x0800025c   0x00000012   Code   RO         3867    .text               c_w.l(exit.o)
    0x0800026e   0x0800026e   0x00000002   PAD
    0x08000270   0x08000270   0x00000008   Code   RO         3875    .text               c_w.l(libspace.o)
    0x08000278   0x08000278   0x00000016   Code   RO          343    i.ADC_Cmd           stm32f10x_adc.o
    0x0800028e   0x0800028e   0x00000002   PAD
    0x08000290   0x08000290   0x0000005c   Code   RO          345    i.ADC_DeInit        stm32f10x_adc.o
    0x080002ec   0x080002ec   0x00000014   Code   RO          351    i.ADC_GetCalibrationStatus  stm32f10x_adc.o
    0x08000300   0x08000300   0x00000008   Code   RO          352    i.ADC_GetConversionValue  stm32f10x_adc.o
    0x08000308   0x08000308   0x00000012   Code   RO          354    i.ADC_GetFlagStatus  stm32f10x_adc.o
    0x0800031a   0x0800031a   0x00000014   Code   RO          357    i.ADC_GetResetCalibrationStatus  stm32f10x_adc.o
    0x0800032e   0x0800032e   0x00000002   PAD
    0x08000330   0x08000330   0x00000050   Code   RO          361    i.ADC_Init          stm32f10x_adc.o
    0x08000380   0x08000380   0x000000b8   Code   RO          365    i.ADC_RegularChannelConfig  stm32f10x_adc.o
    0x08000438   0x08000438   0x0000000a   Code   RO          366    i.ADC_ResetCalibration  stm32f10x_adc.o
    0x08000442   0x08000442   0x00000016   Code   RO          368    i.ADC_SoftwareStartConvCmd  stm32f10x_adc.o
    0x08000458   0x08000458   0x0000000a   Code   RO          370    i.ADC_StartCalibration  stm32f10x_adc.o
    0x08000462   0x08000462   0x00000002   PAD
    0x08000464   0x08000464   0x00000094   Code   RO         3490    i.Adc_Init          adc.o
    0x080004f8   0x080004f8   0x00000294   Code   RO         3636    i.Auto_run          control.o
    0x0800078c   0x0800078c   0x00000004   Code   RO          160    i.BusFault_Handler  stm32f10x_it.o
    0x08000790   0x08000790   0x000000b0   Code   RO         3615    i.DataScope         show.o
    0x08000840   0x08000840   0x00000098   Code   RO         3742    i.DataScope_Data_Generate  datascope_dp.o
    0x080008d8   0x080008d8   0x000000a4   Code   RO         3743    i.DataScope_Get_Channel_Data  datascope_dp.o
    0x0800097c   0x0800097c   0x00000002   Code   RO          161    i.DebugMon_Handler  stm32f10x_it.o
    0x0800097e   0x0800097e   0x00000002   PAD
    0x08000980   0x08000980   0x00000020   Code   RO         3333    i.EXTI15_10_IRQHandler  exti.o
    0x080009a0   0x080009a0   0x00000020   Code   RO         3334    i.EXTI2_IRQHandler  exti.o
    0x080009c0   0x080009c0   0x000000d4   Code   RO         3335    i.EXTIX_Init        exti.o
    0x08000a94   0x08000a94   0x0000000c   Code   RO         1099    i.EXTI_ClearITPendingBit  stm32f10x_exti.o
    0x08000aa0   0x08000aa0   0x00000094   Code   RO         1104    i.EXTI_Init         stm32f10x_exti.o
    0x08000b34   0x08000b34   0x000000a0   Code   RO         3436    i.Encoder_Init_TIM2  encoder.o
    0x08000bd4   0x08000bd4   0x0000009c   Code   RO         3437    i.Encoder_Init_TIM4  encoder.o
    0x08000c70   0x08000c70   0x000001d4   Code   RO         3637    i.Find_Zero         control.o
    0x08000e44   0x08000e44   0x0000001c   Code   RO         3744    i.Float2Byte        datascope_dp.o
    0x08000e60   0x08000e60   0x00000040   Code   RO         1449    i.GPIO_EXTILineConfig  stm32f10x_gpio.o
    0x08000ea0   0x08000ea0   0x00000116   Code   RO         1452    i.GPIO_Init         stm32f10x_gpio.o
    0x08000fb6   0x08000fb6   0x00000002   PAD
    0x08000fb8   0x08000fb8   0x00000090   Code   RO         1454    i.GPIO_PinRemapConfig  stm32f10x_gpio.o
    0x08001048   0x08001048   0x00000004   Code   RO         1460    i.GPIO_SetBits      stm32f10x_gpio.o
    0x0800104c   0x0800104c   0x00000034   Code   RO         3491    i.Get_Adc           adc.o
    0x08001080   0x08001080   0x0000002e   Code   RO         3492    i.Get_Adc_Average   adc.o
    0x080010ae   0x080010ae   0x00000002   PAD
    0x080010b0   0x080010b0   0x00000054   Code   RO         3638    i.Get_D_Angle_Balance  control.o
    0x08001104   0x08001104   0x00000004   Code   RO          162    i.HardFault_Handler  stm32f10x_it.o
    0x08001108   0x08001108   0x00000084   Code   RO         3639    i.Incremental_PI    control.o
    0x0800118c   0x0800118c   0x00000048   Code   RO         3268    i.KEY_Init          key.o
    0x080011d4   0x080011d4   0x00000100   Code   RO         3640    i.Key               control.o
    0x080012d4   0x080012d4   0x00000030   Code   RO         3304    i.LED_Init          led.o
    0x08001304   0x08001304   0x00000050   Code   RO         3641    i.Mean_Filter       control.o
    0x08001354   0x08001354   0x00000004   Code   RO          163    i.MemManage_Handler  stm32f10x_it.o
    0x08001358   0x08001358   0x00000070   Code   RO         3472    i.MiniBalance_Motor_Init  motor.o
    0x080013c8   0x080013c8   0x000000a0   Code   RO         3473    i.MiniBalance_PWM_Init  motor.o
    0x08001468   0x08001468   0x00000002   Code   RO          164    i.NMI_Handler       stm32f10x_it.o
    0x0800146a   0x0800146a   0x00000002   PAD
    0x0800146c   0x0800146c   0x00000070   Code   RO          301    i.NVIC_Init         misc.o
    0x080014dc   0x080014dc   0x00000014   Code   RO          302    i.NVIC_PriorityGroupConfig  misc.o
    0x080014f0   0x080014f0   0x00000030   Code   RO         3357    i.OLED_Clear        oled.o
    0x08001520   0x08001520   0x00000068   Code   RO         3360    i.OLED_DrawPoint    oled.o
    0x08001588   0x08001588   0x0000014c   Code   RO         3361    i.OLED_Init         oled.o
    0x080016d4   0x080016d4   0x0000004c   Code   RO         3362    i.OLED_Refresh_Gram  oled.o
    0x08001720   0x08001720   0x000000a8   Code   RO         3363    i.OLED_ShowChar     oled.o
    0x080017c8   0x080017c8   0x00000094   Code   RO         3364    i.OLED_ShowNumber   oled.o
    0x0800185c   0x0800185c   0x00000044   Code   RO         3365    i.OLED_ShowString   oled.o
    0x080018a0   0x080018a0   0x00000058   Code   RO         3366    i.OLED_WR_Byte      oled.o
    0x080018f8   0x080018f8   0x00000002   Code   RO          165    i.PendSV_Handler    stm32f10x_it.o
    0x080018fa   0x080018fa   0x00000002   PAD
    0x080018fc   0x080018fc   0x00000110   Code   RO         3642    i.Position          control.o
    0x08001a0c   0x08001a0c   0x000000cc   Code   RO         3643    i.Position_PID      control.o
    0x08001ad8   0x08001ad8   0x00000090   Code   RO         3644    i.Pre_Position      control.o
    0x08001b68   0x08001b68   0x00000018   Code   RO         1866    i.RCC_ADCCLKConfig  stm32f10x_rcc.o
    0x08001b80   0x08001b80   0x00000020   Code   RO         1868    i.RCC_APB1PeriphClockCmd  stm32f10x_rcc.o
    0x08001ba0   0x08001ba0   0x00000020   Code   RO         1870    i.RCC_APB2PeriphClockCmd  stm32f10x_rcc.o
    0x08001bc0   0x08001bc0   0x00000020   Code   RO         1871    i.RCC_APB2PeriphResetCmd  stm32f10x_rcc.o
    0x08001be0   0x08001be0   0x000000d4   Code   RO         1878    i.RCC_GetClocksFreq  stm32f10x_rcc.o
    0x08001cb4   0x08001cb4   0x00000050   Code   RO         3438    i.Read_Encoder      encoder.o
    0x08001d04   0x08001d04   0x00000002   Code   RO          166    i.SVC_Handler       stm32f10x_it.o
    0x08001d06   0x08001d06   0x00000008   Code   RO          249    i.SetSysClock       system_stm32f10x.o
    0x08001d0e   0x08001d0e   0x00000002   PAD
    0x08001d10   0x08001d10   0x000000e0   Code   RO          250    i.SetSysClockTo72   system_stm32f10x.o
    0x08001df0   0x08001df0   0x00000028   Code   RO         3645    i.Set_Pwm           control.o
    0x08001e18   0x08001e18   0x00000028   Code   RO          305    i.SysTick_CLKSourceConfig  misc.o
    0x08001e40   0x08001e40   0x00000002   Code   RO          167    i.SysTick_Handler   stm32f10x_it.o
    0x08001e42   0x08001e42   0x00000002   PAD
    0x08001e44   0x08001e44   0x00000060   Code   RO          252    i.SystemInit        system_stm32f10x.o
    0x08001ea4   0x08001ea4   0x00000080   Code   RO         2486    i.TI1_Config        stm32f10x_tim.o
    0x08001f24   0x08001f24   0x00000098   Code   RO         2487    i.TI2_Config        stm32f10x_tim.o
    0x08001fbc   0x08001fbc   0x00000090   Code   RO         2488    i.TI3_Config        stm32f10x_tim.o
    0x0800204c   0x0800204c   0x00000098   Code   RO         2489    i.TI4_Config        stm32f10x_tim.o
    0x080020e4   0x080020e4   0x00000018   Code   RO         3439    i.TIM2_IRQHandler   encoder.o
    0x080020fc   0x080020fc   0x0000018c   Code   RO         3646    i.TIM3_IRQHandler   control.o
    0x08002288   0x08002288   0x00000060   Code   RO         3321    i.TIM3_Int_Init     timer.o
    0x080022e8   0x080022e8   0x00000018   Code   RO         3440    i.TIM4_IRQHandler   encoder.o
    0x08002300   0x08002300   0x00000018   Code   RO         2490    i.TIM_ARRPreloadConfig  stm32f10x_tim.o
    0x08002318   0x08002318   0x00000006   Code   RO         2496    i.TIM_ClearFlag     stm32f10x_tim.o
    0x0800231e   0x0800231e   0x00000006   Code   RO         2497    i.TIM_ClearITPendingBit  stm32f10x_tim.o
    0x08002324   0x08002324   0x00000018   Code   RO         2502    i.TIM_Cmd           stm32f10x_tim.o
    0x0800233c   0x0800233c   0x0000001e   Code   RO         2504    i.TIM_CtrlPWMOutputs  stm32f10x_tim.o
    0x0800235a   0x0800235a   0x00000042   Code   RO         2511    i.TIM_EncoderInterfaceConfig  stm32f10x_tim.o
    0x0800239c   0x0800239c   0x00000022   Code   RO         2523    i.TIM_GetITStatus   stm32f10x_tim.o
    0x080023be   0x080023be   0x00000002   PAD
    0x080023c0   0x080023c0   0x000000ac   Code   RO         2525    i.TIM_ICInit        stm32f10x_tim.o
    0x0800246c   0x0800246c   0x00000012   Code   RO         2526    i.TIM_ICStructInit  stm32f10x_tim.o
    0x0800247e   0x0800247e   0x00000012   Code   RO         2527    i.TIM_ITConfig      stm32f10x_tim.o
    0x08002490   0x08002490   0x00000098   Code   RO         2531    i.TIM_OC1Init       stm32f10x_tim.o
    0x08002528   0x08002528   0x00000012   Code   RO         2534    i.TIM_OC1PreloadConfig  stm32f10x_tim.o
    0x0800253a   0x0800253a   0x00000002   PAD
    0x0800253c   0x0800253c   0x0000007c   Code   RO         2546    i.TIM_OC4Init       stm32f10x_tim.o
    0x080025b8   0x080025b8   0x00000004   Code   RO         2567    i.TIM_SetCounter    stm32f10x_tim.o
    0x080025bc   0x080025bc   0x00000012   Code   RO         2568    i.TIM_SetIC1Prescaler  stm32f10x_tim.o
    0x080025ce   0x080025ce   0x0000001a   Code   RO         2569    i.TIM_SetIC2Prescaler  stm32f10x_tim.o
    0x080025e8   0x080025e8   0x00000012   Code   RO         2570    i.TIM_SetIC3Prescaler  stm32f10x_tim.o
    0x080025fa   0x080025fa   0x0000001a   Code   RO         2571    i.TIM_SetIC4Prescaler  stm32f10x_tim.o
    0x08002614   0x08002614   0x000000a4   Code   RO         2573    i.TIM_TimeBaseInit  stm32f10x_tim.o
    0x080026b8   0x080026b8   0x00000012   Code   RO         2574    i.TIM_TimeBaseStructInit  stm32f10x_tim.o
    0x080026ca   0x080026ca   0x00000002   PAD
    0x080026cc   0x080026cc   0x00000108   Code   RO         3574    i.USART1_IRQHandler  usart.o
    0x080027d4   0x080027d4   0x00000018   Code   RO         3038    i.USART_Cmd         stm32f10x_usart.o
    0x080027ec   0x080027ec   0x00000054   Code   RO         3042    i.USART_GetITStatus  stm32f10x_usart.o
    0x08002840   0x08002840   0x0000004a   Code   RO         3044    i.USART_ITConfig    stm32f10x_usart.o
    0x0800288a   0x0800288a   0x00000002   PAD
    0x0800288c   0x0800288c   0x000000d8   Code   RO         3045    i.USART_Init        stm32f10x_usart.o
    0x08002964   0x08002964   0x0000000a   Code   RO         3052    i.USART_ReceiveData  stm32f10x_usart.o
    0x0800296e   0x0800296e   0x00000004   Code   RO          168    i.UsageFault_Handler  stm32f10x_it.o
    0x08002972   0x08002972   0x00000002   PAD
    0x08002974   0x08002974   0x00000028   Code   RO         3648    i.Xianfu_Pwm        control.o
    0x0800299c   0x0800299c   0x00000006   Code   RO         3575    i._sys_exit         usart.o
    0x080029a2   0x080029a2   0x00000002   PAD
    0x080029a4   0x080029a4   0x00000060   Code   RO         3650    i.balance           control.o
    0x08002a04   0x08002a04   0x000000d0   Code   RO         3271    i.click_N_Double    key.o
    0x08002ad4   0x08002ad4   0x00000044   Code   RO         3514    i.delay_init        delay.o
    0x08002b18   0x08002b18   0x0000004c   Code   RO         3515    i.delay_ms          delay.o
    0x08002b64   0x08002b64   0x0000004c   Code   RO         3516    i.delay_us          delay.o
    0x08002bb0   0x08002bb0   0x00000070   Code   RO            1    i.main              main.o
    0x08002c20   0x08002c20   0x00000016   Code   RO         3367    i.oled_pow          oled.o
    0x08002c36   0x08002c36   0x00000002   PAD
    0x08002c38   0x08002c38   0x000001c8   Code   RO         3616    i.oled_show         show.o
    0x08002e00   0x08002e00   0x000000a4   Code   RO         3577    i.uart_init         usart.o
    0x08002ea4   0x08002ea4   0x00000062   Code   RO         3780    x$fpl$d2f           fz_ws.l(d2f.o)
    0x08002f06   0x08002f06   0x00000002   PAD
    0x08002f08   0x08002f08   0x00000150   Code   RO         3782    x$fpl$dadd          fz_ws.l(daddsub_clz.o)
    0x08003058   0x08003058   0x000002b0   Code   RO         3789    x$fpl$ddiv          fz_ws.l(ddiv.o)
    0x08003308   0x08003308   0x0000005e   Code   RO         3792    x$fpl$dfix          fz_ws.l(dfix.o)
    0x08003366   0x08003366   0x0000002e   Code   RO         3797    x$fpl$dflt          fz_ws.l(dflt_clz.o)
    0x08003394   0x08003394   0x00000026   Code   RO         3796    x$fpl$dfltu         fz_ws.l(dflt_clz.o)
    0x080033ba   0x080033ba   0x00000002   PAD
    0x080033bc   0x080033bc   0x00000154   Code   RO         3802    x$fpl$dmul          fz_ws.l(dmul.o)
    0x08003510   0x08003510   0x0000009c   Code   RO         3839    x$fpl$dnaninf       fz_ws.l(dnaninf.o)
    0x080035ac   0x080035ac   0x0000000c   Code   RO         3841    x$fpl$dretinf       fz_ws.l(dretinf.o)
    0x080035b8   0x080035b8   0x000001d4   Code   RO         3784    x$fpl$dsub          fz_ws.l(daddsub_clz.o)
    0x0800378c   0x0800378c   0x00000056   Code   RO         3804    x$fpl$f2d           fz_ws.l(f2d.o)
    0x080037e2   0x080037e2   0x00000002   PAD
    0x080037e4   0x080037e4   0x000000c4   Code   RO         3806    x$fpl$fadd          fz_ws.l(faddsub_clz.o)
    0x080038a8   0x080038a8   0x00000018   Code   RO         3843    x$fpl$fcmpinf       fz_ws.l(fcmpi.o)
    0x080038c0   0x080038c0   0x00000184   Code   RO         3813    x$fpl$fdiv          fz_ws.l(fdiv.o)
    0x08003a44   0x08003a44   0x00000036   Code   RO         3816    x$fpl$ffix          fz_ws.l(ffix.o)
    0x08003a7a   0x08003a7a   0x00000002   PAD
    0x08003a7c   0x08003a7c   0x0000003e   Code   RO         3820    x$fpl$ffixu         fz_ws.l(ffixu.o)
    0x08003aba   0x08003aba   0x00000002   PAD
    0x08003abc   0x08003abc   0x00000030   Code   RO         3825    x$fpl$fflt          fz_ws.l(fflt_clz.o)
    0x08003aec   0x08003aec   0x00000026   Code   RO         3824    x$fpl$ffltu         fz_ws.l(fflt_clz.o)
    0x08003b12   0x08003b12   0x00000002   PAD
    0x08003b14   0x08003b14   0x00000068   Code   RO         3830    x$fpl$fleqf         fz_ws.l(fleqf.o)
    0x08003b7c   0x08003b7c   0x00000102   Code   RO         3832    x$fpl$fmul          fz_ws.l(fmul.o)
    0x08003c7e   0x08003c7e   0x0000008c   Code   RO         3845    x$fpl$fnaninf       fz_ws.l(fnaninf.o)
    0x08003d0a   0x08003d0a   0x0000000a   Code   RO         3847    x$fpl$fretinf       fz_ws.l(fretinf.o)
    0x08003d14   0x08003d14   0x00000062   Code   RO         3834    x$fpl$frleqf        fz_ws.l(frleqf.o)
    0x08003d76   0x08003d76   0x00000002   PAD
    0x08003d78   0x08003d78   0x000000ea   Code   RO         3808    x$fpl$fsub          fz_ws.l(faddsub_clz.o)
    0x08003e62   0x08003e62   0x00000000   Code   RO         3849    x$fpl$usenofp       fz_ws.l(usenofp.o)
    0x08003e62   0x08003e62   0x00000a64   Data   RO         3369    .constdata          oled.o
    0x080048c6   0x080048c6   0x00000002   PAD
    0x080048c8   0x080048c8   0x00000020   Data   RO         4000    Region$$Table       anon$$obj.o


    Execution Region RW_IRAM1 (Exec base: 0x20000000, Load base: 0x080048e8, Size: 0x00000c98, Max: 0x00005000, ABSOLUTE, COMPRESSED[0x0000003c])

    Exec Addr    Load Addr    Size         Type   Attr      Idx    E Section Name        Object

    0x20000000   COMPRESSED   0x00000054   Data   RW            2    .data               main.o
    0x20000054   COMPRESSED   0x00000014   Data   RW          253    .data               system_stm32f10x.o
    0x20000068   COMPRESSED   0x00000014   Data   RW         1898    .data               stm32f10x_rcc.o
    0x2000007c   COMPRESSED   0x0000000e   Data   RW         3272    .data               key.o
    0x2000008a   COMPRESSED   0x00000004   Data   RW         3517    .data               delay.o
    0x2000008e   COMPRESSED   0x00000002   PAD
    0x20000090   COMPRESSED   0x0000000e   Data   RW         3579    .data               usart.o
    0x2000009e   COMPRESSED   0x00000002   PAD
    0x200000a0   COMPRESSED   0x00000008   Data   RW         3617    .data               show.o
    0x200000a8   COMPRESSED   0x00000098   Data   RW         3651    .data               control.o
    0x20000140        -       0x00000400   Zero   RW         3368    .bss                oled.o
    0x20000540        -       0x000000c8   Zero   RW         3578    .bss                usart.o
    0x20000608        -       0x0000002a   Zero   RW         3745    .bss                datascope_dp.o
    0x20000632   COMPRESSED   0x00000002   PAD
    0x20000634        -       0x00000060   Zero   RW         3876    .bss                c_w.l(libspace.o)
    0x20000694   COMPRESSED   0x00000004   PAD
    0x20000698        -       0x00000200   Zero   RW          295    HEAP                startup_stm32f10x_md.o
    0x20000898        -       0x00000400   Zero   RW          294    STACK               startup_stm32f10x_md.o


==============================================================================

Image component sizes


      Code (inc. data)   RO Data    RW Data    ZI Data      Debug   Object Name

       246         14          0          0          0       1819   adc.o
      2872        586          0        152          0       9895   control.o
         0          0          0          0          0         32   core_cm3.o
       344         34          0          0         42       2854   datascope_dp.o
       220         26          0          4          0       1783   delay.o
       444         30          0          0          0       2947   encoder.o
       276         26          0          0          0       1651   exti.o
       280         34          0         14          0       2281   key.o
        48          4          0          0          0        499   led.o
       112          6          0         84          0     264461   main.o
       172         22          0          0          0       2113   misc.o
       272         22          0          0          0       1352   motor.o
      1054         56       2660          0       1024       7210   oled.o
       632        136          0          8          0       1476   show.o
        64         26        236          0       1536        808   startup_stm32f10x_md.o
       486         24          0          0          0       8778   stm32f10x_adc.o
       160         12          0          0          0       1545   stm32f10x_exti.o
       490         10          0          0          0       4031   stm32f10x_gpio.o
        26          0          0          0          0       3850   stm32f10x_it.o
       332         44          0         20          0       5658   stm32f10x_rcc.o
      1542        180          0          0          0      15956   stm32f10x_tim.o
       408          6          0          0          0       5094   stm32f10x_usart.o
       328         28          0         20          0       2157   system_stm32f10x.o
        96          6          0          0          0        672   timer.o
       434         52          0         14        200       3871   usart.o

    ----------------------------------------------------------------------
     11372       1384       2930        320       2804     352793   Object Totals
         0          0         32          0          0          0   (incl. Generated)
        34          0          2          4          2          0   (incl. Padding)

    ----------------------------------------------------------------------

      Code (inc. data)   RO Data    RW Data    ZI Data      Debug   Library Member Name

        90          0          0          0          0          0   __dczerorl2.o
         8          0          0          0          0         68   __main.o
         0          0          0          0          0          0   __rtentry.o
        12          0          0          0          0          0   __rtentry2.o
         6          0          0          0          0          0   __rtentry4.o
        52          8          0          0          0          0   __scatter.o
        28          0          0          0          0          0   __scatter_zi.o
        18          0          0          0          0         80   exit.o
         6          0          0          0          0        152   heapauxi.o
         2          0          0          0          0          0   libinit.o
         2          0          0          0          0          0   libinit2.o
         2          0          0          0          0          0   libshutdown.o
         2          0          0          0          0          0   libshutdown2.o
         8          4          0          0         96         68   libspace.o
         2          0          0          0          0          0   rtexit.o
        10          0          0          0          0          0   rtexit2.o
        74          0          0          0          0         80   sys_stackheap_outer.o
         2          0          0          0          0         68   use_no_semi.o
         2          0          0          0          0         68   use_no_semi_2.o
        98          4          0          0          0         92   d2f.o
       804         16          0          0          0        272   daddsub_clz.o
       688        140          0          0          0        208   ddiv.o
        94          4          0          0          0         92   dfix.o
        84          0          0          0          0        136   dflt_clz.o
       340         12          0          0          0        104   dmul.o
       156          4          0          0          0         92   dnaninf.o
        12          0          0          0          0         68   dretinf.o
        86          4          0          0          0         84   f2d.o
       430          8          0          0          0        168   faddsub_clz.o
        24          0          0          0          0         68   fcmpi.o
       388         76          0          0          0         96   fdiv.o
        54          4          0          0          0         84   ffix.o
        62          4          0          0          0         84   ffixu.o
        86          0          0          0          0        136   fflt_clz.o
       104          4          0          0          0         84   fleqf.o
       258          4          0          0          0         84   fmul.o
       140          4          0          0          0         84   fnaninf.o
        10          0          0          0          0         68   fretinf.o
        98          0          0          0          0         68   frleqf.o
         0          0          0          0          0          0   usenofp.o

    ----------------------------------------------------------------------
      4362        300          0          0        100       2756   Library Totals
        20          0          0          0          4          0   (incl. Padding)

    ----------------------------------------------------------------------

      Code (inc. data)   RO Data    RW Data    ZI Data      Debug   Library Name

       326         12          0          0         96        584   c_w.l
      4016        288          0          0          0       2172   fz_ws.l

    ----------------------------------------------------------------------
      4362        300          0          0        100       2756   Library Totals

    ----------------------------------------------------------------------

==============================================================================


      Code (inc. data)   RO Data    RW Data    ZI Data      Debug   

     15734       1684       2930        320       2904     348265   Grand Totals
     15734       1684       2930         60       2904     348265   ELF Image Totals (compressed)
     15734       1684       2930         60          0          0   ROM Totals

==============================================================================

    Total RO  Size (Code + RO Data)                18664 (  18.23kB)
    Total RW  Size (RW Data + ZI Data)              3224 (   3.15kB)
    Total ROM Size (Code + RO Data + RW Data)      18724 (  18.29kB)

==============================================================================

