Product: MDK-ARM Professional 5.10
Component: ARM Compiler 5.04 update 1 (build 49)
Tool: armlink [5040049]

==============================================================================

Section Cross References

    main.o(i.main) refers to misc.o(i.NVIC_PriorityGroupConfig) for NVIC_PriorityGroupConfig
    main.o(i.main) refers to usart.o(i.uart_init) for uart_init
    main.o(i.main) refers to delay.o(i.delay_init) for delay_init
    main.o(i.main) refers to encoder.o(i.Encoder_Init_TIM2) for Encoder_Init_TIM2
    main.o(i.main) refers to encoder.o(i.Encoder_Init_TIM4) for Encoder_Init_TIM4
    main.o(i.main) refers to motor.o(i.MiniBalance_Motor_Init) for MiniBalance_Motor_Init
    main.o(i.main) refers to adc.o(i.Adc_Init) for Adc_Init
    main.o(i.main) refers to key.o(i.KEY_Init) for KEY_Init
    main.o(i.main) refers to led.o(i.LED_Init) for LED_Init
    main.o(i.main) refers to exti.o(i.EXTIX_Init) for EXTIX_Init
    main.o(i.main) refers to oled.o(i.OLED_Init) for OLED_Init
    main.o(i.main) refers to delay.o(i.delay_ms) for delay_ms
    main.o(i.main) refers to motor.o(i.MiniBalance_PWM_Init) for MiniBalance_PWM_Init
    main.o(i.main) refers to timer.o(i.TIM3_Int_Init) for TIM3_Int_Init
    main.o(i.main) refers to show.o(i.DataScope) for DataScope
    main.o(i.main) refers to show.o(i.oled_show) for oled_show
    main.o(i.main) refers to main.o(.data) for delay_flag
    system_stm32f10x.o(i.SetSysClock) refers to system_stm32f10x.o(i.SetSysClockTo72) for SetSysClockTo72
    system_stm32f10x.o(i.SystemCoreClockUpdate) refers to system_stm32f10x.o(.data) for SystemCoreClock
    system_stm32f10x.o(i.SystemInit) refers to system_stm32f10x.o(i.SetSysClock) for SetSysClock
    startup_stm32f10x_md.o(STACK) refers (Special) to heapauxi.o(.text) for __use_two_region_memory
    startup_stm32f10x_md.o(HEAP) refers (Special) to heapauxi.o(.text) for __use_two_region_memory
    startup_stm32f10x_md.o(RESET) refers (Special) to heapauxi.o(.text) for __use_two_region_memory
    startup_stm32f10x_md.o(RESET) refers to startup_stm32f10x_md.o(STACK) for __initial_sp
    startup_stm32f10x_md.o(RESET) refers to startup_stm32f10x_md.o(.text) for Reset_Handler
    startup_stm32f10x_md.o(RESET) refers to stm32f10x_it.o(i.NMI_Handler) for NMI_Handler
    startup_stm32f10x_md.o(RESET) refers to stm32f10x_it.o(i.HardFault_Handler) for HardFault_Handler
    startup_stm32f10x_md.o(RESET) refers to stm32f10x_it.o(i.MemManage_Handler) for MemManage_Handler
    startup_stm32f10x_md.o(RESET) refers to stm32f10x_it.o(i.BusFault_Handler) for BusFault_Handler
    startup_stm32f10x_md.o(RESET) refers to stm32f10x_it.o(i.UsageFault_Handler) for UsageFault_Handler
    startup_stm32f10x_md.o(RESET) refers to stm32f10x_it.o(i.SVC_Handler) for SVC_Handler
    startup_stm32f10x_md.o(RESET) refers to stm32f10x_it.o(i.DebugMon_Handler) for DebugMon_Handler
    startup_stm32f10x_md.o(RESET) refers to stm32f10x_it.o(i.PendSV_Handler) for PendSV_Handler
    startup_stm32f10x_md.o(RESET) refers to stm32f10x_it.o(i.SysTick_Handler) for SysTick_Handler
    startup_stm32f10x_md.o(RESET) refers to exti.o(i.EXTI2_IRQHandler) for EXTI2_IRQHandler
    startup_stm32f10x_md.o(RESET) refers to encoder.o(i.TIM2_IRQHandler) for TIM2_IRQHandler
    startup_stm32f10x_md.o(RESET) refers to control.o(i.TIM3_IRQHandler) for TIM3_IRQHandler
    startup_stm32f10x_md.o(RESET) refers to encoder.o(i.TIM4_IRQHandler) for TIM4_IRQHandler
    startup_stm32f10x_md.o(RESET) refers to usart.o(i.USART1_IRQHandler) for USART1_IRQHandler
    startup_stm32f10x_md.o(RESET) refers to exti.o(i.EXTI15_10_IRQHandler) for EXTI15_10_IRQHandler
    startup_stm32f10x_md.o(.text) refers (Special) to heapauxi.o(.text) for __use_two_region_memory
    startup_stm32f10x_md.o(.text) refers to system_stm32f10x.o(i.SystemInit) for SystemInit
    startup_stm32f10x_md.o(.text) refers to __main.o(!!!main) for __main
    startup_stm32f10x_md.o(.text) refers to startup_stm32f10x_md.o(HEAP) for Heap_Mem
    startup_stm32f10x_md.o(.text) refers to startup_stm32f10x_md.o(STACK) for Stack_Mem
    stm32f10x_adc.o(i.ADC_DeInit) refers to stm32f10x_rcc.o(i.RCC_APB2PeriphResetCmd) for RCC_APB2PeriphResetCmd
    stm32f10x_bkp.o(i.BKP_DeInit) refers to stm32f10x_rcc.o(i.RCC_BackupResetCmd) for RCC_BackupResetCmd
    stm32f10x_can.o(i.CAN_DeInit) refers to stm32f10x_rcc.o(i.RCC_APB1PeriphResetCmd) for RCC_APB1PeriphResetCmd
    stm32f10x_can.o(i.CAN_GetITStatus) refers to stm32f10x_can.o(i.CheckITStatus) for CheckITStatus
    stm32f10x_cec.o(i.CEC_DeInit) refers to stm32f10x_rcc.o(i.RCC_APB1PeriphResetCmd) for RCC_APB1PeriphResetCmd
    stm32f10x_dac.o(i.DAC_DeInit) refers to stm32f10x_rcc.o(i.RCC_APB1PeriphResetCmd) for RCC_APB1PeriphResetCmd
    stm32f10x_flash.o(i.FLASH_EnableWriteProtection) refers to stm32f10x_flash.o(i.FLASH_WaitForLastOperation) for FLASH_WaitForLastOperation
[...]
    ..\CORE\core_cm3.c                       0x00000000   Number         0  core_cm3.o ABSOLUTE
    ..\CORE\startup_stm32f10x_md.s           0x00000000   Number         0  startup_stm32f10x_md.o ABSOLUTE
    ..\HARDWARE\ADC\adc.c                    0x00000000   Number         0  adc.o ABSOLUTE
    ..\HARDWARE\ENCODER\encoder.c            0x00000000   Number         0  encoder.o ABSOLUTE
    ..\HARDWARE\EXTI\exti.c                  0x00000000   Number         0  exti.o ABSOLUTE
    ..\HARDWARE\KEY\key.c                    0x00000000   Number         0  key.o ABSOLUTE
    ..\HARDWARE\LED\led.c                    0x00000000   Number         0  led.o ABSOLUTE
    ..\HARDWARE\MOTOR\motor.c                0x00000000   Number         0  motor.o ABSOLUTE
    ..\HARDWARE\OLED\oled.c                  0x00000000   Number         0  oled.o ABSOLUTE
    ..\HARDWARE\TIM\timer.c                  0x00000000   Number         0  timer.o ABSOLUTE
    ..\STM32F10x_FWLib\src\misc.c            0x00000000   Number         0  misc.o ABSOLUTE
    ..\STM32F10x_FWLib\src\stm32f10x_adc.c   0x00000000   Number         0  stm32f10x_adc.o ABSOLUTE
    ..\STM32F10x_FWLib\src\stm32f10x_bkp.c   0x00000000   Number         0  stm32f10x_bkp.o ABSOLUTE
    ..\STM32F10x_FWLib\src\stm32f10x_can.c   0x00000000   Number         0  stm32f10x_can.o ABSOLUTE
    ..\STM32F10x_FWLib\src\stm32f10x_cec.c   0x00000000   Number         0  stm32f10x_cec.o ABSOLUTE
    ..\STM32F10x_FWLib\src\stm32f10x_crc.c   0x00000000   Number         0  stm32f10x_crc.o ABSOLUTE
    ..\STM32F10x_FWLib\src\stm32f10x_dac.c   0x00000000   Number         0  stm32f10x_dac.o ABSOLUTE
    ..\STM32F10x_FWLib\src\stm32f10x_dbgmcu.c 0x00000000   Number         0  stm32f10x_dbgmcu.o ABSOLUTE
    ..\STM32F10x_FWLib\src\stm32f10x_dma.c   0x00000000   Number         0  stm32f10x_dma.o ABSOLUTE
    ..\STM32F10x_FWLib\src\stm32f10x_exti.c  0x00000000   Number         0  stm32f10x_exti.o ABSOLUTE
    ..\STM32F10x_FWLib\src\stm32f10x_flash.c 0x00000000   Number         0  stm32f10x_flash.o ABSOLUTE
    ..\STM32F10x_FWLib\src\stm32f10x_fsmc.c  0x00000000   Number         0  stm32f10x_fsmc.o ABSOLUTE
    ..\STM32F10x_FWLib\src\stm32f10x_gpio.c  0x00000000   Number         0  stm32f10x_gpio.o ABSOLUTE
    ..\STM32F10x_FWLib\src\stm32f10x_i2c.c   0x00000000   Number         0  stm32f10x_i2c.o ABSOLUTE
    ..\STM32F10x_FWLib\src\stm32f10x_iwdg.c  0x00000000   Number         0  stm32f10x_iwdg.o ABSOLUTE
    ..\STM32F10x_FWLib\src\stm32f10x_pwr.c   0x00000000   Number         0  stm32f10x_pwr.o ABSOLUTE
    ..\STM32F10x_FWLib\src\stm32f10x_rcc.c   0x00000000   Number         0  stm32f10x_rcc.o ABSOLUTE
    ..\STM32F10x_FWLib\src\stm32f10x_rtc.c   0x00000000   Number         0  stm32f10x_rtc.o ABSOLUTE
    ..\STM32F10x_FWLib\src\stm32f10x_sdio.c  0x00000000   Number         0  stm32f10x_sdio.o ABSOLUTE
    ..\STM32F10x_FWLib\src\stm32f10x_spi.c   0x00000000   Number         0  stm32f10x_spi.o ABSOLUTE
    ..\STM32F10x_FWLib\src\stm32f10x_tim.c   0x00000000   Number         0  stm32f10x_tim.o ABSOLUTE
    ..\STM32F10x_FWLib\src\stm32f10x_usart.c 0x00000000   Number         0  stm32f10x_usart.o ABSOLUTE
    ..\STM32F10x_FWLib\src\stm32f10x_wwdg.c  0x00000000   Number         0  stm32f10x_wwdg.o ABSOLUTE
    ..\SYSTEM\delay\delay.c                  0x00000000   Number         0  delay.o ABSOLUTE
    ..\SYSTEM\sys\sys.c                      0x00000000   Number         0  sys.o ABSOLUTE
    ..\SYSTEM\usart\usart.c                  0x00000000   Number         0  usart.o ABSOLUTE
    ..\\CORE\\core_cm3.c                     0x00000000   Number         0  core_cm3.o ABSOLUTE
    ..\\SYSTEM\\sys\\sys.c                   0x00000000   Number         0  sys.o ABSOLUTE
    ..\minibalance\CONTR\control.c           0x00000000   Number         0  control.o ABSOLUTE
    ..\minibalance\DataScope_DP\DataScope_DP.C 0x00000000   Number         0  datascope_dp.o ABSOLUTE
    ..\minibalance\SHOW\show.c               0x00000000   Number         0  show.o ABSOLUTE
    dc.s                                     0x00000000   Number         0  dc.o ABSOLUTE
    main.c                                   0x00000000   Number         0  main.o ABSOLUTE
    stm32f10x_it.c                           0x00000000   Number         0  stm32f10x_it.o ABSOLUTE
    system_stm32f10x.c                       0x00000000   Number         0  system_stm32f10x.o ABSOLUTE
    RESET                                    0x08000000   Section      236  startup_stm32f10x_md.o(RESET)
    !!!main                                  0x080000ec   Section        8  __main.o(!!!main)
    !!!scatter                               0x080000f4   Section       52  __scatter.o(!!!scatter)
    !!dczerorl2                              0x08000128   Section       90  __dczerorl2.o(!!dczerorl2)
    !!handler_zi                             0x08000184   Section       28  __scatter_zi.o(!!handler_zi)
    .ARM.Collect$$libinit$$00000000          0x080001a0   Section        2  libinit.o(.ARM.Collect$$libinit$$00000000)
    .ARM.Collect$$libinit$$00000002          0x080001a2   Section        0  libinit2.o(.ARM.Collect$$libinit$$00000002)
    .ARM.Collect$$libinit$$00000008          0x080001a2   Section        0  libinit2.o(.ARM.Collect$$libinit$$00000008)
    .ARM.Collect$$libinit$$0000000A          0x080001a2   Section        0  libinit2.o(.ARM.Collect$$libinit$$0000000A)
    .ARM.Collect$$libinit$$0000000C          0x080001a2   Section        0  libinit2.o(.ARM.Collect$$libinit$$0000000C)
    .ARM.Collect$$libinit$$0000000F          0x080001a2   Section        0  libinit2.o(.ARM.Collect$$libinit$$0000000F)
    .ARM.Collect$$libinit$$00000011          0x080001a2   Section        0  libinit2.o(.ARM.Collect$$libinit$$00000011)
    .ARM.Collect$$libinit$$00000013          0x080001a2   Section        0  libinit2.o(.ARM.Collect$$libinit$$00000013)
    .ARM.Collect$$libinit$$00000015          0x080001a2   Section        0  libinit2.o(.ARM.Collect$$libinit$$00000015)
    .ARM.Collect$$libinit$$00000017          0x080001a2   Section        0  libinit2.o(.ARM.Collect$$libinit$$00000017)
    .ARM.Collect$$libinit$$00000019          0x080001a2   Section        0  libinit2.o(.ARM.Collect$$libinit$$00000019)
    .ARM.Collect$$libinit$$0000001B          0x080001a2   Section        0  libinit2.o(.ARM.Collect$$libinit$$0000001B)
    .ARM.Collect$$libinit$$0000001D          0x080001a2   Section        0  libinit2.o(.ARM.Collect$$libinit$$0000001D)
    .ARM.Collect$$libinit$$0000001F          0x080001a2   Section        0  libinit2.o(.ARM.Collect$$libinit$$0000001F)
    .ARM.Collect$$libinit$$00000021          0x080001a2   Section        0  libinit2.o(.ARM.Collect$$libinit$$00000021)
    .ARM.Collect$$libinit$$00000023          0x080001a2   Section        0  libinit2.o(.ARM.Collect$$libinit$$00000023)
    .ARM.Collect$$libinit$$0000002A          0x080001a2   Section        0  libinit2.o(.ARM.Collect$$libinit$$0000002A)
    .ARM.Collect$$libinit$$0000002C          0x080001a2   Section        0  libinit2.o(.ARM.Collect$$libinit$$0000002C)
    .ARM.Collect$$libinit$$0000002E          0x080001a2   Section        0  libinit2.o(.ARM.Collect$$libinit$$0000002E)
    .ARM.Collect$$libinit$$00000030          0x080001a2   Section        0  libinit2.o(.ARM.Collect$$libinit$$00000030)
    .ARM.Collect$$libinit$$00000031          0x080001a2   Section        2  libinit2.o(.ARM.Collect$$libinit$$00000031)
    .ARM.Collect$$libshutdown$$00000000      0x080001a4   Section        2  libshutdown.o(.ARM.Collect$$libshutdown$$00000000)
    .ARM.Collect$$libshutdown$$00000003      0x080001a6   Section        0  libshutdown2.o(.ARM.Collect$$libshutdown$$00000003)
    .ARM.Collect$$libshutdown$$00000006      0x080001a6   Section        0  libshutdown2.o(.ARM.Collect$$libshutdown$$00000006)
    .ARM.Collect$$libshutdown$$00000009      0x080001a6   Section        0  libshutdown2.o(.ARM.Collect$$libshutdown$$00000009)
    .ARM.Collect$$libshutdown$$0000000B      0x080001a6   Section        0  libshutdown2.o(.ARM.Collect$$libshutdown$$0000000B)
    .ARM.Collect$$libshutdown$$0000000E      0x080001a6   Section        0  libshutdown2.o(.ARM.Collect$$libshutdown$$0000000E)
    .ARM.Collect$$libshutdown$$0000000F      0x080001a6   Section        2  libshutdown2.o(.ARM.Collect$$libshutdown$$0000000F)
    .ARM.Collect$$rtentry$$00000000          0x080001a8   Section        0  rtentry.o(.ARM.Collect$$rtentry$$00000000)
    .ARM.Collect$$rtentry$$00000002          0x080001a8   Section        0  rtentry2.o(.ARM.Collect$$rtentry$$00000002)
    .ARM.Collect$$rtentry$$00000004          0x080001a8   Section        6  rtentry4.o(.ARM.Collect$$rtentry$$00000004)
    .ARM.Collect$$rtentry$$00000009          0x080001ae   Section        0  rtentry2.o(.ARM.Collect$$rtentry$$00000009)
    .ARM.Collect$$rtentry$$0000000A          0x080001ae   Section        4  rtentry2.o(.ARM.Collect$$rtentry$$0000000A)
    .ARM.Collect$$rtentry$$0000000C          0x080001b2   Section        0  rtentry2.o(.ARM.Collect$$rtentry$$0000000C)
    .ARM.Collect$$rtentry$$0000000D          0x080001b2   Section        8  rtentry2.o(.ARM.Collect$$rtentry$$0000000D)
    .ARM.Collect$$rtexit$$00000000           0x080001ba   Section        2  rtexit.o(.ARM.Collect$$rtexit$$00000000)
    .ARM.Collect$$rtexit$$00000002           0x080001bc   Section        0  rtexit2.o(.ARM.Collect$$rtexit$$00000002)
    .ARM.Collect$$rtexit$$00000003           0x080001bc   Section        4  rtexit2.o(.ARM.Collect$$rtexit$$00000003)
    .ARM.Collect$$rtexit$$00000004           0x080001c0   Section        6  rtexit2.o(.ARM.Collect$$rtexit$$00000004)
    .text                                    0x080001c8   Section       64  startup_stm32f10x_md.o(.text)
    .text                                    0x08000208   Section        2  use_no_semi_2.o(.text)
    .text                                    0x0800020a   Section        0  heapauxi.o(.text)
    .text                                    0x08000210   Section        2  use_no_semi.o(.text)
    .text                                    0x08000212   Section       74  sys_stackheap_outer.o(.text)
    .text                                    0x0800025c   Section        0  exit.o(.text)
    .text                                    0x08000268   Section        8  libspace.o(.text)
    i.ADC_Cmd                                0x08000270   Section        0  stm32f10x_adc.o(i.ADC_Cmd)
    i.ADC_DeInit                             0x08000288   Section        0  stm32f10x_adc.o(i.ADC_DeInit)
    i.ADC_GetCalibrationStatus               0x080002e4   Section        0  stm32f10x_adc.o(i.ADC_GetCalibrationStatus)
    i.ADC_GetConversionValue                 0x080002f8   Section        0  stm32f10x_adc.o(i.ADC_GetConversionValue)
    i.ADC_GetFlagStatus                      0x08000300   Section        0  stm32f10x_adc.o(i.ADC_GetFlagStatus)
    i.ADC_GetResetCalibrationStatus          0x08000312   Section        0  stm32f10x_adc.o(i.ADC_GetResetCalibrationStatus)
    i.ADC_Init                               0x08000328   Section        0  stm32f10x_adc.o(i.ADC_Init)
    i.ADC_RegularChannelConfig               0x08000378   Section        0  stm32f10x_adc.o(i.ADC_RegularChannelConfig)
    i.ADC_ResetCalibration                   0x08000430   Section        0  stm32f10x_adc.o(i.ADC_ResetCalibration)
    i.ADC_SoftwareStartConvCmd               0x0800043a   Section        0  stm32f10x_adc.o(i.ADC_SoftwareStartConvCmd)
    i.ADC_StartCalibration                   0x08000450   Section        0  stm32f10x_adc.o(i.ADC_StartCalibration)
    i.Adc_Init                               0x0800045c   Section        0  adc.o(i.Adc_Init)
    i.Auto_run                               0x080004f0   Section        0  control.o(i.Auto_run)
    i.BusFault_Handler                       0x08000780   Section        0  stm32f10x_it.o(i.BusFault_Handler)
    i.DataScope                              0x08000784   Section        0  show.o(i.DataScope)
    i.DataScope_Data_Generate                0x0800080c   Section        0  datascope_dp.o(i.DataScope_Data_Generate)
    i.DataScope_Get_Channel_Data             0x080008a4   Section        0  datascope_dp.o(i.DataScope_Get_Channel_Data)
    i.DebugMon_Handler                       0x08000948   Section        0  stm32f10x_it.o(i.DebugMon_Handler)
    i.EXTI15_10_IRQHandler                   0x0800094c   Section        0  exti.o(i.EXTI15_10_IRQHandler)
    i.EXTI2_IRQHandler                       0x0800096c   Section        0  exti.o(i.EXTI2_IRQHandler)
    i.EXTIX_Init                             0x0800098c   Section        0  exti.o(i.EXTIX_Init)
    i.EXTI_ClearITPendingBit                 0x08000a60   Section        0  stm32f10x_exti.o(i.EXTI_ClearITPendingBit)
    i.EXTI_Init                              0x08000a6c   Section        0  stm32f10x_exti.o(i.EXTI_Init)
    i.Encoder_Init_TIM2                      0x08000b00   Section        0  encoder.o(i.Encoder_Init_TIM2)
    i.Encoder_Init_TIM4                      0x08000ba0   Section        0  encoder.o(i.Encoder_Init_TIM4)
    i.Find_Zero                              0x08000c3c   Section        0  control.o(i.Find_Zero)
    i.Float2Byte                             0x08000e00   Section        0  datascope_dp.o(i.Float2Byte)
    i.GPIO_EXTILineConfig                    0x08000e1c   Section        0  stm32f10x_gpio.o(i.GPIO_EXTILineConfig)
    i.GPIO_Init                              0x08000e5c   Section        0  stm32f10x_gpio.o(i.GPIO_Init)
    i.GPIO_PinRemapConfig                    0x08000f74   Section        0  stm32f10x_gpio.o(i.GPIO_PinRemapConfig)
    i.GPIO_SetBits                           0x08001004   Section        0  stm32f10x_gpio.o(i.GPIO_SetBits)
    i.Get_Adc                                0x08001008   Section        0  adc.o(i.Get_Adc)
    i.Get_Adc_Average                        0x0800103c   Section        0  adc.o(i.Get_Adc_Average)
    i.Get_D_Angle_Balance                    0x0800106c   Section        0  control.o(i.Get_D_Angle_Balance)
    i.HardFault_Handler                      0x080010c0   Section        0  stm32f10x_it.o(i.HardFault_Handler)
    i.Incremental_PI                         0x080010c4   Section        0  control.o(i.Incremental_PI)
    i.KEY_Init                               0x08001148   Section        0  key.o(i.KEY_Init)
    i.Key                                    0x08001190   Section        0  control.o(i.Key)
    i.LED_Init                               0x08001290   Section        0  led.o(i.LED_Init)
    i.Mean_Filter                            0x080012c0   Section        0  control.o(i.Mean_Filter)
    i.MemManage_Handler                      0x08001310   Section        0  stm32f10x_it.o(i.MemManage_Handler)
    i.MiniBalance_Motor_Init                 0x08001314   Section        0  motor.o(i.MiniBalance_Motor_Init)
    i.MiniBalance_PWM_Init                   0x08001384   Section        0  motor.o(i.MiniBalance_PWM_Init)
    i.NMI_Handler                            0x08001424   Section        0  stm32f10x_it.o(i.NMI_Handler)
    i.NVIC_Init                              0x08001428   Section        0  misc.o(i.NVIC_Init)
    i.NVIC_PriorityGroupConfig               0x08001498   Section        0  misc.o(i.NVIC_PriorityGroupConfig)
    i.OLED_Clear                             0x080014ac   Section        0  oled.o(i.OLED_Clear)
    i.OLED_DrawPoint                         0x080014dc   Section        0  oled.o(i.OLED_DrawPoint)
    i.OLED_Init                              0x08001544   Section        0  oled.o(i.OLED_Init)
    i.OLED_Refresh_Gram                      0x08001690   Section        0  oled.o(i.OLED_Refresh_Gram)
    i.OLED_ShowChar                          0x080016dc   Section        0  oled.o(i.OLED_ShowChar)
    i.OLED_ShowNumber                        0x08001784   Section        0  oled.o(i.OLED_ShowNumber)
    i.OLED_ShowString                        0x08001818   Section        0  oled.o(i.OLED_ShowString)
    i.OLED_WR_Byte                           0x0800185c   Section        0  oled.o(i.OLED_WR_Byte)
    i.PendSV_Handler                         0x080018b4   Section        0  stm32f10x_it.o(i.PendSV_Handler)
    i.Position                               0x080018b8   Section        0  control.o(i.Position)
    i.Position_PID                           0x080019c8   Section        0  control.o(i.Position_PID)
    i.Pre_Position                           0x08001a94   Section        0  control.o(i.Pre_Position)
    i.RCC_ADCCLKConfig                       0x08001b24   Section        0  stm32f10x_rcc.o(i.RCC_ADCCLKConfig)
    i.RCC_APB1PeriphClockCmd                 0x08001b3c   Section        0  stm32f10x_rcc.o(i.RCC_APB1PeriphClockCmd)
    i.RCC_APB2PeriphClockCmd                 0x08001b5c   Section        0  stm32f10x_rcc.o(i.RCC_APB2PeriphClockCmd)
    i.RCC_APB2PeriphResetCmd                 0x08001b7c   Section        0  stm32f10x_rcc.o(i.RCC_APB2PeriphResetCmd)
    i.RCC_GetClocksFreq                      0x08001b9c   Section        0  stm32f10x_rcc.o(i.RCC_GetClocksFreq)
    i.Read_Encoder                           0x08001c70   Section        0  encoder.o(i.Read_Encoder)
    i.SVC_Handler                            0x08001cc0   Section        0  stm32f10x_it.o(i.SVC_Handler)
    i.SetSysClock                            0x08001cc2   Section        0  system_stm32f10x.o(i.SetSysClock)
    SetSysClock                              0x08001cc3   Thumb Code     8  system_stm32f10x.o(i.SetSysClock)
    i.SetSysClockTo72                        0x08001ccc   Section        0  system_stm32f10x.o(i.SetSysClockTo72)
    SetSysClockTo72                          0x08001ccd   Thumb Code   214  system_stm32f10x.o(i.SetSysClockTo72)
    i.Set_Pwm                                0x08001dac   Section        0  control.o(i.Set_Pwm)
    i.SysTick_CLKSourceConfig                0x08001dd4   Section        0  misc.o(i.SysTick_CLKSourceConfig)
    i.SysTick_Handler                        0x08001dfc   Section        0  stm32f10x_it.o(i.SysTick_Handler)
    i.SystemInit                             0x08001e00   Section        0  system_stm32f10x.o(i.SystemInit)
    i.TI1_Config                             0x08001e60   Section        0  stm32f10x_tim.o(i.TI1_Config)
    TI1_Config                               0x08001e61   Thumb Code   108  stm32f10x_tim.o(i.TI1_Config)
    i.TI2_Config                             0x08001ee0   Section        0  stm32f10x_tim.o(i.TI2_Config)
    TI2_Config                               0x08001ee1   Thumb Code   130  stm32f10x_tim.o(i.TI2_Config)
    i.TI3_Config                             0x08001f78   Section        0  stm32f10x_tim.o(i.TI3_Config)
    TI3_Config                               0x08001f79   Thumb Code   122  stm32f10x_tim.o(i.TI3_Config)
    i.TI4_Config                             0x08002008   Section        0  stm32f10x_tim.o(i.TI4_Config)
    TI4_Config                               0x08002009   Thumb Code   130  stm32f10x_tim.o(i.TI4_Config)
    i.TIM2_IRQHandler                        0x080020a0   Section        0  encoder.o(i.TIM2_IRQHandler)
    i.TIM3_IRQHandler                        0x080020b8   Section        0  control.o(i.TIM3_IRQHandler)
    i.TIM3_Int_Init                          0x08002260   Section        0  timer.o(i.TIM3_Int_Init)
    i.TIM4_IRQHandler                        0x080022c0   Section        0  encoder.o(i.TIM4_IRQHandler)
    i.TIM_ARRPreloadConfig                   0x080022d8   Section        0  stm32f10x_tim.o(i.TIM_ARRPreloadConfig)
    i.TIM_ClearFlag                          0x080022f0   Section        0  stm32f10x_tim.o(i.TIM_ClearFlag)
    i.TIM_ClearITPendingBit                  0x080022f6   Section        0  stm32f10x_tim.o(i.TIM_ClearITPendingBit)
    i.TIM_Cmd                                0x080022fc   Section        0  stm32f10x_tim.o(i.TIM_Cmd)
    i.TIM_CtrlPWMOutputs                     0x08002314   Section        0  stm32f10x_tim.o(i.TIM_CtrlPWMOutputs)
    i.TIM_EncoderInterfaceConfig             0x08002332   Section        0  stm32f10x_tim.o(i.TIM_EncoderInterfaceConfig)
    i.TIM_GetITStatus                        0x08002374   Section        0  stm32f10x_tim.o(i.TIM_GetITStatus)
    i.TIM_ICInit                             0x08002398   Section        0  stm32f10x_tim.o(i.TIM_ICInit)
    i.TIM_ICStructInit                       0x08002444   Section        0  stm32f10x_tim.o(i.TIM_ICStructInit)
    i.TIM_ITConfig                           0x08002456   Section        0  stm32f10x_tim.o(i.TIM_ITConfig)
    i.TIM_OC1Init                            0x08002468   Section        0  stm32f10x_tim.o(i.TIM_OC1Init)
    i.TIM_OC1PreloadConfig                   0x08002500   Section        0  stm32f10x_tim.o(i.TIM_OC1PreloadConfig)
    i.TIM_OC4Init                            0x08002514   Section        0  stm32f10x_tim.o(i.TIM_OC4Init)
    i.TIM_SetCounter                         0x08002590   Section        0  stm32f10x_tim.o(i.TIM_SetCounter)
    i.TIM_SetIC1Prescaler                    0x08002594   Section        0  stm32f10x_tim.o(i.TIM_SetIC1Prescaler)
    i.TIM_SetIC2Prescaler                    0x080025a6   Section        0  stm32f10x_tim.o(i.TIM_SetIC2Prescaler)
    i.TIM_SetIC3Prescaler                    0x080025c0   Section        0  stm32f10x_tim.o(i.TIM_SetIC3Prescaler)
    i.TIM_SetIC4Prescaler                    0x080025d2   Section        0  stm32f10x_tim.o(i.TIM_SetIC4Prescaler)
    i.TIM_TimeBaseInit                       0x080025ec   Section        0  stm32f10x_tim.o(i.TIM_TimeBaseInit)
    i.TIM_TimeBaseStructInit                 0x08002690   Section        0  stm32f10x_tim.o(i.TIM_TimeBaseStructInit)
    i.Turn_Off                               0x080026a4   Section        0  control.o(i.Turn_Off)
    i.USART1_IRQHandler                      0x0800274c   Section        0  usart.o(i.USART1_IRQHandler)
    i.USART_Cmd                              0x080027d4   Section        0  stm32f10x_usart.o(i.USART_Cmd)
    i.USART_GetITStatus                      0x080027ec   Section        0  stm32f10x_usart.o(i.USART_GetITStatus)
    i.USART_ITConfig                         0x08002840   Section        0  stm32f10x_usart.o(i.USART_ITConfig)
    i.USART_Init                             0x0800288c   Section        0  stm32f10x_usart.o(i.USART_Init)
    i.USART_ReceiveData                      0x08002964   Section        0  stm32f10x_usart.o(i.USART_ReceiveData)
    i.UsageFault_Handler                     0x0800296e   Section        0  stm32f10x_it.o(i.UsageFault_Handler)
    i.Xianfu_Pwm                             0x08002974   Section        0  control.o(i.Xianfu_Pwm)
    i._sys_exit                              0x0800299c   Section        0  usart.o(i._sys_exit)
    i.balance                                0x080029a4   Section        0  control.o(i.balance)
    i.click_N_Double                         0x08002a04   Section        0  key.o(i.click_N_Double)
    i.delay_init                             0x08002ad4   Section        0  delay.o(i.delay_init)
    i.delay_ms                               0x08002b18   Section        0  delay.o(i.delay_ms)
    i.delay_us                               0x08002b64   Section        0  delay.o(i.delay_us)
    i.main                                   0x08002bb0   Section        0  main.o(i.main)
    i.oled_pow                               0x08002c20   Section        0  oled.o(i.oled_pow)
    i.oled_show                              0x08002c38   Section        0  show.o(i.oled_show)
    i.uart_init                              0x08002e00   Section        0  usart.o(i.uart_init)
    x$fpl$d2f                                0x08002ea4   Section       98  d2f.o(x$fpl$d2f)
    x$fpl$dadd                               0x08002f08   Section      336  daddsub_clz.o(x$fpl$dadd)
    _dadd1                                   0x08002f19   Thumb Code     0  daddsub_clz.o(x$fpl$dadd)
    x$fpl$ddiv                               0x08003058   Section      688  ddiv.o(x$fpl$ddiv)
    ddiv_entry                               0x0800305f   Thumb Code     0  ddiv.o(x$fpl$ddiv)
    x$fpl$dfix                               0x08003308   Section       94  dfix.o(x$fpl$dfix)
    x$fpl$dfltu                              0x08003366   Section       38  dflt_clz.o(x$fpl$dfltu)
    x$fpl$dmul                               0x0800338c   Section      340  dmul.o(x$fpl$dmul)
    x$fpl$dnaninf                            0x080034e0   Section      156  dnaninf.o(x$fpl$dnaninf)
    x$fpl$dretinf                            0x0800357c   Section       12  dretinf.o(x$fpl$dretinf)
    x$fpl$dsub                               0x08003588   Section      468  daddsub_clz.o(x$fpl$dsub)
    _dsub1                                   0x08003599   Thumb Code     0  daddsub_clz.o(x$fpl$dsub)
    x$fpl$f2d                                0x0800375c   Section       86  f2d.o(x$fpl$f2d)
    x$fpl$fadd                               0x080037b4   Section      196  faddsub_clz.o(x$fpl$fadd)
    _fadd1                                   0x080037c3   Thumb Code     0  faddsub_clz.o(x$fpl$fadd)
    x$fpl$fcmpinf                            0x08003878   Section       24  fcmpi.o(x$fpl$fcmpinf)
    x$fpl$fdiv                               0x08003890   Section      388  fdiv.o(x$fpl$fdiv)
    _fdiv1                                   0x08003891   Thumb Code     0  fdiv.o(x$fpl$fdiv)
    x$fpl$ffix                               0x08003a14   Section       54  ffix.o(x$fpl$ffix)
    x$fpl$ffixu                              0x08003a4c   Section       62  ffixu.o(x$fpl$ffixu)
    x$fpl$fflt                               0x08003a8c   Section       48  fflt_clz.o(x$fpl$fflt)
    x$fpl$ffltu                              0x08003abc   Section       38  fflt_clz.o(x$fpl$ffltu)
    x$fpl$fleqf                              0x08003ae4   Section      104  fleqf.o(x$fpl$fleqf)
    x$fpl$fmul                               0x08003b4c   Section      258  fmul.o(x$fpl$fmul)
    x$fpl$fnaninf                            0x08003c4e   Section      140  fnaninf.o(x$fpl$fnaninf)
    x$fpl$fretinf                            0x08003cda   Section       10  fretinf.o(x$fpl$fretinf)
    x$fpl$frleqf                             0x08003ce4   Section       98  frleqf.o(x$fpl$frleqf)
    x$fpl$fsub                               0x08003d48   Section      234  faddsub_clz.o(x$fpl$fsub)
    _fsub1                                   0x08003d57   Thumb Code     0  faddsub_clz.o(x$fpl$fsub)
    .constdata                               0x08003e32   Section     2660  oled.o(.constdata)
    x$fpl$usenofp                            0x08003e32   Section        0  usenofp.o(x$fpl$usenofp)
    .data                                    0x20000000   Section       76  main.o(.data)
    .data                                    0x2000004c   Section       20  system_stm32f10x.o(.data)
    .data                                    0x20000060   Section       20  stm32f10x_rcc.o(.data)
    APBAHBPrescTable                         0x20000060   Data          16  stm32f10x_rcc.o(.data)
    ADCPrescTable                            0x20000070   Data           4  stm32f10x_rcc.o(.data)
    .data                                    0x20000074   Section       14  key.o(.data)
    flag_key                                 0x20000074   Data           1  key.o(.data)
    count_key                                0x20000075   Data           1  key.o(.data)
    double_key                               0x20000076   Data           1  key.o(.data)
    count_single                             0x20000078   Data           2  key.o(.data)
    Forever_count                            0x2000007a   Data           2  key.o(.data)
    flag_key                                 0x2000007c   Data           1  key.o(.data)
    Long_Press_count                         0x2000007e   Data           2  key.o(.data)
    Long_Press                               0x20000080   Data           2  key.o(.data)
    .data                                    0x20000082   Section        4  delay.o(.data)
    fac_us                                   0x20000082   Data           1  delay.o(.data)
    fac_ms                                   0x20000084   Data           2  delay.o(.data)
    .data                                    0x20000088   Section        6  usart.o(.data)
    .data                                    0x20000090   Section        8  show.o(.data)
    .data                                    0x20000098   Section      152  control.o(.data)
    Last_Bias                                0x200000c8   Data           4  control.o(.data)
    D_Bias                                   0x200000cc   Data           4  control.o(.data)
    Position_PWM                             0x200000d0   Data           4  control.o(.data)
    Last_Position                            0x200000d4   Data           4  control.o(.data)
    Position_Bias                            0x200000d8   Data           4  control.o(.data)
    Position_Differential                    0x200000dc   Data           4  control.o(.data)
    Position_Least                           0x200000e0   Data           4  control.o(.data)
    Position_PWM                             0x200000e4   Data           4  control.o(.data)
    Last_Position                            0x200000e8   Data           4  control.o(.data)
    Position_Bias                            0x200000ec   Data           4  control.o(.data)
    Position_Differential                    0x200000f0   Data           4  control.o(.data)
    count                                    0x200000f4   Data           1  control.o(.data)
    tmp                                      0x200000f8   Data           4  control.o(.data)
    count                                    0x200000fc   Data           4  control.o(.data)
    Bias                                     0x20000100   Data           4  control.o(.data)
    Pwm                                      0x20000104   Data           4  control.o(.data)
    Integral_bias                            0x20000108   Data           4  control.o(.data)
    Last_Bias                                0x2000010c   Data           4  control.o(.data)
    Bias                                     0x20000110   Data           4  control.o(.data)
    Pwm                                      0x20000114   Data           4  control.o(.data)
    Last_bias                                0x20000118   Data           4  control.o(.data)
    Speed_Buf                                0x2000011c   Data           8  control.o(.data)
    flag                                     0x20000124   Data           1  control.o(.data)
    count                                    0x20000128   Data           4  control.o(.data)
    Ratio_Count                              0x2000012c   Data           4  control.o(.data)
    .bss                                     0x20000130   Section     1024  oled.o(.bss)
    .bss                                     0x20000530   Section      200  usart.o(.bss)
    .bss                                     0x200005f8   Section       42  datascope_dp.o(.bss)
    .bss                                     0x20000624   Section       96  libspace.o(.bss)
    HEAP                                     0x20000688   Section      512  startup_stm32f10x_md.o(HEAP)
    Heap_Mem                                 0x20000688   Data         512  startup_stm32f10x_md.o(HEAP)
    STACK                                    0x20000888   Section     1024  startup_stm32f10x_md.o(STACK)
    Stack_Mem                                0x20000888   Data        1024  startup_stm32f10x_md.o(STACK)
    __initial_sp                             0x20000c88   Data           0  startup_stm32f10x_md.o(STACK)

    Global Symbols

    Symbol Name                              Value     Ov Type        Size  Object(Section)

    BuildAttributes$$THM_ISAv4$P$D$K$B$S$PE$A:L22UL41UL21$X:L11$S22US41US21$IEEE1$IW$USESV6$~STKCKD$USESV7$~SHL$OSPACE$ROPI$EBA8$UX$STANDARDLIB$REQ8$PRES8$EABIv2 0x00000000   Number         0  anon$$obj.o ABSOLUTE
    __ARM_use_no_argv                        0x00000000   Number         0  main.o ABSOLUTE
    __ARM_exceptions_init                     - Undefined Weak Reference
    __alloca_initialize                       - Undefined Weak Reference
    __cpp_initialize__aeabi_                  - Undefined Weak Reference
    __cxa_finalize                            - Undefined Weak Reference
    __rt_locale                               - Undefined Weak Reference
    __sigvec_lookup                           - Undefined Weak Reference
    _atexit_init                              - Undefined Weak Reference
    _call_atexit_fns                          - Undefined Weak Reference
    _clock_init                               - Undefined Weak Reference
    _fp_trap_init                             - Undefined Weak Reference
    _fp_trap_shutdown                         - Undefined Weak Reference
    _get_lc_collate                           - Undefined Weak Reference
    _get_lc_ctype                             - Undefined Weak Reference
    _get_lc_monetary                          - Undefined Weak Reference
    _get_lc_numeric                           - Undefined Weak Reference
    _get_lc_time                              - Undefined Weak Reference
    _getenv_init                              - Undefined Weak Reference
    _handle_redirection                       - Undefined Weak Reference
    _init_alloc                               - Undefined Weak Reference
    _init_user_alloc                          - Undefined Weak Reference
    _initio                                   - Undefined Weak Reference
    _rand_init                                - Undefined Weak Reference
    _signal_finish                            - Undefined Weak Reference
    _signal_init                              - Undefined Weak Reference
    _terminate_alloc                          - Undefined Weak Reference
    _terminate_user_alloc                     - Undefined Weak Reference
    _terminateio                              - Undefined Weak Reference
    __Vectors_Size                           0x000000ec   Number         0  startup_stm32f10x_md.o ABSOLUTE
    __Vectors                                0x08000000   Data           4  startup_stm32f10x_md.o(RESET)
    __Vectors_End                            0x080000ec   Data           0  startup_stm32f10x_md.o(RESET)
    __main                                   0x080000ed   Thumb Code     8  __main.o(!!!main)
    __scatterload                            0x080000f5   Thumb Code     0  __scatter.o(!!!scatter)
    __scatterload_rt2                        0x080000f5   Thumb Code    44  __scatter.o(!!!scatter)
    __scatterload_rt2_thumb_only             0x080000f5   Thumb Code     0  __scatter.o(!!!scatter)
    __scatterload_null                       0x08000103   Thumb Code     0  __scatter.o(!!!scatter)
    __decompress                             0x08000129   Thumb Code    90  __dczerorl2.o(!!dczerorl2)
    __decompress1                            0x08000129   Thumb Code     0  __dczerorl2.o(!!dczerorl2)
    __scatterload_zeroinit                   0x08000185   Thumb Code    28  __scatter_zi.o(!!handler_zi)
    __rt_lib_init                            0x080001a1   Thumb Code     0  libinit.o(.ARM.Collect$$libinit$$00000000)
    __rt_lib_init_alloca_1                   0x080001a3   Thumb Code     0  libinit2.o(.ARM.Collect$$libinit$$0000002C)
    __rt_lib_init_argv_1                     0x080001a3   Thumb Code     0  libinit2.o(.ARM.Collect$$libinit$$0000002A)
    __rt_lib_init_atexit_1                   0x080001a3   Thumb Code     0  libinit2.o(.ARM.Collect$$libinit$$00000019)
    __rt_lib_init_clock_1                    0x080001a3   Thumb Code     0  libinit2.o(.ARM.Collect$$libinit$$0000001F)
    __rt_lib_init_cpp_1                      0x080001a3   Thumb Code     0  libinit2.o(.ARM.Collect$$libinit$$00000030)
    __rt_lib_init_exceptions_1               0x080001a3   Thumb Code     0  libinit2.o(.ARM.Collect$$libinit$$0000002E)
    __rt_lib_init_fp_1                       0x080001a3   Thumb Code     0  libinit2.o(.ARM.Collect$$libinit$$00000002)
    __rt_lib_init_fp_trap_1                  0x080001a3   Thumb Code     0  libinit2.o(.ARM.Collect$$libinit$$0000001D)
    __rt_lib_init_getenv_1                   0x080001a3   Thumb Code     0  libinit2.o(.ARM.Collect$$libinit$$00000021)
    __rt_lib_init_heap_1                     0x080001a3   Thumb Code     0  libinit2.o(.ARM.Collect$$libinit$$00000008)
    __rt_lib_init_lc_collate_1               0x080001a3   Thumb Code     0  libinit2.o(.ARM.Collect$$libinit$$0000000F)
    __rt_lib_init_lc_ctype_1                 0x080001a3   Thumb Code     0  libinit2.o(.ARM.Collect$$libinit$$00000011)
    __rt_lib_init_lc_monetary_1              0x080001a3   Thumb Code     0  libinit2.o(.ARM.Collect$$libinit$$00000013)
    __rt_lib_init_lc_numeric_1               0x080001a3   Thumb Code     0  libinit2.o(.ARM.Collect$$libinit$$00000015)
    __rt_lib_init_lc_time_1                  0x080001a3   Thumb Code     0  libinit2.o(.ARM.Collect$$libinit$$00000017)
    __rt_lib_init_rand_1                     0x080001a3   Thumb Code     0  libinit2.o(.ARM.Collect$$libinit$$0000000C)
    __rt_lib_init_return                     0x080001a3   Thumb Code     0  libinit2.o(.ARM.Collect$$libinit$$00000031)
    __rt_lib_init_signal_1                   0x080001a3   Thumb Code     0  libinit2.o(.ARM.Collect$$libinit$$0000001B)
    __rt_lib_init_stdio_1                    0x080001a3   Thumb Code     0  libinit2.o(.ARM.Collect$$libinit$$00000023)
    __rt_lib_init_user_alloc_1               0x080001a3   Thumb Code     0  libinit2.o(.ARM.Collect$$libinit$$0000000A)
    __rt_lib_shutdown                        0x080001a5   Thumb Code     0  libshutdown.o(.ARM.Collect$$libshutdown$$00000000)
    __rt_lib_shutdown_fp_trap_1              0x080001a7   Thumb Code     0  libshutdown2.o(.ARM.Collect$$libshutdown$$00000006)
    __rt_lib_shutdown_heap_1                 0x080001a7   Thumb Code     0  libshutdown2.o(.ARM.Collect$$libshutdown$$0000000E)
    __rt_lib_shutdown_return                 0x080001a7   Thumb Code     0  libshutdown2.o(.ARM.Collect$$libshutdown$$0000000F)
    __rt_lib_shutdown_signal_1               0x080001a7   Thumb Code     0  libshutdown2.o(.ARM.Collect$$libshutdown$$00000009)
    __rt_lib_shutdown_stdio_1                0x080001a7   Thumb Code     0  libshutdown2.o(.ARM.Collect$$libshutdown$$00000003)
    __rt_lib_shutdown_user_alloc_1           0x080001a7   Thumb Code     0  libshutdown2.o(.ARM.Collect$$libshutdown$$0000000B)
    __rt_entry                               0x080001a9   Thumb Code     0  rtentry.o(.ARM.Collect$$rtentry$$00000000)
    __rt_entry_presh_1                       0x080001a9   Thumb Code     0  rtentry2.o(.ARM.Collect$$rtentry$$00000002)
    __rt_entry_sh                            0x080001a9   Thumb Code     0  rtentry4.o(.ARM.Collect$$rtentry$$00000004)
    __rt_entry_li                            0x080001af   Thumb Code     0  rtentry2.o(.ARM.Collect$$rtentry$$0000000A)
    __rt_entry_postsh_1                      0x080001af   Thumb Code     0  rtentry2.o(.ARM.Collect$$rtentry$$00000009)
    __rt_entry_main                          0x080001b3   Thumb Code     0  rtentry2.o(.ARM.Collect$$rtentry$$0000000D)
    __rt_entry_postli_1                      0x080001b3   Thumb Code     0  rtentry2.o(.ARM.Collect$$rtentry$$0000000C)
    __rt_exit                                0x080001bb   Thumb Code     0  rtexit.o(.ARM.Collect$$rtexit$$00000000)
    __rt_exit_ls                             0x080001bd   Thumb Code     0  rtexit2.o(.ARM.Collect$$rtexit$$00000003)
    __rt_exit_prels_1                        0x080001bd   Thumb Code     0  rtexit2.o(.ARM.Collect$$rtexit$$00000002)
    __rt_exit_exit                           0x080001c1   Thumb Code     0  rtexit2.o(.ARM.Collect$$rtexit$$00000004)
    Reset_Handler                            0x080001c9   Thumb Code     8  startup_stm32f10x_md.o(.text)
    ADC1_2_IRQHandler                        0x080001e3   Thumb Code     0  startup_stm32f10x_md.o(.text)
    CAN1_RX1_IRQHandler                      0x080001e3   Thumb Code     0  startup_stm32f10x_md.o(.text)
    CAN1_SCE_IRQHandler                      0x080001e3   Thumb Code     0  startup_stm32f10x_md.o(.text)
    DMA1_Channel1_IRQHandler                 0x080001e3   Thumb Code     0  startup_stm32f10x_md.o(.text)
    DMA1_Channel2_IRQHandler                 0x080001e3   Thumb Code     0  startup_stm32f10x_md.o(.text)
    DMA1_Channel3_IRQHandler                 0x080001e3   Thumb Code     0  startup_stm32f10x_md.o(.text)
    DMA1_Channel4_IRQHandler                 0x080001e3   Thumb Code     0  startup_stm32f10x_md.o(.text)
    DMA1_Channel5_IRQHandler                 0x080001e3   Thumb Code     0  startup_stm32f10x_md.o(.text)
    DMA1_Channel6_IRQHandler                 0x080001e3   Thumb Code     0  startup_stm32f10x_md.o(.text)
    DMA1_Channel7_IRQHandler                 0x080001e3   Thumb Code     0  startup_stm32f10x_md.o(.text)
    EXTI0_IRQHandler                         0x080001e3   Thumb Code     0  startup_stm32f10x_md.o(.text)
    EXTI1_IRQHandler                         0x080001e3   Thumb Code     0  startup_stm32f10x_md.o(.text)
    EXTI3_IRQHandler                         0x080001e3   Thumb Code     0  startup_stm32f10x_md.o(.text)
    EXTI4_IRQHandler                         0x080001e3   Thumb Code     0  startup_stm32f10x_md.o(.text)
    EXTI9_5_IRQHandler                       0x080001e3   Thumb Code     0  startup_stm32f10x_md.o(.text)
    FLASH_IRQHandler                         0x080001e3   Thumb Code     0  startup_stm32f10x_md.o(.text)
    I2C1_ER_IRQHandler                       0x080001e3   Thumb Code     0  startup_stm32f10x_md.o(.text)
    I2C1_EV_IRQHandler                       0x080001e3   Thumb Code     0  startup_stm32f10x_md.o(.text)
    I2C2_ER_IRQHandler                       0x080001e3   Thumb Code     0  startup_stm32f10x_md.o(.text)
    I2C2_EV_IRQHandler                       0x080001e3   Thumb Code     0  startup_stm32f10x_md.o(.text)
    PVD_IRQHandler                           0x080001e3   Thumb Code     0  startup_stm32f10x_md.o(.text)
    RCC_IRQHandler                           0x080001e3   Thumb Code     0  startup_stm32f10x_md.o(.text)
    RTCAlarm_IRQHandler                      0x080001e3   Thumb Code     0  startup_stm32f10x_md.o(.text)
    RTC_IRQHandler                           0x080001e3   Thumb Code     0  startup_stm32f10x_md.o(.text)
    SPI1_IRQHandler                          0x080001e3   Thumb Code     0  startup_stm32f10x_md.o(.text)
    SPI2_IRQHandler                          0x080001e3   Thumb Code     0  startup_stm32f10x_md.o(.text)
    TAMPER_IRQHandler                        0x080001e3   Thumb Code     0  startup_stm32f10x_md.o(.text)
    TIM1_BRK_IRQHandler                      0x080001e3   Thumb Code     0  startup_stm32f10x_md.o(.text)
    TIM1_CC_IRQHandler                       0x080001e3   Thumb Code     0  startup_stm32f10x_md.o(.text)
    TIM1_TRG_COM_IRQHandler                  0x080001e3   Thumb Code     0  startup_stm32f10x_md.o(.text)
    TIM1_UP_IRQHandler                       0x080001e3   Thumb Code     0  startup_stm32f10x_md.o(.text)
    USART2_IRQHandler                        0x080001e3   Thumb Code     0  startup_stm32f10x_md.o(.text)
    USART3_IRQHandler                        0x080001e3   Thumb Code     0  startup_stm32f10x_md.o(.text)
    USBWakeUp_IRQHandler                     0x080001e3   Thumb Code     0  startup_stm32f10x_md.o(.text)
    USB_HP_CAN1_TX_IRQHandler                0x080001e3   Thumb Code     0  startup_stm32f10x_md.o(.text)
    USB_LP_CAN1_RX0_IRQHandler               0x080001e3   Thumb Code     0  startup_stm32f10x_md.o(.text)
    WWDG_IRQHandler                          0x080001e3   Thumb Code     0  startup_stm32f10x_md.o(.text)
    __user_initial_stackheap                 0x080001e5   Thumb Code     0  startup_stm32f10x_md.o(.text)
    __use_no_semihosting                     0x08000209   Thumb Code     2  use_no_semi_2.o(.text)
    __use_two_region_memory                  0x0800020b   Thumb Code     2  heapauxi.o(.text)
    __rt_heap_escrow$2region                 0x0800020d   Thumb Code     2  heapauxi.o(.text)
    __rt_heap_expand$2region                 0x0800020f   Thumb Code     2  heapauxi.o(.text)
    __I$use$semihosting                      0x08000211   Thumb Code     0  use_no_semi.o(.text)
    __use_no_semihosting_swi                 0x08000211   Thumb Code     2  use_no_semi.o(.text)
    __user_setup_stackheap                   0x08000213   Thumb Code    74  sys_stackheap_outer.o(.text)
    exit                                     0x0800025d   Thumb Code    12  exit.o(.text)
    __user_libspace                          0x08000269   Thumb Code     8  libspace.o(.text)
    __user_perproc_libspace                  0x08000269   Thumb Code     0  libspace.o(.text)
    __user_perthread_libspace                0x08000269   Thumb Code     0  libspace.o(.text)
    ADC_Cmd                                  0x08000271   Thumb Code    22  stm32f10x_adc.o(i.ADC_Cmd)
    ADC_DeInit                               0x08000289   Thumb Code    78  stm32f10x_adc.o(i.ADC_DeInit)
    ADC_GetCalibrationStatus                 0x080002e5   Thumb Code    20  stm32f10x_adc.o(i.ADC_GetCalibrationStatus)
    ADC_GetConversionValue                   0x080002f9   Thumb Code     8  stm32f10x_adc.o(i.ADC_GetConversionValue)
    ADC_GetFlagStatus                        0x08000301   Thumb Code    18  stm32f10x_adc.o(i.ADC_GetFlagStatus)
    ADC_GetResetCalibrationStatus            0x08000313   Thumb Code    20  stm32f10x_adc.o(i.ADC_GetResetCalibrationStatus)
    ADC_Init                                 0x08000329   Thumb Code    70  stm32f10x_adc.o(i.ADC_Init)
    ADC_RegularChannelConfig                 0x08000379   Thumb Code   184  stm32f10x_adc.o(i.ADC_RegularChannelConfig)
    ADC_ResetCalibration                     0x08000431   Thumb Code    10  stm32f10x_adc.o(i.ADC_ResetCalibration)
    ADC_SoftwareStartConvCmd                 0x0800043b   Thumb Code    22  stm32f10x_adc.o(i.ADC_SoftwareStartConvCmd)
    ADC_StartCalibration                     0x08000451   Thumb Code    10  stm32f10x_adc.o(i.ADC_StartCalibration)
    Adc_Init                                 0x0800045d   Thumb Code   140  adc.o(i.Adc_Init)
    Auto_run                                 0x080004f1   Thumb Code   520  control.o(i.Auto_run)
    BusFault_Handler                         0x08000781   Thumb Code     4  stm32f10x_it.o(i.BusFault_Handler)
    DataScope                                0x08000785   Thumb Code   108  show.o(i.DataScope)
    DataScope_Data_Generate                  0x0800080d   Thumb Code   148  datascope_dp.o(i.DataScope_Data_Generate)
    DataScope_Get_Channel_Data               0x080008a5   Thumb Code   158  datascope_dp.o(i.DataScope_Get_Channel_Data)
    DebugMon_Handler                         0x08000949   Thumb Code     2  stm32f10x_it.o(i.DebugMon_Handler)
    EXTI15_10_IRQHandler                     0x0800094d   Thumb Code    24  exti.o(i.EXTI15_10_IRQHandler)
    EXTI2_IRQHandler                         0x0800096d   Thumb Code    22  exti.o(i.EXTI2_IRQHandler)
    EXTIX_Init                               0x0800098d   Thumb Code   204  exti.o(i.EXTIX_Init)
    EXTI_ClearITPendingBit                   0x08000a61   Thumb Code     6  stm32f10x_exti.o(i.EXTI_ClearITPendingBit)
    EXTI_Init                                0x08000a6d   Thumb Code   142  stm32f10x_exti.o(i.EXTI_Init)
    Encoder_Init_TIM2                        0x08000b01   Thumb Code   154  encoder.o(i.Encoder_Init_TIM2)
    Encoder_Init_TIM4                        0x08000ba1   Thumb Code   148  encoder.o(i.Encoder_Init_TIM4)
    Find_Zero                                0x08000c3d   Thumb Code   350  control.o(i.Find_Zero)
    Float2Byte                               0x08000e01   Thumb Code    28  datascope_dp.o(i.Float2Byte)
    GPIO_EXTILineConfig                      0x08000e1d   Thumb Code    60  stm32f10x_gpio.o(i.GPIO_EXTILineConfig)
    GPIO_Init                                0x08000e5d   Thumb Code   278  stm32f10x_gpio.o(i.GPIO_Init)
    GPIO_PinRemapConfig                      0x08000f75   Thumb Code   138  stm32f10x_gpio.o(i.GPIO_PinRemapConfig)
    GPIO_SetBits                             0x08001005   Thumb Code     4  stm32f10x_gpio.o(i.GPIO_SetBits)
    Get_Adc                                  0x08001009   Thumb Code    46  adc.o(i.Get_Adc)
    Get_Adc_Average                          0x0800103d   Thumb Code    46  adc.o(i.Get_Adc_Average)
    Get_D_Angle_Balance                      0x0800106d   Thumb Code    66  control.o(i.Get_D_Angle_Balance)
    HardFault_Handler                        0x080010c1   Thumb Code     4  stm32f10x_it.o(i.HardFault_Handler)
    Incremental_PI                           0x080010c5   Thumb Code   110  control.o(i.Incremental_PI)
    KEY_Init                                 0x08001149   Thumb Code    62  key.o(i.KEY_Init)
    Key                                      0x08001191   Thumb Code   206  control.o(i.Key)
    LED_Init                                 0x08001291   Thumb Code    44  led.o(i.LED_Init)
    Mean_Filter                              0x080012c1   Thumb Code    74  control.o(i.Mean_Filter)
    MemManage_Handler                        0x08001311   Thumb Code     4  stm32f10x_it.o(i.MemManage_Handler)
    MiniBalance_Motor_Init                   0x08001315   Thumb Code    98  motor.o(i.MiniBalance_Motor_Init)
    MiniBalance_PWM_Init                     0x08001385   Thumb Code   152  motor.o(i.MiniBalance_PWM_Init)
    NMI_Handler                              0x08001425   Thumb Code     2  stm32f10x_it.o(i.NMI_Handler)
    NVIC_Init                                0x08001429   Thumb Code   100  misc.o(i.NVIC_Init)
    NVIC_PriorityGroupConfig                 0x08001499   Thumb Code    10  misc.o(i.NVIC_PriorityGroupConfig)
    OLED_Clear                               0x080014ad   Thumb Code    42  oled.o(i.OLED_Clear)
    OLED_DrawPoint                           0x080014dd   Thumb Code   100  oled.o(i.OLED_DrawPoint)
    OLED_Init                                0x08001545   Thumb Code   312  oled.o(i.OLED_Init)
    OLED_Refresh_Gram                        0x08001691   Thumb Code    70  oled.o(i.OLED_Refresh_Gram)
    OLED_ShowChar                            0x080016dd   Thumb Code   158  oled.o(i.OLED_ShowChar)
    OLED_ShowNumber                          0x08001785   Thumb Code   148  oled.o(i.OLED_ShowNumber)
    OLED_ShowString                          0x08001819   Thumb Code    68  oled.o(i.OLED_ShowString)
    OLED_WR_Byte                             0x0800185d   Thumb Code    78  oled.o(i.OLED_WR_Byte)
    PendSV_Handler                           0x080018b5   Thumb Code     2  stm32f10x_it.o(i.PendSV_Handler)
    Position                                 0x080018b9   Thumb Code   216  control.o(i.Position)
    Position_PID                             0x080019c9   Thumb Code   176  control.o(i.Position_PID)
    Pre_Position                             0x08001a95   Thumb Code   110  control.o(i.Pre_Position)
    RCC_ADCCLKConfig                         0x08001b25   Thumb Code    18  stm32f10x_rcc.o(i.RCC_ADCCLKConfig)
    RCC_APB1PeriphClockCmd                   0x08001b3d   Thumb Code    26  stm32f10x_rcc.o(i.RCC_APB1PeriphClockCmd)
    RCC_APB2PeriphClockCmd                   0x08001b5d   Thumb Code    26  stm32f10x_rcc.o(i.RCC_APB2PeriphClockCmd)
    RCC_APB2PeriphResetCmd                   0x08001b7d   Thumb Code    26  stm32f10x_rcc.o(i.RCC_APB2PeriphResetCmd)
    RCC_GetClocksFreq                        0x08001b9d   Thumb Code   192  stm32f10x_rcc.o(i.RCC_GetClocksFreq)
    Read_Encoder                             0x08001c71   Thumb Code    70  encoder.o(i.Read_Encoder)
    SVC_Handler                              0x08001cc1   Thumb Code     2  stm32f10x_it.o(i.SVC_Handler)
    Set_Pwm                                  0x08001dad   Thumb Code    32  control.o(i.Set_Pwm)
    SysTick_CLKSourceConfig                  0x08001dd5   Thumb Code    40  misc.o(i.SysTick_CLKSourceConfig)
    SysTick_Handler                          0x08001dfd   Thumb Code     2  stm32f10x_it.o(i.SysTick_Handler)
    SystemInit                               0x08001e01   Thumb Code    78  system_stm32f10x.o(i.SystemInit)
    TIM2_IRQHandler                          0x080020a1   Thumb Code    24  encoder.o(i.TIM2_IRQHandler)
    TIM3_IRQHandler                          0x080020b9   Thumb Code   330  control.o(i.TIM3_IRQHandler)
    TIM3_Int_Init                            0x08002261   Thumb Code    90  timer.o(i.TIM3_Int_Init)
    TIM4_IRQHandler                          0x080022c1   Thumb Code    18  encoder.o(i.TIM4_IRQHandler)
    TIM_ARRPreloadConfig                     0x080022d9   Thumb Code    24  stm32f10x_tim.o(i.TIM_ARRPreloadConfig)
    TIM_ClearFlag                            0x080022f1   Thumb Code     6  stm32f10x_tim.o(i.TIM_ClearFlag)
    TIM_ClearITPendingBit                    0x080022f7   Thumb Code     6  stm32f10x_tim.o(i.TIM_ClearITPendingBit)
    TIM_Cmd                                  0x080022fd   Thumb Code    24  stm32f10x_tim.o(i.TIM_Cmd)
    TIM_CtrlPWMOutputs                       0x08002315   Thumb Code    30  stm32f10x_tim.o(i.TIM_CtrlPWMOutputs)
    TIM_EncoderInterfaceConfig               0x08002333   Thumb Code    66  stm32f10x_tim.o(i.TIM_EncoderInterfaceConfig)
    TIM_GetITStatus                          0x08002375   Thumb Code    34  stm32f10x_tim.o(i.TIM_GetITStatus)
    TIM_ICInit                               0x08002399   Thumb Code   150  stm32f10x_tim.o(i.TIM_ICInit)
    TIM_ICStructInit                         0x08002445   Thumb Code    18  stm32f10x_tim.o(i.TIM_ICStructInit)
    TIM_ITConfig                             0x08002457   Thumb Code    18  stm32f10x_tim.o(i.TIM_ITConfig)
    TIM_OC1Init                              0x08002469   Thumb Code   132  stm32f10x_tim.o(i.TIM_OC1Init)
    TIM_OC1PreloadConfig                     0x08002501   Thumb Code    18  stm32f10x_tim.o(i.TIM_OC1PreloadConfig)
    TIM_OC4Init                              0x08002515   Thumb Code   114  stm32f10x_tim.o(i.TIM_OC4Init)
    TIM_SetCounter                           0x08002591   Thumb Code     4  stm32f10x_tim.o(i.TIM_SetCounter)
    TIM_SetIC1Prescaler                      0x08002595   Thumb Code    18  stm32f10x_tim.o(i.TIM_SetIC1Prescaler)
    TIM_SetIC2Prescaler                      0x080025a7   Thumb Code    26  stm32f10x_tim.o(i.TIM_SetIC2Prescaler)
    TIM_SetIC3Prescaler                      0x080025c1   Thumb Code    18  stm32f10x_tim.o(i.TIM_SetIC3Prescaler)
    TIM_SetIC4Prescaler                      0x080025d3   Thumb Code    26  stm32f10x_tim.o(i.TIM_SetIC4Prescaler)
    TIM_TimeBaseInit                         0x080025ed   Thumb Code   122  stm32f10x_tim.o(i.TIM_TimeBaseInit)
    TIM_TimeBaseStructInit                   0x08002691   Thumb Code    18  stm32f10x_tim.o(i.TIM_TimeBaseStructInit)
    Turn_Off                                 0x080026a5   Thumb Code   122  control.o(i.Turn_Off)
    USART1_IRQHandler                        0x0800274d   Thumb Code   122  usart.o(i.USART1_IRQHandler)
    USART_Cmd                                0x080027d5   Thumb Code    24  stm32f10x_usart.o(i.USART_Cmd)
    USART_GetITStatus                        0x080027ed   Thumb Code    84  stm32f10x_usart.o(i.USART_GetITStatus)
    USART_ITConfig                           0x08002841   Thumb Code    74  stm32f10x_usart.o(i.USART_ITConfig)
    USART_Init                               0x0800288d   Thumb Code   210  stm32f10x_usart.o(i.USART_Init)
    USART_ReceiveData                        0x08002965   Thumb Code    10  stm32f10x_usart.o(i.USART_ReceiveData)
    UsageFault_Handler                       0x0800296f   Thumb Code     4  stm32f10x_it.o(i.UsageFault_Handler)
    Xianfu_Pwm                               0x08002975   Thumb Code    34  control.o(i.Xianfu_Pwm)
    _sys_exit                                0x0800299d   Thumb Code     6  usart.o(i._sys_exit)
    balance                                  0x080029a5   Thumb Code    78  control.o(i.balance)
    click_N_Double                           0x08002a05   Thumb Code   184  key.o(i.click_N_Double)
    delay_init                               0x08002ad5   Thumb Code    50  delay.o(i.delay_init)
    delay_ms                                 0x08002b19   Thumb Code    72  delay.o(i.delay_ms)
    delay_us                                 0x08002b65   Thumb Code    72  delay.o(i.delay_us)
    main                                     0x08002bb1   Thumb Code   106  main.o(i.main)
    oled_pow                                 0x08002c21   Thumb Code    22  oled.o(i.oled_pow)
    oled_show                                0x08002c39   Thumb Code   356  show.o(i.oled_show)
    uart_init                                0x08002e01   Thumb Code   154  usart.o(i.uart_init)
    __aeabi_d2f                              0x08002ea5   Thumb Code     0  d2f.o(x$fpl$d2f)
    _d2f                                     0x08002ea5   Thumb Code    98  d2f.o(x$fpl$d2f)
    __aeabi_dadd                             0x08002f09   Thumb Code     0  daddsub_clz.o(x$fpl$dadd)
    _dadd                                    0x08002f09   Thumb Code   332  daddsub_clz.o(x$fpl$dadd)
    __aeabi_ddiv                             0x08003059   Thumb Code     0  ddiv.o(x$fpl$ddiv)
    _ddiv                                    0x08003059   Thumb Code   552  ddiv.o(x$fpl$ddiv)
    __aeabi_d2iz                             0x08003309   Thumb Code     0  dfix.o(x$fpl$dfix)
    _dfix                                    0x08003309   Thumb Code    94  dfix.o(x$fpl$dfix)
    __aeabi_ui2d                             0x08003367   Thumb Code     0  dflt_clz.o(x$fpl$dfltu)
    _dfltu                                   0x08003367   Thumb Code    38  dflt_clz.o(x$fpl$dfltu)
    __aeabi_dmul                             0x0800338d   Thumb Code     0  dmul.o(x$fpl$dmul)
    _dmul                                    0x0800338d   Thumb Code   332  dmul.o(x$fpl$dmul)
    __fpl_dnaninf                            0x080034e1   Thumb Code   156  dnaninf.o(x$fpl$dnaninf)
    __fpl_dretinf                            0x0800357d   Thumb Code    12  dretinf.o(x$fpl$dretinf)
    __aeabi_dsub                             0x08003589   Thumb Code     0  daddsub_clz.o(x$fpl$dsub)
    _dsub                                    0x08003589   Thumb Code   464  daddsub_clz.o(x$fpl$dsub)
    __aeabi_f2d                              0x0800375d   Thumb Code     0  f2d.o(x$fpl$f2d)
    _f2d                                     0x0800375d   Thumb Code    86  f2d.o(x$fpl$f2d)
    __aeabi_fadd                             0x080037b5   Thumb Code     0  faddsub_clz.o(x$fpl$fadd)
    _fadd                                    0x080037b5   Thumb Code   196  faddsub_clz.o(x$fpl$fadd)
    __fpl_fcmp_Inf                           0x08003879   Thumb Code    24  fcmpi.o(x$fpl$fcmpinf)
    __aeabi_fdiv                             0x08003891   Thumb Code     0  fdiv.o(x$fpl$fdiv)
    _fdiv                                    0x08003891   Thumb Code   384  fdiv.o(x$fpl$fdiv)
    __aeabi_f2iz                             0x08003a15   Thumb Code     0  ffix.o(x$fpl$ffix)
    _ffix                                    0x08003a15   Thumb Code    54  ffix.o(x$fpl$ffix)
    __aeabi_f2uiz                            0x08003a4d   Thumb Code     0  ffixu.o(x$fpl$ffixu)
    _ffixu                                   0x08003a4d   Thumb Code    62  ffixu.o(x$fpl$ffixu)
    __aeabi_i2f                              0x08003a8d   Thumb Code     0  fflt_clz.o(x$fpl$fflt)
    _fflt                                    0x08003a8d   Thumb Code    48  fflt_clz.o(x$fpl$fflt)
    __aeabi_ui2f                             0x08003abd   Thumb Code     0  fflt_clz.o(x$fpl$ffltu)
    _ffltu                                   0x08003abd   Thumb Code    38  fflt_clz.o(x$fpl$ffltu)
    __aeabi_cfcmple                          0x08003ae5   Thumb Code     0  fleqf.o(x$fpl$fleqf)
    _fcmple                                  0x08003ae5   Thumb Code   104  fleqf.o(x$fpl$fleqf)
    __fpl_fcmple_InfNaN                      0x08003b37   Thumb Code     0  fleqf.o(x$fpl$fleqf)
    __aeabi_fmul                             0x08003b4d   Thumb Code     0  fmul.o(x$fpl$fmul)
    _fmul                                    0x08003b4d   Thumb Code   258  fmul.o(x$fpl$fmul)
    __fpl_fnaninf                            0x08003c4f   Thumb Code   140  fnaninf.o(x$fpl$fnaninf)
    __fpl_fretinf                            0x08003cdb   Thumb Code    10  fretinf.o(x$fpl$fretinf)
    __aeabi_cfrcmple                         0x08003ce5   Thumb Code     0  frleqf.o(x$fpl$frleqf)
    _frcmple                                 0x08003ce5   Thumb Code    98  frleqf.o(x$fpl$frleqf)
    __aeabi_fsub                             0x08003d49   Thumb Code     0  faddsub_clz.o(x$fpl$fsub)
    _fsub                                    0x08003d49   Thumb Code   234  faddsub_clz.o(x$fpl$fsub)
    __I$use$fp                               0x08003e32   Number         0  usenofp.o(x$fpl$usenofp)
    oled_asc2_1206                           0x08003e32   Data        1140  oled.o(.constdata)
    oled_asc2_1608                           0x080042a6   Data        1520  oled.o(.constdata)
    Region$$Table$$Base                      0x08004898   Number         0  anon$$obj.o(Region$$Table)
    Region$$Table$$Limit                     0x080048b8   Number         0  anon$$obj.o(Region$$Table)
    Flag_Stop                                0x20000000   Data           1  main.o(.data)
    delay_50                                 0x20000001   Data           1  main.o(.data)
    delay_flag                               0x20000002   Data           1  main.o(.data)
    Run_Way                                  0x20000003   Data           1  main.o(.data)
    Inverted_Flag                            0x20000004   Data           1  main.o(.data)
    Move_Direction                           0x20000005   Data           1  main.o(.data)
    Encoder_A                                0x20000008   Data           4  main.o(.data)
    position_A                               0x2000000c   Data           4  main.o(.data)
    Position_Zero                            0x20000010   Data           4  main.o(.data)
    Encoder_B                                0x20000014   Data           4  main.o(.data)
    position_B                               0x20000018   Data           4  main.o(.data)
    Moto                                     0x2000001c   Data           4  main.o(.data)
    Balance_Pwm                              0x20000020   Data           4  main.o(.data)
    Position_Pwm                             0x20000024   Data           4  main.o(.data)
    Voltage                                  0x20000028   Data           4  main.o(.data)
    Angle_Balance                            0x2000002c   Data           4  main.o(.data)
    Last_Angle_Balance                       0x20000030   Data           4  main.o(.data)
    D_Angle_Balance                          0x20000034   Data           4  main.o(.data)
    Balance_KP                               0x20000038   Data           4  main.o(.data)
    Balance_KD                               0x2000003c   Data           4  main.o(.data)
    Position_KP                              0x20000040   Data           4  main.o(.data)
    Position_KD                              0x20000044   Data           4  main.o(.data)
    show_data                                0x20000048   Data           4  main.o(.data)
    SystemCoreClock                          0x2000004c   Data           4  system_stm32f10x.o(.data)
    AHBPrescTable                            0x20000050   Data          16  system_stm32f10x.o(.data)
    __stdout                                 0x20000088   Data           4  usart.o(.data)
    USART_RX_STA                             0x2000008c   Data           2  usart.o(.data)
    i                                        0x20000090   Data           1  show.o(.data)
    temp                                     0x20000091   Data           1  show.o(.data)
    Send_Count                               0x20000092   Data           1  show.o(.data)
    Vol                                      0x20000094   Data           4  show.o(.data)
    Flag_Target                              0x20000098   Data           1  control.o(.data)
    Position_Target                          0x20000099   Data           1  control.o(.data)
    Run_Way_Count1                           0x2000009c   Data           4  control.o(.data)
    Run_Way_Count2                           0x200000a0   Data           4  control.o(.data)
    Run_Way_Flag2                            0x200000a4   Data           4  control.o(.data)
    Inverted_Count                           0x200000a8   Data           4  control.o(.data)
    Inverted_Count2                          0x200000ac   Data           4  control.o(.data)
    Run_Way_Flag1                            0x200000b0   Data           4  control.o(.data)
    Target_Position                          0x200000b4   Data           4  control.o(.data)
    D_Count                                  0x200000b8   Data           4  control.o(.data)
    Ratio                                    0x200000bc   Data           4  control.o(.data)
    Basics_Position_KD                       0x200000c0   Data           4  control.o(.data)
    Basics_Position_KP                       0x200000c4   Data           4  control.o(.data)
    OLED_GRAM                                0x20000130   Data        1024  oled.o(.bss)
    USART_RX_BUF                             0x20000530   Data         200  usart.o(.bss)
    DataScope_OutPut_Buffer                  0x200005f8   Data          42  datascope_dp.o(.bss)
    __libspace_start                         0x20000624   Data          96  libspace.o(.bss)
    __temporary_stack_top$libspace           0x20000684   Data           0  libspace.o(.bss)



==============================================================================

Memory Map of the image

  Image Entry point : 0x080000ed

  Load Region LR_IROM1 (Base: 0x08000000, Size: 0x000049e8, Max: 0x00010000, ABSOLUTE, COMPRESSED[0x000048ec])

    Execution Region ER_IROM1 (Base: 0x08000000, Size: 0x000048b8, Max: 0x00010000, ABSOLUTE)

    Base Addr    Size         Type   Attr      Idx    E Section Name        Object

    0x08000000   0x000000ec   Data   RO          353    RESET               startup_stm32f10x_md.o
    0x080000ec   0x00000008   Code   RO         3857  * !!!main             c_w.l(__main.o)
    0x080000f4   0x00000034   Code   RO         4078    !!!scatter          c_w.l(__scatter.o)
    0x08000128   0x0000005a   Code   RO         4076    !!dczerorl2         c_w.l(__dczerorl2.o)
    0x08000182   0x00000002   PAD
    0x08000184   0x0000001c   Code   RO         4080    !!handler_zi        c_w.l(__scatter_zi.o)
    0x080001a0   0x00000002   Code   RO         3953    .ARM.Collect$$libinit$$00000000  c_w.l(libinit.o)
    0x080001a2   0x00000000   Code   RO         3960    .ARM.Collect$$libinit$$00000002  c_w.l(libinit2.o)
    0x080001a2   0x00000000   Code   RO         3963    .ARM.Collect$$libinit$$00000008  c_w.l(libinit2.o)
    0x080001a2   0x00000000   Code   RO         3965    .ARM.Collect$$libinit$$0000000A  c_w.l(libinit2.o)
    0x080001a2   0x00000000   Code   RO         3967    .ARM.Collect$$libinit$$0000000C  c_w.l(libinit2.o)
    0x080001a2   0x00000000   Code   RO         3970    .ARM.Collect$$libinit$$0000000F  c_w.l(libinit2.o)
    0x080001a2   0x00000000   Code   RO         3972    .ARM.Collect$$libinit$$00000011  c_w.l(libinit2.o)
    0x080001a2   0x00000000   Code   RO         3974    .ARM.Collect$$libinit$$00000013  c_w.l(libinit2.o)
    0x080001a2   0x00000000   Code   RO         3976    .ARM.Collect$$libinit$$00000015  c_w.l(libinit2.o)
    0x080001a2   0x00000000   Code   RO         3978    .ARM.Collect$$libinit$$00000017  c_w.l(libinit2.o)
    0x080001a2   0x00000000   Code   RO         3980    .ARM.Collect$$libinit$$00000019  c_w.l(libinit2.o)
    0x080001a2   0x00000000   Code   RO         3982    .ARM.Collect$$libinit$$0000001B  c_w.l(libinit2.o)
    0x080001a2   0x00000000   Code   RO         3984    .ARM.Collect$$libinit$$0000001D  c_w.l(libinit2.o)
    0x080001a2   0x00000000   Code   RO         3986    .ARM.Collect$$libinit$$0000001F  c_w.l(libinit2.o)
    0x080001a2   0x00000000   Code   RO         3988    .ARM.Collect$$libinit$$00000021  c_w.l(libinit2.o)
    0x080001a2   0x00000000   Code   RO         3990    .ARM.Collect$$libinit$$00000023  c_w.l(libinit2.o)
    0x080001a2   0x00000000   Code   RO         3994    .ARM.Collect$$libinit$$0000002A  c_w.l(libinit2.o)
    0x080001a2   0x00000000   Code   RO         3996    .ARM.Collect$$libinit$$0000002C  c_w.l(libinit2.o)
    0x080001a2   0x00000000   Code   RO         3998    .ARM.Collect$$libinit$$0000002E  c_w.l(libinit2.o)
    0x080001a2   0x00000000   Code   RO         4000    .ARM.Collect$$libinit$$00000030  c_w.l(libinit2.o)
    0x080001a2   0x00000002   Code   RO         4001    .ARM.Collect$$libinit$$00000031  c_w.l(libinit2.o)
    0x080001a4   0x00000002   Code   RO         4019    .ARM.Collect$$libshutdown$$00000000  c_w.l(libshutdown.o)
    0x080001a6   0x00000000   Code   RO         4030    .ARM.Collect$$libshutdown$$00000003  c_w.l(libshutdown2.o)
    0x080001a6   0x00000000   Code   RO         4033    .ARM.Collect$$libshutdown$$00000006  c_w.l(libshutdown2.o)
    0x080001a6   0x00000000   Code   RO         4036    .ARM.Collect$$libshutdown$$00000009  c_w.l(libshutdown2.o)
    0x080001a6   0x00000000   Code   RO         4038    .ARM.Collect$$libshutdown$$0000000B  c_w.l(libshutdown2.o)
    0x080001a6   0x00000000   Code   RO         4041    .ARM.Collect$$libshutdown$$0000000E  c_w.l(libshutdown2.o)
    0x080001a6   0x00000002   Code   RO         4042    .ARM.Collect$$libshutdown$$0000000F  c_w.l(libshutdown2.o)
    0x080001a8   0x00000000   Code   RO         3917    .ARM.Collect$$rtentry$$00000000  c_w.l(rtentry.o)
    0x080001a8   0x00000000   Code   RO         3930    .ARM.Collect$$rtentry$$00000002  c_w.l(rtentry2.o)
    0x080001a8   0x00000006   Code   RO         3942    .ARM.Collect$$rtentry$$00000004  c_w.l(rtentry4.o)
    0x080001ae   0x00000000   Code   RO         3932    .ARM.Collect$$rtentry$$00000009  c_w.l(rtentry2.o)
    0x080001ae   0x00000004   Code   RO         3933    .ARM.Collect$$rtentry$$0000000A  c_w.l(rtentry2.o)
    0x080001b2   0x00000000   Code   RO         3935    .ARM.Collect$$rtentry$$0000000C  c_w.l(rtentry2.o)
    0x080001b2   0x00000008   Code   RO         3936    .ARM.Collect$$rtentry$$0000000D  c_w.l(rtentry2.o)
    0x080001ba   0x00000002   Code   RO         3957    .ARM.Collect$$rtexit$$00000000  c_w.l(rtexit.o)
    0x080001bc   0x00000000   Code   RO         4003    .ARM.Collect$$rtexit$$00000002  c_w.l(rtexit2.o)
    0x080001bc   0x00000004   Code   RO         4004    .ARM.Collect$$rtexit$$00000003  c_w.l(rtexit2.o)
    0x080001c0   0x00000006   Code   RO         4005    .ARM.Collect$$rtexit$$00000004  c_w.l(rtexit2.o)
    0x080001c6   0x00000002   PAD
    0x080001c8   0x00000040   Code   RO          354    .text               startup_stm32f10x_md.o
    0x08000208   0x00000002   Code   RO         3853    .text               c_w.l(use_no_semi_2.o)
    0x0800020a   0x00000006   Code   RO         3855    .text               c_w.l(heapauxi.o)
    0x08000210   0x00000002   Code   RO         3915    .text               c_w.l(use_no_semi.o)
    0x08000212   0x0000004a   Code   RO         3944    .text               c_w.l(sys_stackheap_outer.o)
    0x0800025c   0x0000000c   Code   RO         3946    .text               c_w.l(exit.o)
    0x08000268   0x00000008   Code   RO         3954    .text               c_w.l(libspace.o)
    0x08000270   0x00000016   Code   RO          426    i.ADC_Cmd           stm32f10x_adc.o
    0x08000286   0x00000002   PAD
    0x08000288   0x0000005c   Code   RO          428    i.ADC_DeInit        stm32f10x_adc.o
    0x080002e4   0x00000014   Code   RO          434    i.ADC_GetCalibrationStatus  stm32f10x_adc.o
    0x080002f8   0x00000008   Code   RO          435    i.ADC_GetConversionValue  stm32f10x_adc.o
    0x08000300   0x00000012   Code   RO          437    i.ADC_GetFlagStatus  stm32f10x_adc.o
    0x08000312   0x00000014   Code   RO          440    i.ADC_GetResetCalibrationStatus  stm32f10x_adc.o
    0x08000326   0x00000002   PAD
    0x08000328   0x00000050   Code   RO          444    i.ADC_Init          stm32f10x_adc.o
    0x08000378   0x000000b8   Code   RO          448    i.ADC_RegularChannelConfig  stm32f10x_adc.o
    0x08000430   0x0000000a   Code   RO          449    i.ADC_ResetCalibration  stm32f10x_adc.o
    0x0800043a   0x00000016   Code   RO          451    i.ADC_SoftwareStartConvCmd  stm32f10x_adc.o
    0x08000450   0x0000000a   Code   RO          453    i.ADC_StartCalibration  stm32f10x_adc.o
    0x0800045a   0x00000002   PAD
    0x0800045c   0x00000094   Code   RO         3573    i.Adc_Init          adc.o
    0x080004f0   0x00000290   Code   RO         3719    i.Auto_run          control.o
    0x08000780   0x00000004   Code   RO          160    i.BusFault_Handler  stm32f10x_it.o
    0x08000784   0x00000088   Code   RO         3698    i.DataScope         show.o
    0x0800080c   0x00000098   Code   RO         3821    i.DataScope_Data_Generate  datascope_dp.o
    0x080008a4   0x000000a4   Code   RO         3822    i.DataScope_Get_Channel_Data  datascope_dp.o
    0x08000948   0x00000002   Code   RO          161    i.DebugMon_Handler  stm32f10x_it.o
    0x0800094a   0x00000002   PAD
    0x0800094c   0x00000020   Code   RO         3416    i.EXTI15_10_IRQHandler  exti.o
    0x0800096c   0x00000020   Code   RO         3417    i.EXTI2_IRQHandler  exti.o
    0x0800098c   0x000000d4   Code   RO         3418    i.EXTIX_Init        exti.o
    0x08000a60   0x0000000c   Code   RO         1182    i.EXTI_ClearITPendingBit  stm32f10x_exti.o
    0x08000a6c   0x00000094   Code   RO         1187    i.EXTI_Init         stm32f10x_exti.o
    0x08000b00   0x000000a0   Code   RO         3519    i.Encoder_Init_TIM2  encoder.o
    0x08000ba0   0x0000009c   Code   RO         3520    i.Encoder_Init_TIM4  encoder.o
    0x08000c3c   0x000001c4   Code   RO         3720    i.Find_Zero         control.o
    0x08000e00   0x0000001c   Code   RO         3823    i.Float2Byte        datascope_dp.o
    0x08000e1c   0x00000040   Code   RO         1532    i.GPIO_EXTILineConfig  stm32f10x_gpio.o
    0x08000e5c   0x00000116   Code   RO         1535    i.GPIO_Init         stm32f10x_gpio.o
    0x08000f72   0x00000002   PAD
    0x08000f74   0x00000090   Code   RO         1537    i.GPIO_PinRemapConfig  stm32f10x_gpio.o
    0x08001004   0x00000004   Code   RO         1543    i.GPIO_SetBits      stm32f10x_gpio.o
    0x08001008   0x00000034   Code   RO         3574    i.Get_Adc           adc.o
    0x0800103c   0x0000002e   Code   RO         3575    i.Get_Adc_Average   adc.o
    0x0800106a   0x00000002   PAD
    0x0800106c   0x00000054   Code   RO         3721    i.Get_D_Angle_Balance  control.o
    0x080010c0   0x00000004   Code   RO          162    i.HardFault_Handler  stm32f10x_it.o
    0x080010c4   0x00000084   Code   RO         3722    i.Incremental_PI    control.o
    0x08001148   0x00000048   Code   RO         3351    i.KEY_Init          key.o
    0x08001190   0x00000100   Code   RO         3723    i.Key               control.o
    0x08001290   0x00000030   Code   RO         3387    i.LED_Init          led.o
    0x080012c0   0x00000050   Code   RO         3724    i.Mean_Filter       control.o
    0x08001310   0x00000004   Code   RO          163    i.MemManage_Handler  stm32f10x_it.o
    0x08001314   0x00000070   Code   RO         3555    i.MiniBalance_Motor_Init  motor.o
    0x08001384   0x000000a0   Code   RO         3556    i.MiniBalance_PWM_Init  motor.o
    0x08001424   0x00000002   Code   RO          164    i.NMI_Handler       stm32f10x_it.o
    0x08001426   0x00000002   PAD
    0x08001428   0x00000070   Code   RO          358    i.NVIC_Init         misc.o
    0x08001498   0x00000014   Code   RO          359    i.NVIC_PriorityGroupConfig  misc.o
    0x080014ac   0x00000030   Code   RO         3440    i.OLED_Clear        oled.o
    0x080014dc   0x00000068   Code   RO         3443    i.OLED_DrawPoint    oled.o
    0x08001544   0x0000014c   Code   RO         3444    i.OLED_Init         oled.o
    0x08001690   0x0000004c   Code   RO         3445    i.OLED_Refresh_Gram  oled.o
    0x080016dc   0x000000a8   Code   RO         3446    i.OLED_ShowChar     oled.o
    0x08001784   0x00000094   Code   RO         3447    i.OLED_ShowNumber   oled.o
    0x08001818   0x00000044   Code   RO         3448    i.OLED_ShowString   oled.o
    0x0800185c   0x00000058   Code   RO         3449    i.OLED_WR_Byte      oled.o
    0x080018b4   0x00000002   Code   RO          165    i.PendSV_Handler    stm32f10x_it.o
    0x080018b6   0x00000002   PAD
    0x080018b8   0x00000110   Code   RO         3725    i.Position          control.o
    0x080019c8   0x000000cc   Code   RO         3726    i.Position_PID      control.o
    0x08001a94   0x00000090   Code   RO         3727    i.Pre_Position      control.o
    0x08001b24   0x00000018   Code   RO         1949    i.RCC_ADCCLKConfig  stm32f10x_rcc.o
    0x08001b3c   0x00000020   Code   RO         1951    i.RCC_APB1PeriphClockCmd  stm32f10x_rcc.o
    0x08001b5c   0x00000020   Code   RO         1953    i.RCC_APB2PeriphClockCmd  stm32f10x_rcc.o
    0x08001b7c   0x00000020   Code   RO         1954    i.RCC_APB2PeriphResetCmd  stm32f10x_rcc.o
    0x08001b9c   0x000000d4   Code   RO         1961    i.RCC_GetClocksFreq  stm32f10x_rcc.o
    0x08001c70   0x00000050   Code   RO         3521    i.Read_Encoder      encoder.o
    0x08001cc0   0x00000002   Code   RO          166    i.SVC_Handler       stm32f10x_it.o
    0x08001cc2   0x00000008   Code   RO          306    i.SetSysClock       system_stm32f10x.o
    0x08001cca   0x00000002   PAD
    0x08001ccc   0x000000e0   Code   RO          307    i.SetSysClockTo72   system_stm32f10x.o
    0x08001dac   0x00000028   Code   RO         3728    i.Set_Pwm           control.o
    0x08001dd4   0x00000028   Code   RO          362    i.SysTick_CLKSourceConfig  misc.o
    0x08001dfc   0x00000002   Code   RO          167    i.SysTick_Handler   stm32f10x_it.o
    0x08001dfe   0x00000002   PAD
    0x08001e00   0x00000060   Code   RO          309    i.SystemInit        system_stm32f10x.o
    0x08001e60   0x00000080   Code   RO         2569    i.TI1_Config        stm32f10x_tim.o
    0x08001ee0   0x00000098   Code   RO         2570    i.TI2_Config        stm32f10x_tim.o
    0x08001f78   0x00000090   Code   RO         2571    i.TI3_Config        stm32f10x_tim.o
    0x08002008   0x00000098   Code   RO         2572    i.TI4_Config        stm32f10x_tim.o
    0x080020a0   0x00000018   Code   RO         3522    i.TIM2_IRQHandler   encoder.o
    0x080020b8   0x000001a8   Code   RO         3729    i.TIM3_IRQHandler   control.o
    0x08002260   0x00000060   Code   RO         3404    i.TIM3_Int_Init     timer.o
    0x080022c0   0x00000018   Code   RO         3523    i.TIM4_IRQHandler   encoder.o
    0x080022d8   0x00000018   Code   RO         2573    i.TIM_ARRPreloadConfig  stm32f10x_tim.o
    0x080022f0   0x00000006   Code   RO         2579    i.TIM_ClearFlag     stm32f10x_tim.o
    0x080022f6   0x00000006   Code   RO         2580    i.TIM_ClearITPendingBit  stm32f10x_tim.o
    0x080022fc   0x00000018   Code   RO         2585    i.TIM_Cmd           stm32f10x_tim.o
    0x08002314   0x0000001e   Code   RO         2587    i.TIM_CtrlPWMOutputs  stm32f10x_tim.o
    0x08002332   0x00000042   Code   RO         2594    i.TIM_EncoderInterfaceConfig  stm32f10x_tim.o
    0x08002374   0x00000022   Code   RO         2606    i.TIM_GetITStatus   stm32f10x_tim.o
    0x08002396   0x00000002   PAD
    0x08002398   0x000000ac   Code   RO         2608    i.TIM_ICInit        stm32f10x_tim.o
    0x08002444   0x00000012   Code   RO         2609    i.TIM_ICStructInit  stm32f10x_tim.o
    0x08002456   0x00000012   Code   RO         2610    i.TIM_ITConfig      stm32f10x_tim.o
    0x08002468   0x00000098   Code   RO         2614    i.TIM_OC1Init       stm32f10x_tim.o
    0x08002500   0x00000012   Code   RO         2617    i.TIM_OC1PreloadConfig  stm32f10x_tim.o
    0x08002512   0x00000002   PAD
    0x08002514   0x0000007c   Code   RO         2629    i.TIM_OC4Init       stm32f10x_tim.o
    0x08002590   0x00000004   Code   RO         2650    i.TIM_SetCounter    stm32f10x_tim.o
    0x08002594   0x00000012   Code   RO         2651    i.TIM_SetIC1Prescaler  stm32f10x_tim.o
    0x080025a6   0x0000001a   Code   RO         2652    i.TIM_SetIC2Prescaler  stm32f10x_tim.o
    0x080025c0   0x00000012   Code   RO         2653    i.TIM_SetIC3Prescaler  stm32f10x_tim.o
    0x080025d2   0x0000001a   Code   RO         2654    i.TIM_SetIC4Prescaler  stm32f10x_tim.o
    0x080025ec   0x000000a4   Code   RO         2656    i.TIM_TimeBaseInit  stm32f10x_tim.o
    0x08002690   0x00000012   Code   RO         2657    i.TIM_TimeBaseStructInit  stm32f10x_tim.o
    0x080026a2   0x00000002   PAD
    0x080026a4   0x000000a8   Code   RO         3730    i.Turn_Off          control.o
    0x0800274c   0x00000088   Code   RO         3657    i.USART1_IRQHandler  usart.o
    0x080027d4   0x00000018   Code   RO         3121    i.USART_Cmd         stm32f10x_usart.o
    0x080027ec   0x00000054   Code   RO         3125    i.USART_GetITStatus  stm32f10x_usart.o
    0x08002840   0x0000004a   Code   RO         3127    i.USART_ITConfig    stm32f10x_usart.o
    0x0800288a   0x00000002   PAD
    0x0800288c   0x000000d8   Code   RO         3128    i.USART_Init        stm32f10x_usart.o
    0x08002964   0x0000000a   Code   RO         3135    i.USART_ReceiveData  stm32f10x_usart.o
    0x0800296e   0x00000004   Code   RO          168    i.UsageFault_Handler  stm32f10x_it.o
    0x08002972   0x00000002   PAD
    0x08002974   0x00000028   Code   RO         3731    i.Xianfu_Pwm        control.o
    0x0800299c   0x00000006   Code   RO         3658    i._sys_exit         usart.o
    0x080029a2   0x00000002   PAD
    0x080029a4   0x00000060   Code   RO         3733    i.balance           control.o
    0x08002a04   0x000000d0   Code   RO         3354    i.click_N_Double    key.o
    0x08002ad4   0x00000044   Code   RO         3597    i.delay_init        delay.o
    0x08002b18   0x0000004c   Code   RO         3598    i.delay_ms          delay.o
    0x08002b64   0x0000004c   Code   RO         3599    i.delay_us          delay.o
    0x08002bb0   0x00000070   Code   RO            1    i.main              main.o
    0x08002c20   0x00000016   Code   RO         3450    i.oled_pow          oled.o
    0x08002c36   0x00000002   PAD
    0x08002c38   0x000001c8   Code   RO         3699    i.oled_show         show.o
    0x08002e00   0x000000a4   Code   RO         3660    i.uart_init         usart.o
    0x08002ea4   0x00000062   Code   RO         3859    x$fpl$d2f           fz_ws.l(d2f.o)
    0x08002f06   0x00000002   PAD
    0x08002f08   0x00000150   Code   RO         3861    x$fpl$dadd          fz_ws.l(daddsub_clz.o)
    0x08003058   0x000002b0   Code   RO         3868    x$fpl$ddiv          fz_ws.l(ddiv.o)
    0x08003308   0x0000005e   Code   RO         3871    x$fpl$dfix          fz_ws.l(dfix.o)
    0x08003366   0x00000026   Code   RO         3875    x$fpl$dfltu         fz_ws.l(dflt_clz.o)
    0x0800338c   0x00000154   Code   RO         3881    x$fpl$dmul          fz_ws.l(dmul.o)
    0x080034e0   0x0000009c   Code   RO         3918    x$fpl$dnaninf       fz_ws.l(dnaninf.o)
    0x0800357c   0x0000000c   Code   RO         3920    x$fpl$dretinf       fz_ws.l(dretinf.o)
    0x08003588   0x000001d4   Code   RO         3863    x$fpl$dsub          fz_ws.l(daddsub_clz.o)
    0x0800375c   0x00000056   Code   RO         3883    x$fpl$f2d           fz_ws.l(f2d.o)
    0x080037b2   0x00000002   PAD
    0x080037b4   0x000000c4   Code   RO         3885    x$fpl$fadd          fz_ws.l(faddsub_clz.o)
    0x08003878   0x00000018   Code   RO         3922    x$fpl$fcmpinf       fz_ws.l(fcmpi.o)
    0x08003890   0x00000184   Code   RO         3892    x$fpl$fdiv          fz_ws.l(fdiv.o)
    0x08003a14   0x00000036   Code   RO         3895    x$fpl$ffix          fz_ws.l(ffix.o)
    0x08003a4a   0x00000002   PAD
    0x08003a4c   0x0000003e   Code   RO         3899    x$fpl$ffixu         fz_ws.l(ffixu.o)
    0x08003a8a   0x00000002   PAD
    0x08003a8c   0x00000030   Code   RO         3904    x$fpl$fflt          fz_ws.l(fflt_clz.o)
    0x08003abc   0x00000026   Code   RO         3903    x$fpl$ffltu         fz_ws.l(fflt_clz.o)
    0x08003ae2   0x00000002   PAD
    0x08003ae4   0x00000068   Code   RO         3909    x$fpl$fleqf         fz_ws.l(fleqf.o)
    0x08003b4c   0x00000102   Code   RO         3911    x$fpl$fmul          fz_ws.l(fmul.o)
    0x08003c4e   0x0000008c   Code   RO         3924    x$fpl$fnaninf       fz_ws.l(fnaninf.o)
    0x08003cda   0x0000000a   Code   RO         3926    x$fpl$fretinf       fz_ws.l(fretinf.o)
    0x08003ce4   0x00000062   Code   RO         3913    x$fpl$frleqf        fz_ws.l(frleqf.o)
    0x08003d46   0x00000002   PAD
    0x08003d48   0x000000ea   Code   RO         3887    x$fpl$fsub          fz_ws.l(faddsub_clz.o)
    0x08003e32   0x00000000   Code   RO         3928    x$fpl$usenofp       fz_ws.l(usenofp.o)
    0x08003e32   0x00000a64   Data   RO         3452    .constdata          oled.o
    0x08004896   0x00000002   PAD
    0x08004898   0x00000020   Data   RO         4074    Region$$Table       anon$$obj.o


    Execution Region RW_IRAM1 (Base: 0x20000000, Size: 0x00000c88, Max: 0x00005000, ABSOLUTE, COMPRESSED[0x00000034])

    Base Addr    Size         Type   Attr      Idx    E Section Name        Object

    0x20000000   0x0000004c   Data   RW            2    .data               main.o
    0x2000004c   0x00000014   Data   RW          310    .data               system_stm32f10x.o
    0x20000060   0x00000014   Data   RW         1981    .data               stm32f10x_rcc.o
    0x20000074   0x0000000e   Data   RW         3355    .data               key.o
    0x20000082   0x00000004   Data   RW         3600    .data               delay.o
    0x20000086   0x00000002   PAD
    0x20000088   0x00000006   Data   RW         3662    .data               usart.o
    0x2000008e   0x00000002   PAD
    0x20000090   0x00000008   Data   RW         3700    .data               show.o
    0x20000098   0x00000098   Data   RW         3734    .data               control.o
    0x20000130   0x00000400   Zero   RW         3451    .bss                oled.o
    0x20000530   0x000000c8   Zero   RW         3661    .bss                usart.o
    0x200005f8   0x0000002a   Zero   RW         3824    .bss                datascope_dp.o
    0x20000622   0x00000002   PAD
    0x20000624   0x00000060   Zero   RW         3955    .bss                c_w.l(libspace.o)
    0x20000684   0x00000004   PAD
    0x20000688   0x00000200   Zero   RW          352    HEAP                startup_stm32f10x_md.o
    0x20000888   0x00000400   Zero   RW          351    STACK               startup_stm32f10x_md.o


==============================================================================

Image component sizes


      Code (inc. data)   RO Data    RW Data    ZI Data      Debug   Object Name

       246         14          0          0          0       1991   adc.o
      3048        624          0        152          0      10932   control.o
         0          0          0          0          0         32   core_cm3.o
       344         34          0          0         42       3130   datascope_dp.o
       220         26          0          4          0       2031   delay.o
       444         30          0          0          0       3275   encoder.o
       276         26          0          0          0       1855   exti.o
       280         34          0         14          0       2541   key.o
        48          4          0          0          0        567   led.o
       112          6          0         76          0     255979   main.o
       172         22          0          0          0     217261   misc.o
       272         22          0          0          0       1468   motor.o
      1054         56       2660          0       1024       7866   oled.o
       592        128          0          8          0       1672   show.o
        64         26        236          0       1536        824   startup_stm32f10x_md.o
       486         24          0          0          0       9406   stm32f10x_adc.o
       160         12          0          0          0       1725   stm32f10x_exti.o
       490         10          0          0          0       4307   stm32f10x_gpio.o
        26          0          0          0          0      48210   stm32f10x_it.o
       332         44          0         20          0       6066   stm32f10x_rcc.o
      1542        180          0          0          0      17280   stm32f10x_tim.o
       408          6          0          0          0       5402   stm32f10x_usart.o
       328         28          0         20          0       2457   system_stm32f10x.o
        96          6          0          0          0        720   timer.o
       306         24          0          6        200       4020   usart.o

    ----------------------------------------------------------------------
     11380       1386       2930        304       2804     611017   Object Totals
         0          0         32          0          0          0   (incl. Generated)
        34          0          2          4          2          0   (incl. Padding)

    ----------------------------------------------------------------------

      Code (inc. data)   RO Data    RW Data    ZI Data      Debug   Library Member Name

        90          0          0          0          0          0   __dczerorl2.o
         8          0          0          0          0         68   __main.o
        52          8          0          0          0          0   __scatter.o
        28          0          0          0          0          0   __scatter_zi.o
        12          0          0          0          0         72   exit.o
         6          0          0          0          0        152   heapauxi.o
         2          0          0          0          0          0   libinit.o
         2          0          0          0          0          0   libinit2.o
         2          0          0          0          0          0   libshutdown.o
         2          0          0          0          0          0   libshutdown2.o
         8          4          0          0         96         68   libspace.o
         0          0          0          0          0          0   rtentry.o
        12          0          0          0          0          0   rtentry2.o
         6          0          0          0          0          0   rtentry4.o
         2          0          0          0          0          0   rtexit.o
        10          0          0          0          0          0   rtexit2.o
        74          0          0          0          0         80   sys_stackheap_outer.o
         2          0          0          0          0         68   use_no_semi.o
         2          0          0          0          0         68   use_no_semi_2.o
        98          4          0          0          0         92   d2f.o
       804         16          0          0          0        272   daddsub_clz.o
       688        140          0          0          0        208   ddiv.o
        94          4          0          0          0         92   dfix.o
        38          0          0          0          0         68   dflt_clz.o
       340         12          0          0          0        104   dmul.o
       156          4          0          0          0         92   dnaninf.o
        12          0          0          0          0         68   dretinf.o
        86          4          0          0          0         84   f2d.o
       430          8          0          0          0        168   faddsub_clz.o
        24          0          0          0          0         68   fcmpi.o
       388         76          0          0          0         96   fdiv.o
        54          4          0          0          0         84   ffix.o
        62          4          0          0          0         84   ffixu.o
        86          0          0          0          0        136   fflt_clz.o
       104          4          0          0          0         84   fleqf.o
       258          4          0          0          0         84   fmul.o
       140          4          0          0          0         84   fnaninf.o
        10          0          0          0          0         68   fretinf.o
        98          0          0          0          0         68   frleqf.o
         0          0          0          0          0          0   usenofp.o

    ----------------------------------------------------------------------
      4306        300          0          0        100       2680   Library Totals
        16          0          0          0          4          0   (incl. Padding)

    ----------------------------------------------------------------------

      Code (inc. data)   RO Data    RW Data    ZI Data      Debug   Library Name

       320         12          0          0         96        576   c_w.l
      3970        288          0          0          0       2104   fz_ws.l

    ----------------------------------------------------------------------
      4306        300          0          0        100       2680   Library Totals

    ----------------------------------------------------------------------

==============================================================================


      Code (inc. data)   RO Data    RW Data    ZI Data      Debug   

     15686       1686       2930        304       2904     606413   Grand Totals
     15686       1686       2930         52       2904     606413   ELF Image Totals (compressed)
     15686       1686       2930         52          0          0   ROM Totals

==============================================================================

    Total RO  Size (Code + RO Data)                18616 (  18.18kB)
    Total RW  Size (RW Data + ZI Data)              3208 (   3.13kB)
    Total ROM Size (Code + RO Data + RW Data)      18668 (  18.23kB)

==============================================================================

