Component: ARM Compiler 5.06 update 3 (build 300) Tool: armlink [4d35c9]

==============================================================================

Section Cross References

    main.o(i.GPIO_Init) refers to stm32f1xx_hal_gpio.o(i.HAL_GPIO_Init) for HAL_GPIO_Init
    main.o(i.GPIO_Init) refers to stm32f1xx_hal_gpio.o(i.HAL_GPIO_WritePin) for HAL_GPIO_WritePin
    main.o(i.Position_ReadEnd) refers to stmflash.o(i.STMFLASH_Read) for STMFLASH_Read
    main.o(i.Position_ReadEnd) refers to main.o(.data) for flashdata
    main.o(i.Position_ReadEnd) refers to timer.o(.data) for resetflag
    main.o(i.Position_SaveEnd) refers to stmflash.o(i.STMFLASH_Write) for STMFLASH_Write
    main.o(i.Position_SaveEnd) refers to delay.o(i.delay_ms) for delay_ms
    main.o(i.Position_SaveEnd) refers to timer.o(.data) for positionend
    main.o(i.SystemClock_Config) refers to memseta.o(.text) for __aeabi_memclr4
    main.o(i.SystemClock_Config) refers to stm32f1xx_hal_rcc.o(i.HAL_RCC_OscConfig) for HAL_RCC_OscConfig
    main.o(i.SystemClock_Config) refers to sys.o(i.Error_Handler) for Error_Handler
    main.o(i.SystemClock_Config) refers to stm32f1xx_hal_rcc.o(i.HAL_RCC_ClockConfig) for HAL_RCC_ClockConfig
    main.o(i.main) refers to stm32f1xx_hal.o(i.HAL_Init) for HAL_Init
    main.o(i.main) refers to sys.o(i.Stm32_Clock_Init) for Stm32_Clock_Init
    main.o(i.main) refers to delay.o(i.delay_init) for delay_init
    main.o(i.main) refers to main.o(i.GPIO_Init) for GPIO_Init
    main.o(i.main) refers to timer1.o(i.MX_TIM1_Init) for MX_TIM1_Init
    main.o(i.main) refers to stm32f1xx_hal_tim.o(i.HAL_TIM_PWM_Stop) for HAL_TIM_PWM_Stop
    main.o(i.main) refers to timer.o(i.TimeTick_Init) for TimeTick_Init
    main.o(i.main) refers to timer.o(i.TIM3_Init) for TIM3_Init
    main.o(i.main) refers to usart.o(i.UART_Init) for UART_Init
    main.o(i.main) refers to adc.o(i.ADC_Init) for ADC_Init
    main.o(i.main) refers to delay.o(i.delay_ms) for delay_ms
    main.o(i.main) refers to timer4.o(i.MX_TIM4_Init) for MX_TIM4_Init
    main.o(i.main) refers to stm32f1xx_hal_tim.o(i.HAL_TIM_Encoder_Start) for HAL_TIM_Encoder_Start
    main.o(i.main) refers to main.o(i.Position_ReadEnd) for Position_ReadEnd
    main.o(i.main) refers to stm32f1xx_hal_adc.o(i.HAL_ADC_Start_DMA) for HAL_ADC_Start_DMA
    main.o(i.main) refers to usart.o(i.Debug_SendTask) for Debug_SendTask
    main.o(i.main) refers to usart.o(i.Debug_ReceiveTask) for Debug_ReceiveTask
    main.o(i.main) refers to exti.o(i.LimitA_Task) for LimitA_Task
    main.o(i.main) refers to exti.o(i.LimitB_Task) for LimitB_Task
    main.o(i.main) refers to timer.o(i.PositionReset_Task) for PositionReset_Task
    main.o(i.main) refers to timer.o(i.PositionFindMid_Task) for PositionFindMid_Task
    main.o(i.main) refers to timer1.o(.bss) for htim1
    main.o(i.main) refers to timer4.o(.bss) for htim4
    main.o(i.main) refers to adc.o(.bss) for ADC_DMA_ConvertedValue
    stm32f1xx_it.o(i.SysTick_Handler) refers to stm32f1xx_hal.o(i.HAL_IncTick) for HAL_IncTick
    adc.o(i.ADC_Init) refers to stm32f1xx_hal_adc.o(i.HAL_ADC_Init) for HAL_ADC_Init
    adc.o(i.ADC_Init) refers to sys.o(i.Error_Handler) for Error_Handler
    adc.o(i.ADC_Init) refers to stm32f1xx_hal_adc.o(i.HAL_ADC_ConfigChannel) for HAL_ADC_ConfigChannel
    adc.o(i.ADC_Init) refers to adc.o(i.DMA_NVIC_ADC_Init) for DMA_NVIC_ADC_Init
    adc.o(i.ADC_Init) refers to adc.o(.bss) for hadc1
    adc.o(i.DMA1_Channel1_IRQHandler) refers to stm32f1xx_hal_dma.o(i.HAL_DMA_IRQHandler) for HAL_DMA_IRQHandler
    adc.o(i.DMA1_Channel1_IRQHandler) refers to adc.o(.bss) for hdma_adc1
    adc.o(i.DMA_NVIC_ADC_Init) refers to stm32f1xx_hal_cortex.o(i.HAL_NVIC_SetPriority) for HAL_NVIC_SetPriority
    adc.o(i.DMA_NVIC_ADC_Init) refers to stm32f1xx_hal_cortex.o(i.HAL_NVIC_EnableIRQ) for HAL_NVIC_EnableIRQ
    adc.o(i.HAL_ADC_ConvCpltCallback) refers to adc.o(.data) for UserADCCnt
    adc.o(i.HAL_ADC_ConvCpltCallback) refers to adc.o(.bss) for ADC_DMA_ConvertedValue
    adc.o(i.HAL_ADC_MspDeInit) refers to stm32f1xx_hal_gpio.o(i.HAL_GPIO_DeInit) for HAL_GPIO_DeInit
    adc.o(i.HAL_ADC_MspDeInit) refers to stm32f1xx_hal_dma.o(i.HAL_DMA_DeInit) for HAL_DMA_DeInit
    adc.o(i.HAL_ADC_MspInit) refers to stm32f1xx_hal_gpio.o(i.HAL_GPIO_Init) for HAL_GPIO_Init
    adc.o(i.HAL_ADC_MspInit) refers to stm32f1xx_hal_dma.o(i.HAL_DMA_Init) for HAL_DMA_Init
    adc.o(i.HAL_ADC_MspInit) refers to sys.o(i.Error_Handler) for Error_Handler
    adc.o(i.HAL_ADC_MspInit) refers to adc.o(.bss) for hdma_adc1
    exti.o(i.EXTI9_5_IRQHandler) refers to stm32f1xx_hal_gpio.o(i.HAL_GPIO_EXTI_IRQHandler) for HAL_GPIO_EXTI_IRQHandler
    exti.o(i.EXTI_Init) refers to stm32f1xx_hal_gpio.o(i.HAL_GPIO_Init) for HAL_GPIO_Init
    exti.o(i.EXTI_Init) refers to stm32f1xx_hal_cortex.o(i.HAL_NVIC_SetPriority) for HAL_NVIC_SetPriority
    exti.o(i.EXTI_Init) refers to stm32f1xx_hal_cortex.o(i.HAL_NVIC_EnableIRQ) for HAL_NVIC_EnableIRQ
[...]
    Removing stm32f1xx_hal_uart.o(i.UART_DMAError), (80 bytes).
    Removing stm32f1xx_hal_uart.o(i.UART_DMAReceiveCplt), (70 bytes).
    Removing stm32f1xx_hal_uart.o(i.UART_DMARxAbortCallback), (52 bytes).
    Removing stm32f1xx_hal_uart.o(i.UART_DMARxHalfCplt), (14 bytes).
    Removing stm32f1xx_hal_uart.o(i.UART_DMARxOnlyAbortCallback), (24 bytes).
    Removing stm32f1xx_hal_uart.o(i.UART_DMATransmitCplt), (54 bytes).
    Removing stm32f1xx_hal_uart.o(i.UART_DMATxAbortCallback), (52 bytes).
    Removing stm32f1xx_hal_uart.o(i.UART_DMATxHalfCplt), (14 bytes).
    Removing stm32f1xx_hal_uart.o(i.UART_DMATxOnlyAbortCallback), (24 bytes).
    Removing stm32f1xx_hal_uart.o(i.UART_EndTxTransfer), (20 bytes).
    Removing stm32f1xx_hal.o(.rev16_text), (4 bytes).
    Removing stm32f1xx_hal.o(.revsh_text), (4 bytes).
    Removing stm32f1xx_hal.o(.rrx_text), (6 bytes).
    Removing stm32f1xx_hal.o(i.HAL_DBGMCU_DisableDBGSleepMode), (20 bytes).
    Removing stm32f1xx_hal.o(i.HAL_DBGMCU_DisableDBGStandbyMode), (20 bytes).
    Removing stm32f1xx_hal.o(i.HAL_DBGMCU_DisableDBGStopMode), (20 bytes).
    Removing stm32f1xx_hal.o(i.HAL_DBGMCU_EnableDBGSleepMode), (20 bytes).
    Removing stm32f1xx_hal.o(i.HAL_DBGMCU_EnableDBGStandbyMode), (20 bytes).
    Removing stm32f1xx_hal.o(i.HAL_DBGMCU_EnableDBGStopMode), (20 bytes).
    Removing stm32f1xx_hal.o(i.HAL_DeInit), (36 bytes).
    Removing stm32f1xx_hal.o(i.HAL_Delay), (40 bytes).
    Removing stm32f1xx_hal.o(i.HAL_GetDEVID), (16 bytes).
    Removing stm32f1xx_hal.o(i.HAL_GetHalVersion), (8 bytes).
    Removing stm32f1xx_hal.o(i.HAL_GetREVID), (12 bytes).
    Removing stm32f1xx_hal.o(i.HAL_GetTickFreq), (12 bytes).
    Removing stm32f1xx_hal.o(i.HAL_GetTickPrio), (12 bytes).
    Removing stm32f1xx_hal.o(i.HAL_GetUIDw0), (12 bytes).
    Removing stm32f1xx_hal.o(i.HAL_GetUIDw1), (12 bytes).
    Removing stm32f1xx_hal.o(i.HAL_GetUIDw2), (12 bytes).
    Removing stm32f1xx_hal.o(i.HAL_MspDeInit), (2 bytes).
    Removing stm32f1xx_hal.o(i.HAL_MspInit), (2 bytes).
    Removing stm32f1xx_hal.o(i.HAL_ResumeTick), (18 bytes).
    Removing stm32f1xx_hal.o(i.HAL_SetTickFreq), (48 bytes).
    Removing stm32f1xx_hal.o(i.HAL_SuspendTick), (18 bytes).
    Removing stm32f1xx_hal_rcc.o(.rev16_text), (4 bytes).
    Removing stm32f1xx_hal_rcc.o(.revsh_text), (4 bytes).
    Removing stm32f1xx_hal_rcc.o(.rrx_text), (6 bytes).
    Removing stm32f1xx_hal_rcc.o(i.HAL_RCC_CSSCallback), (2 bytes).
    Removing stm32f1xx_hal_rcc.o(i.HAL_RCC_DeInit), (272 bytes).
    Removing stm32f1xx_hal_rcc.o(i.HAL_RCC_DisableCSS), (12 bytes).
    Removing stm32f1xx_hal_rcc.o(i.HAL_RCC_EnableCSS), (12 bytes).
    Removing stm32f1xx_hal_rcc.o(i.HAL_RCC_GetClockConfig), (68 bytes).
    Removing stm32f1xx_hal_rcc.o(i.HAL_RCC_GetOscConfig), (200 bytes).
    Removing stm32f1xx_hal_rcc.o(i.HAL_RCC_MCOConfig), (100 bytes).
    Removing stm32f1xx_hal_rcc.o(i.HAL_RCC_NMI_IRQHandler), (32 bytes).
    Removing stm32f1xx_hal_rcc_ex.o(.rev16_text), (4 bytes).
    Removing stm32f1xx_hal_rcc_ex.o(.revsh_text), (4 bytes).
    Removing stm32f1xx_hal_rcc_ex.o(.rrx_text), (6 bytes).
    Removing stm32f1xx_hal_rcc_ex.o(i.HAL_RCCEx_GetPeriphCLKConfig), (60 bytes).
    Removing stm32f1xx_hal_rcc_ex.o(i.HAL_RCCEx_GetPeriphCLKFreq), (280 bytes).
    Removing stm32f1xx_hal_rcc_ex.o(i.HAL_RCCEx_PeriphCLKConfig), (304 bytes).
    Removing stm32f1xx_hal_gpio.o(.rev16_text), (4 bytes).
    Removing stm32f1xx_hal_gpio.o(.revsh_text), (4 bytes).
    Removing stm32f1xx_hal_gpio.o(.rrx_text), (6 bytes).
    Removing stm32f1xx_hal_gpio.o(i.HAL_GPIO_DeInit), (308 bytes).
    Removing stm32f1xx_hal_gpio.o(i.HAL_GPIO_LockPin), (46 bytes).
    Removing stm32f1xx_hal_gpio.o(i.HAL_GPIO_TogglePin), (20 bytes).
    Removing stm32f1xx_hal_dma.o(.rev16_text), (4 bytes).
    Removing stm32f1xx_hal_dma.o(.revsh_text), (4 bytes).
    Removing stm32f1xx_hal_dma.o(.rrx_text), (6 bytes).
    Removing stm32f1xx_hal_dma.o(i.HAL_DMA_Abort), (86 bytes).
    Removing stm32f1xx_hal_dma.o(i.HAL_DMA_DeInit), (104 bytes).
    Removing stm32f1xx_hal_dma.o(i.HAL_DMA_GetError), (6 bytes).
    Removing stm32f1xx_hal_dma.o(i.HAL_DMA_GetState), (8 bytes).
    Removing stm32f1xx_hal_dma.o(i.HAL_DMA_PollForTransfer), (692 bytes).
    Removing stm32f1xx_hal_dma.o(i.HAL_DMA_RegisterCallback), (90 bytes).
    Removing stm32f1xx_hal_dma.o(i.HAL_DMA_Start), (114 bytes).
    Removing stm32f1xx_hal_dma.o(i.HAL_DMA_UnRegisterCallback), (106 bytes).
    Removing stm32f1xx_hal_cortex.o(.rev16_text), (4 bytes).
    Removing stm32f1xx_hal_cortex.o(.revsh_text), (4 bytes).
    Removing stm32f1xx_hal_cortex.o(.rrx_text), (6 bytes).
    Removing stm32f1xx_hal_cortex.o(i.HAL_NVIC_ClearPendingIRQ), (36 bytes).
    Removing stm32f1xx_hal_cortex.o(i.HAL_NVIC_DisableIRQ), (68 bytes).
    Removing stm32f1xx_hal_cortex.o(i.HAL_NVIC_GetActive), (48 bytes).
    Removing stm32f1xx_hal_cortex.o(i.HAL_NVIC_GetPendingIRQ), (48 bytes).
    Removing stm32f1xx_hal_cortex.o(i.HAL_NVIC_GetPriority), (148 bytes).
    Removing stm32f1xx_hal_cortex.o(i.HAL_NVIC_GetPriorityGrouping), (8 bytes).
    Removing stm32f1xx_hal_cortex.o(i.HAL_NVIC_SetPendingIRQ), (36 bytes).
    Removing stm32f1xx_hal_cortex.o(i.HAL_NVIC_SystemReset), (68 bytes).
    Removing stm32f1xx_hal_cortex.o(i.HAL_SYSTICK_Callback), (2 bytes).
    Removing stm32f1xx_hal_cortex.o(i.HAL_SYSTICK_IRQHandler), (8 bytes).
    Removing stm32f1xx_hal_pwr.o(.rev16_text), (4 bytes).
    Removing stm32f1xx_hal_pwr.o(.revsh_text), (4 bytes).
    Removing stm32f1xx_hal_pwr.o(.rrx_text), (6 bytes).
    Removing stm32f1xx_hal_pwr.o(i.HAL_PWR_ConfigPVD), (180 bytes).
    Removing stm32f1xx_hal_pwr.o(i.HAL_PWR_DeInit), (28 bytes).
    Removing stm32f1xx_hal_pwr.o(i.HAL_PWR_DisableBkUpAccess), (12 bytes).
    Removing stm32f1xx_hal_pwr.o(i.HAL_PWR_DisablePVD), (12 bytes).
    Removing stm32f1xx_hal_pwr.o(i.HAL_PWR_DisableSEVOnPend), (20 bytes).
    Removing stm32f1xx_hal_pwr.o(i.HAL_PWR_DisableSleepOnExit), (20 bytes).
    Removing stm32f1xx_hal_pwr.o(i.HAL_PWR_DisableWakeUpPin), (28 bytes).
    Removing stm32f1xx_hal_pwr.o(i.HAL_PWR_EnableBkUpAccess), (12 bytes).
    Removing stm32f1xx_hal_pwr.o(i.HAL_PWR_EnablePVD), (12 bytes).
    Removing stm32f1xx_hal_pwr.o(i.HAL_PWR_EnableSEVOnPend), (20 bytes).
    Removing stm32f1xx_hal_pwr.o(i.HAL_PWR_EnableSleepOnExit), (20 bytes).
    Removing stm32f1xx_hal_pwr.o(i.HAL_PWR_EnableWakeUpPin), (28 bytes).
    Removing stm32f1xx_hal_pwr.o(i.HAL_PWR_EnterSLEEPMode), (32 bytes).
    Removing stm32f1xx_hal_pwr.o(i.HAL_PWR_EnterSTANDBYMode), (40 bytes).
    Removing stm32f1xx_hal_pwr.o(i.HAL_PWR_EnterSTOPMode), (84 bytes).
    Removing stm32f1xx_hal_pwr.o(i.HAL_PWR_PVDCallback), (2 bytes).
    Removing stm32f1xx_hal_pwr.o(i.HAL_PWR_PVD_IRQHandler), (32 bytes).
    Removing stm32f1xx_hal_pwr.o(i.PWR_OverloadWfe), (6 bytes).
    Removing stm32f1xx_hal_flash.o(.rev16_text), (4 bytes).
    Removing stm32f1xx_hal_flash.o(.revsh_text), (4 bytes).
    Removing stm32f1xx_hal_flash.o(.rrx_text), (6 bytes).
    Removing stm32f1xx_hal_flash.o(i.HAL_FLASH_EndOfOperationCallback), (2 bytes).
    Removing stm32f1xx_hal_flash.o(i.HAL_FLASH_GetError), (12 bytes).
    Removing stm32f1xx_hal_flash.o(i.HAL_FLASH_IRQHandler), (384 bytes).
    Removing stm32f1xx_hal_flash.o(i.HAL_FLASH_OB_Launch), (8 bytes).
    Removing stm32f1xx_hal_flash.o(i.HAL_FLASH_OB_Lock), (20 bytes).
    Removing stm32f1xx_hal_flash.o(i.HAL_FLASH_OB_Unlock), (44 bytes).
    Removing stm32f1xx_hal_flash.o(i.HAL_FLASH_OperationErrorCallback), (2 bytes).
    Removing stm32f1xx_hal_flash.o(i.HAL_FLASH_Program_IT), (124 bytes).
    Removing stm32f1xx_hal_flash_ex.o(.rev16_text), (4 bytes).
    Removing stm32f1xx_hal_flash_ex.o(.revsh_text), (4 bytes).
    Removing stm32f1xx_hal_flash_ex.o(.rrx_text), (6 bytes).
    Removing stm32f1xx_hal_flash_ex.o(i.FLASH_MassErase), (40 bytes).
    Removing stm32f1xx_hal_flash_ex.o(i.FLASH_OB_DisableWRP), (232 bytes).
    Removing stm32f1xx_hal_flash_ex.o(i.FLASH_OB_EnableWRP), (236 bytes).
    Removing stm32f1xx_hal_flash_ex.o(i.FLASH_OB_GetRDP), (28 bytes).
    Removing stm32f1xx_hal_flash_ex.o(i.FLASH_OB_GetUser), (16 bytes).
    Removing stm32f1xx_hal_flash_ex.o(i.FLASH_OB_GetWRP), (12 bytes).
    Removing stm32f1xx_hal_flash_ex.o(i.FLASH_OB_ProgramData), (76 bytes).
    Removing stm32f1xx_hal_flash_ex.o(i.FLASH_OB_RDP_LevelConfig), (124 bytes).
    Removing stm32f1xx_hal_flash_ex.o(i.FLASH_OB_UserConfig), (84 bytes).
    Removing stm32f1xx_hal_flash_ex.o(i.HAL_FLASHEx_Erase), (176 bytes).
    Removing stm32f1xx_hal_flash_ex.o(i.HAL_FLASHEx_Erase_IT), (100 bytes).
    Removing stm32f1xx_hal_flash_ex.o(i.HAL_FLASHEx_OBErase), (96 bytes).
    Removing stm32f1xx_hal_flash_ex.o(i.HAL_FLASHEx_OBGetConfig), (28 bytes).
    Removing stm32f1xx_hal_flash_ex.o(i.HAL_FLASHEx_OBGetUserData), (40 bytes).
    Removing stm32f1xx_hal_flash_ex.o(i.HAL_FLASHEx_OBProgram), (200 bytes).
    Removing stm32f1xx_hal_exti.o(.rev16_text), (4 bytes).
    Removing stm32f1xx_hal_exti.o(.revsh_text), (4 bytes).
    Removing stm32f1xx_hal_exti.o(.rrx_text), (6 bytes).
    Removing stm32f1xx_hal_exti.o(i.HAL_EXTI_ClearConfigLine), (120 bytes).
    Removing stm32f1xx_hal_exti.o(i.HAL_EXTI_ClearPending), (28 bytes).
    Removing stm32f1xx_hal_exti.o(i.HAL_EXTI_GenerateSWI), (24 bytes).
    Removing stm32f1xx_hal_exti.o(i.HAL_EXTI_GetConfigLine), (176 bytes).
    Removing stm32f1xx_hal_exti.o(i.HAL_EXTI_GetHandle), (14 bytes).
    Removing stm32f1xx_hal_exti.o(i.HAL_EXTI_GetPending), (36 bytes).
    Removing stm32f1xx_hal_exti.o(i.HAL_EXTI_IRQHandler), (44 bytes).
    Removing stm32f1xx_hal_exti.o(i.HAL_EXTI_RegisterCallback), (20 bytes).
    Removing stm32f1xx_hal_exti.o(i.HAL_EXTI_SetConfigLine), (240 bytes).
    Removing stm32f1xx_hal_adc.o(.rev16_text), (4 bytes).
    Removing stm32f1xx_hal_adc.o(.revsh_text), (4 bytes).
    Removing stm32f1xx_hal_adc.o(.rrx_text), (6 bytes).
    Removing stm32f1xx_hal_adc.o(i.HAL_ADC_AnalogWDGConfig), (148 bytes).
    Removing stm32f1xx_hal_adc.o(i.HAL_ADC_ConvCpltCallback), (2 bytes).
    Removing stm32f1xx_hal_adc.o(i.HAL_ADC_ConvHalfCpltCallback), (2 bytes).
    Removing stm32f1xx_hal_adc.o(i.HAL_ADC_DeInit), (268 bytes).
    Removing stm32f1xx_hal_adc.o(i.HAL_ADC_GetError), (6 bytes).
    Removing stm32f1xx_hal_adc.o(i.HAL_ADC_GetState), (6 bytes).
    Removing stm32f1xx_hal_adc.o(i.HAL_ADC_GetValue), (8 bytes).
    Removing stm32f1xx_hal_adc.o(i.HAL_ADC_IRQHandler), (290 bytes).
    Removing stm32f1xx_hal_adc.o(i.HAL_ADC_LevelOutOfWindowCallback), (2 bytes).
    Removing stm32f1xx_hal_adc.o(i.HAL_ADC_MspDeInit), (2 bytes).
    Removing stm32f1xx_hal_adc.o(i.HAL_ADC_MspInit), (2 bytes).
    Removing stm32f1xx_hal_adc.o(i.HAL_ADC_PollForConversion), (384 bytes).
    Removing stm32f1xx_hal_adc.o(i.HAL_ADC_PollForEvent), (118 bytes).
    Removing stm32f1xx_hal_adc.o(i.HAL_ADC_Start), (304 bytes).
    Removing stm32f1xx_hal_adc.o(i.HAL_ADC_Start_IT), (316 bytes).
    Removing stm32f1xx_hal_adc.o(i.HAL_ADC_Stop), (64 bytes).
    Removing stm32f1xx_hal_adc.o(i.HAL_ADC_Stop_DMA), (106 bytes).
    Removing stm32f1xx_hal_adc.o(i.HAL_ADC_Stop_IT), (76 bytes).
    Removing stm32f1xx_hal_adc_ex.o(.rev16_text), (4 bytes).
    Removing stm32f1xx_hal_adc_ex.o(.revsh_text), (4 bytes).
    Removing stm32f1xx_hal_adc_ex.o(.rrx_text), (6 bytes).
    Removing stm32f1xx_hal_adc_ex.o(i.HAL_ADCEx_Calibration_Start), (280 bytes).
    Removing stm32f1xx_hal_adc_ex.o(i.HAL_ADCEx_InjectedConfigChannel), (596 bytes).
    Removing stm32f1xx_hal_adc_ex.o(i.HAL_ADCEx_InjectedConvCpltCallback), (2 bytes).
    Removing stm32f1xx_hal_adc_ex.o(i.HAL_ADCEx_InjectedGetValue), (50 bytes).
    Removing stm32f1xx_hal_adc_ex.o(i.HAL_ADCEx_InjectedPollForConversion), (364 bytes).
    Removing stm32f1xx_hal_adc_ex.o(i.HAL_ADCEx_InjectedStart), (236 bytes).
    Removing stm32f1xx_hal_adc_ex.o(i.HAL_ADCEx_InjectedStart_IT), (248 bytes).
    Removing stm32f1xx_hal_adc_ex.o(i.HAL_ADCEx_InjectedStop), (94 bytes).
    Removing stm32f1xx_hal_adc_ex.o(i.HAL_ADCEx_InjectedStop_IT), (106 bytes).
    Removing stm32f1xx_hal_adc_ex.o(i.HAL_ADCEx_MultiModeConfigChannel), (124 bytes).
    Removing stm32f1xx_hal_adc_ex.o(i.HAL_ADCEx_MultiModeGetValue), (36 bytes).
    Removing stm32f1xx_hal_adc_ex.o(i.HAL_ADCEx_MultiModeStart_DMA), (284 bytes).
    Removing stm32f1xx_hal_adc_ex.o(i.HAL_ADCEx_MultiModeStop_DMA), (148 bytes).
    Removing system_stm32f1xx.o(.rev16_text), (4 bytes).
    Removing system_stm32f1xx.o(.revsh_text), (4 bytes).
    Removing system_stm32f1xx.o(.rrx_text), (6 bytes).
    Removing system_stm32f1xx.o(i.SystemCoreClockUpdate), (164 bytes).
    Removing startup_stm32f103xb.o(HEAP), (512 bytes).

425 unused section(s) (total 34862 bytes) removed from the image.

==============================================================================

Image Symbol Table

    Local Symbols

    Symbol Name                              Value     Ov Type        Size  Object(Section)

    ../Core/Src/main.c                       0x00000000   Number         0  main.o ABSOLUTE
    ../Core/Src/stm32f1xx_hal_msp.c          0x00000000   Number         0  stm32f1xx_hal_msp.o ABSOLUTE
    ../Core/Src/stm32f1xx_it.c               0x00000000   Number         0  stm32f1xx_it.o ABSOLUTE
    ../Core/Src/system_stm32f1xx.c           0x00000000   Number         0  system_stm32f1xx.o ABSOLUTE
    ../Drivers/STM32F1xx_HAL_Driver/Src/stm32f1xx_hal.c 0x00000000   Number         0  stm32f1xx_hal.o ABSOLUTE
    ../Drivers/STM32F1xx_HAL_Driver/Src/stm32f1xx_hal_cortex.c 0x00000000   Number         0  stm32f1xx_hal_cortex.o ABSOLUTE
    ../Drivers/STM32F1xx_HAL_Driver/Src/stm32f1xx_hal_dma.c 0x00000000   Number         0  stm32f1xx_hal_dma.o ABSOLUTE
    ../Drivers/STM32F1xx_HAL_Driver/Src/stm32f1xx_hal_exti.c 0x00000000   Number         0  stm32f1xx_hal_exti.o ABSOLUTE
    ../Drivers/STM32F1xx_HAL_Driver/Src/stm32f1xx_hal_flash.c 0x00000000   Number         0  stm32f1xx_hal_flash.o ABSOLUTE
    ../Drivers/STM32F1xx_HAL_Driver/Src/stm32f1xx_hal_flash_ex.c 0x00000000   Number         0  stm32f1xx_hal_flash_ex.o ABSOLUTE
    ../Drivers/STM32F1xx_HAL_Driver/Src/stm32f1xx_hal_gpio.c 0x00000000   Number         0  stm32f1xx_hal_gpio.o ABSOLUTE
    ../Drivers/STM32F1xx_HAL_Driver/Src/stm32f1xx_hal_gpio_ex.c 0x00000000   Number         0  stm32f1xx_hal_gpio_ex.o ABSOLUTE
    ../Drivers/STM32F1xx_HAL_Driver/Src/stm32f1xx_hal_pwr.c 0x00000000   Number         0  stm32f1xx_hal_pwr.o ABSOLUTE
    ../Drivers/STM32F1xx_HAL_Driver/Src/stm32f1xx_hal_rcc.c 0x00000000   Number         0  stm32f1xx_hal_rcc.o ABSOLUTE
    ../Drivers/STM32F1xx_HAL_Driver/Src/stm32f1xx_hal_rcc_ex.c 0x00000000   Number         0  stm32f1xx_hal_rcc_ex.o ABSOLUTE
    ../Drivers/STM32F1xx_HAL_Driver/Src/stm32f1xx_hal_tim.c 0x00000000   Number         0  stm32f1xx_hal_tim.o ABSOLUTE
    ../Drivers/STM32F1xx_HAL_Driver/Src/stm32f1xx_hal_tim_ex.c 0x00000000   Number         0  stm32f1xx_hal_tim_ex.o ABSOLUTE
    ../Drivers/STM32F1xx_HAL_Driver/Src/stm32f1xx_hal_uart.c 0x00000000   Number         0  stm32f1xx_hal_uart.o ABSOLUTE
    ../clib/microlib/init/entry.s            0x00000000   Number         0  entry.o ABSOLUTE
    ../clib/microlib/init/entry.s            0x00000000   Number         0  entry7b.o ABSOLUTE
    ../clib/microlib/init/entry.s            0x00000000   Number         0  entry2.o ABSOLUTE
    ../clib/microlib/init/entry.s            0x00000000   Number         0  entry7a.o ABSOLUTE
    ../clib/microlib/init/entry.s            0x00000000   Number         0  entry5.o ABSOLUTE
    ../clib/microlib/init/entry.s            0x00000000   Number         0  entry9b.o ABSOLUTE
    ../clib/microlib/init/entry.s            0x00000000   Number         0  entry8a.o ABSOLUTE
    ../clib/microlib/init/entry.s            0x00000000   Number         0  entry11b.o ABSOLUTE
    ../clib/microlib/init/entry.s            0x00000000   Number         0  entry11a.o ABSOLUTE
    ../clib/microlib/init/entry.s            0x00000000   Number         0  entry10b.o ABSOLUTE
    ../clib/microlib/init/entry.s            0x00000000   Number         0  entry10a.o ABSOLUTE
    ../clib/microlib/init/entry.s            0x00000000   Number         0  entry9a.o ABSOLUTE
    ../clib/microlib/init/entry.s            0x00000000   Number         0  entry8b.o ABSOLUTE
    ../clib/microlib/longlong.c              0x00000000   Number         0  llushr.o ABSOLUTE
    ../clib/microlib/string/memset.c         0x00000000   Number         0  memseta.o ABSOLUTE
    ../clib/microlib/stubs.s                 0x00000000   Number         0  useno.o ABSOLUTE
    ..\Core\Src\main.c                       0x00000000   Number         0  main.o ABSOLUTE
    ..\Core\Src\stm32f1xx_hal_msp.c          0x00000000   Number         0  stm32f1xx_hal_msp.o ABSOLUTE
    ..\Core\Src\stm32f1xx_it.c               0x00000000   Number         0  stm32f1xx_it.o ABSOLUTE
    ..\Core\Src\system_stm32f1xx.c           0x00000000   Number         0  system_stm32f1xx.o ABSOLUTE
    ..\Drivers\STM32F1xx_HAL_Driver\Src\stm32f1xx_hal.c 0x00000000   Number         0  stm32f1xx_hal.o ABSOLUTE
    ..\Drivers\STM32F1xx_HAL_Driver\Src\stm32f1xx_hal_adc.c 0x00000000   Number         0  stm32f1xx_hal_adc.o ABSOLUTE
    ..\Drivers\STM32F1xx_HAL_Driver\Src\stm32f1xx_hal_adc_ex.c 0x00000000   Number         0  stm32f1xx_hal_adc_ex.o ABSOLUTE
    ..\Drivers\STM32F1xx_HAL_Driver\Src\stm32f1xx_hal_cortex.c 0x00000000   Number         0  stm32f1xx_hal_cortex.o ABSOLUTE
    ..\Drivers\STM32F1xx_HAL_Driver\Src\stm32f1xx_hal_dma.c 0x00000000   Number         0  stm32f1xx_hal_dma.o ABSOLUTE
    ..\Drivers\STM32F1xx_HAL_Driver\Src\stm32f1xx_hal_exti.c 0x00000000   Number         0  stm32f1xx_hal_exti.o ABSOLUTE
    ..\Drivers\STM32F1xx_HAL_Driver\Src\stm32f1xx_hal_flash.c 0x00000000   Number         0  stm32f1xx_hal_flash.o ABSOLUTE
    ..\Drivers\STM32F1xx_HAL_Driver\Src\stm32f1xx_hal_flash_ex.c 0x00000000   Number         0  stm32f1xx_hal_flash_ex.o ABSOLUTE
    ..\Drivers\STM32F1xx_HAL_Driver\Src\stm32f1xx_hal_gpio.c 0x00000000   Number         0  stm32f1xx_hal_gpio.o ABSOLUTE
    ..\Drivers\STM32F1xx_HAL_Driver\Src\stm32f1xx_hal_gpio_ex.c 0x00000000   Number         0  stm32f1xx_hal_gpio_ex.o ABSOLUTE
    ..\Drivers\STM32F1xx_HAL_Driver\Src\stm32f1xx_hal_pwr.c 0x00000000   Number         0  stm32f1xx_hal_pwr.o ABSOLUTE
    ..\Drivers\STM32F1xx_HAL_Driver\Src\stm32f1xx_hal_rcc.c 0x00000000   Number         0  stm32f1xx_hal_rcc.o ABSOLUTE
    ..\Drivers\STM32F1xx_HAL_Driver\Src\stm32f1xx_hal_rcc_ex.c 0x00000000   Number         0  stm32f1xx_hal_rcc_ex.o ABSOLUTE
    ..\Drivers\STM32F1xx_HAL_Driver\Src\stm32f1xx_hal_tim.c 0x00000000   Number         0  stm32f1xx_hal_tim.o ABSOLUTE
    ..\Drivers\STM32F1xx_HAL_Driver\Src\stm32f1xx_hal_tim_ex.c 0x00000000   Number         0  stm32f1xx_hal_tim_ex.o ABSOLUTE
    ..\Drivers\STM32F1xx_HAL_Driver\Src\stm32f1xx_hal_uart.c 0x00000000   Number         0  stm32f1xx_hal_uart.o ABSOLUTE
    ..\HARDWARE\adc.c                        0x00000000   Number         0  adc.o ABSOLUTE
    ..\HARDWARE\exti.c                       0x00000000   Number         0  exti.o ABSOLUTE
    ..\HARDWARE\stmflash.c                   0x00000000   Number         0  stmflash.o ABSOLUTE
    ..\HARDWARE\timer.c                      0x00000000   Number         0  timer.o ABSOLUTE
    ..\HARDWARE\timer1.c                     0x00000000   Number         0  timer1.o ABSOLUTE
    ..\HARDWARE\timer4.c                     0x00000000   Number         0  timer4.o ABSOLUTE
    ..\SYSTEM\delay\delay.c                  0x00000000   Number         0  delay.o ABSOLUTE
    ..\SYSTEM\sys\sys.c                      0x00000000   Number         0  sys.o ABSOLUTE
    ..\SYSTEM\usart\usart.c                  0x00000000   Number         0  usart.o ABSOLUTE
    ..\\Drivers\\STM32F1xx_HAL_Driver\\Src\\stm32f1xx_hal_adc.c 0x00000000   Number         0  stm32f1xx_hal_adc.o ABSOLUTE
    ..\\Drivers\\STM32F1xx_HAL_Driver\\Src\\stm32f1xx_hal_adc_ex.c 0x00000000   Number         0  stm32f1xx_hal_adc_ex.o ABSOLUTE
    ..\\HARDWARE\\adc.c                      0x00000000   Number         0  adc.o ABSOLUTE
    ..\\HARDWARE\\exti.c                     0x00000000   Number         0  exti.o ABSOLUTE
    ..\\HARDWARE\\stmflash.c                 0x00000000   Number         0  stmflash.o ABSOLUTE
    ..\\HARDWARE\\timer.c                    0x00000000   Number         0  timer.o ABSOLUTE
    ..\\HARDWARE\\timer1.c                   0x00000000   Number         0  timer1.o ABSOLUTE
    ..\\HARDWARE\\timer4.c                   0x00000000   Number         0  timer4.o ABSOLUTE
    ..\\SYSTEM\\delay\\delay.c               0x00000000   Number         0  delay.o ABSOLUTE
    ..\\SYSTEM\\sys\\sys.c                   0x00000000   Number         0  sys.o ABSOLUTE
    ..\\SYSTEM\\usart\\usart.c               0x00000000   Number         0  usart.o ABSOLUTE
    dc.s                                     0x00000000   Number         0  dc.o ABSOLUTE
    handlers.s                               0x00000000   Number         0  handlers.o ABSOLUTE
    init.s                                   0x00000000   Number         0  init.o ABSOLUTE
    startup_stm32f103xb.s                    0x00000000   Number         0  startup_stm32f103xb.o ABSOLUTE
    RESET                                    0x08000000   Section      236  startup_stm32f103xb.o(RESET)
    .ARM.Collect$$$$00000000                 0x080000ec   Section        0  entry.o(.ARM.Collect$$$$00000000)
    .ARM.Collect$$$$00000001                 0x080000ec   Section        4  entry2.o(.ARM.Collect$$$$00000001)
    .ARM.Collect$$$$00000004                 0x080000f0   Section        4  entry5.o(.ARM.Collect$$$$00000004)
    .ARM.Collect$$$$00000008                 0x080000f4   Section        0  entry7b.o(.ARM.Collect$$$$00000008)
    .ARM.Collect$$$$0000000A                 0x080000f4   Section        0  entry8b.o(.ARM.Collect$$$$0000000A)
    .ARM.Collect$$$$0000000B                 0x080000f4   Section        8  entry9a.o(.ARM.Collect$$$$0000000B)
    .ARM.Collect$$$$0000000D                 0x080000fc   Section        0  entry10a.o(.ARM.Collect$$$$0000000D)
    .ARM.Collect$$$$0000000F                 0x080000fc   Section        0  entry11a.o(.ARM.Collect$$$$0000000F)
    .ARM.Collect$$$$00002712                 0x080000fc   Section        4  entry2.o(.ARM.Collect$$$$00002712)
    __lit__00000000                          0x080000fc   Data           4  entry2.o(.ARM.Collect$$$$00002712)
    .text                                    0x08000100   Section       36  startup_stm32f103xb.o(.text)
    .text                                    0x08000124   Section        0  llushr.o(.text)
    .text                                    0x08000144   Section        0  memseta.o(.text)
    .text                                    0x08000168   Section       36  init.o(.text)
    i.ADC_ConversionStop_Disable             0x0800018c   Section        0  stm32f1xx_hal_adc.o(i.ADC_ConversionStop_Disable)
    i.ADC_DMAConvCplt                        0x080001e8   Section        0  stm32f1xx_hal_adc.o(i.ADC_DMAConvCplt)
    i.ADC_DMAError                           0x0800023a   Section        0  stm32f1xx_hal_adc.o(i.ADC_DMAError)
    i.ADC_DMAHalfConvCplt                    0x08000258   Section        0  stm32f1xx_hal_adc.o(i.ADC_DMAHalfConvCplt)
    i.ADC_Enable                             0x08000268   Section        0  stm32f1xx_hal_adc.o(i.ADC_Enable)
    i.ADC_Init                               0x080002f8   Section        0  adc.o(i.ADC_Init)
    i.BusFault_Handler                       0x08000370   Section        0  stm32f1xx_it.o(i.BusFault_Handler)
    i.DMA1_Channel1_IRQHandler               0x08000374   Section        0  adc.o(i.DMA1_Channel1_IRQHandler)
    i.DMA1_Channel7_IRQHandler               0x08000384   Section        0  usart.o(i.DMA1_Channel7_IRQHandler)
    i.DMA_NVIC_ADC_Init                      0x08000394   Section        0  adc.o(i.DMA_NVIC_ADC_Init)
    i.DMA_NVIC_UART_Init                     0x080003c8   Section        0  usart.o(i.DMA_NVIC_UART_Init)
    i.DMA_SetConfig                          0x080003ca   Section        0  stm32f1xx_hal_dma.o(i.DMA_SetConfig)
    DMA_SetConfig                            0x080003cb   Thumb Code    44  stm32f1xx_hal_dma.o(i.DMA_SetConfig)
    i.DebugMon_Handler                       0x080003f6   Section        0  stm32f1xx_it.o(i.DebugMon_Handler)
    i.Debug_DataRxHandler                    0x080003f8   Section        0  usart.o(i.Debug_DataRxHandler)
    i.Debug_DmaTxIrqHandler                  0x08000540   Section        0  usart.o(i.Debug_DmaTxIrqHandler)
    i.Debug_ReadRingBuff                     0x08000578   Section        0  usart.o(i.Debug_ReadRingBuff)
    i.Debug_ReceiveTask                      0x08000600   Section        0  usart.o(i.Debug_ReceiveTask)
    i.Debug_RxHandler                        0x0800061c   Section        0  usart.o(i.Debug_RxHandler)
    i.Debug_SendData                         0x08000664   Section        0  usart.o(i.Debug_SendData)
    i.Debug_SendTask                         0x080006b4   Section        0  usart.o(i.Debug_SendTask)
    i.Debug_SetData                          0x080006e0   Section        0  usart.o(i.Debug_SetData)
    i.Debug_WriteRingBuff                    0x0800073c   Section        0  usart.o(i.Debug_WriteRingBuff)
    i.EXTI9_5_IRQHandler                     0x0800078c   Section        0  exti.o(i.EXTI9_5_IRQHandler)
    i.Encoder_PositionGetDiff                0x08000798   Section        0  timer.o(i.Encoder_PositionGetDiff)
    i.Error_Handler                          0x08000858   Section        0  sys.o(i.Error_Handler)
    i.FLASH_PageErase                        0x08000860   Section        0  stm32f1xx_hal_flash_ex.o(i.FLASH_PageErase)
    i.FLASH_Program_HalfWord                 0x08000888   Section        0  stm32f1xx_hal_flash.o(i.FLASH_Program_HalfWord)
    FLASH_Program_HalfWord                   0x08000889   Thumb Code    22  stm32f1xx_hal_flash.o(i.FLASH_Program_HalfWord)
    i.FLASH_SetErrorCode                     0x080008a8   Section        0  stm32f1xx_hal_flash.o(i.FLASH_SetErrorCode)
    FLASH_SetErrorCode                       0x080008a9   Thumb Code   124  stm32f1xx_hal_flash.o(i.FLASH_SetErrorCode)
    i.FLASH_WaitForLastOperation             0x0800092c   Section        0  stm32f1xx_hal_flash.o(i.FLASH_WaitForLastOperation)
    i.GPIO_Init                              0x0800099c   Section        0  main.o(i.GPIO_Init)
    i.HAL_ADC_ConfigChannel                  0x080009ec   Section        0  stm32f1xx_hal_adc.o(i.HAL_ADC_ConfigChannel)
    i.HAL_ADC_ConvCpltCallback               0x08000b4c   Section        0  adc.o(i.HAL_ADC_ConvCpltCallback)
    i.HAL_ADC_ConvHalfCpltCallback           0x08000bc4   Section        0  adc.o(i.HAL_ADC_ConvHalfCpltCallback)
    i.HAL_ADC_ErrorCallback                  0x08000bc6   Section        0  stm32f1xx_hal_adc.o(i.HAL_ADC_ErrorCallback)
    i.HAL_ADC_Init                           0x08000bc8   Section        0  stm32f1xx_hal_adc.o(i.HAL_ADC_Init)
    i.HAL_ADC_MspInit                        0x08000d0c   Section        0  adc.o(i.HAL_ADC_MspInit)
    i.HAL_ADC_Start_DMA                      0x08000dd4   Section        0  stm32f1xx_hal_adc.o(i.HAL_ADC_Start_DMA)
    i.HAL_DMA_Abort_IT                       0x08000f54   Section        0  stm32f1xx_hal_dma.o(i.HAL_DMA_Abort_IT)
    i.HAL_DMA_IRQHandler                     0x08001004   Section        0  stm32f1xx_hal_dma.o(i.HAL_DMA_IRQHandler)
    i.HAL_DMA_Init                           0x080011a0   Section        0  stm32f1xx_hal_dma.o(i.HAL_DMA_Init)
    i.HAL_DMA_Start_IT                       0x08001208   Section        0  stm32f1xx_hal_dma.o(i.HAL_DMA_Start_IT)
    i.HAL_FLASH_Lock                         0x080012a4   Section        0  stm32f1xx_hal_flash.o(i.HAL_FLASH_Lock)
    i.HAL_FLASH_Program                      0x080012b8   Section        0  stm32f1xx_hal_flash.o(i.HAL_FLASH_Program)
    i.HAL_FLASH_Unlock                       0x08001368   Section        0  stm32f1xx_hal_flash.o(i.HAL_FLASH_Unlock)
    i.HAL_GPIO_EXTI_Callback                 0x08001398   Section        0  stm32f1xx_hal_gpio.o(i.HAL_GPIO_EXTI_Callback)
    i.HAL_GPIO_EXTI_IRQHandler               0x0800139c   Section        0  stm32f1xx_hal_gpio.o(i.HAL_GPIO_EXTI_IRQHandler)
    i.HAL_GPIO_Init                          0x080013b8   Section        0  stm32f1xx_hal_gpio.o(i.HAL_GPIO_Init)
    i.HAL_GPIO_ReadPin                       0x080016d8   Section        0  stm32f1xx_hal_gpio.o(i.HAL_GPIO_ReadPin)
    i.HAL_GPIO_WritePin                      0x080016e8   Section        0  stm32f1xx_hal_gpio.o(i.HAL_GPIO_WritePin)
    i.HAL_GetTick                            0x080016f4   Section        0  stm32f1xx_hal.o(i.HAL_GetTick)
    i.HAL_IncTick                            0x08001700   Section        0  stm32f1xx_hal.o(i.HAL_IncTick)
    i.HAL_Init                               0x08001718   Section        0  stm32f1xx_hal.o(i.HAL_Init)
    i.HAL_InitTick                           0x08001740   Section        0  stm32f1xx_hal.o(i.HAL_InitTick)
    i.HAL_MspInit                            0x0800178c   Section        0  stm32f1xx_hal_msp.o(i.HAL_MspInit)
    i.HAL_NVIC_EnableIRQ                     0x080017e0   Section        0  stm32f1xx_hal_cortex.o(i.HAL_NVIC_EnableIRQ)
    i.HAL_NVIC_SetPriority                   0x08001800   Section        0  stm32f1xx_hal_cortex.o(i.HAL_NVIC_SetPriority)
    i.HAL_NVIC_SetPriorityGrouping           0x0800187c   Section        0  stm32f1xx_hal_cortex.o(i.HAL_NVIC_SetPriorityGrouping)
    i.HAL_RCC_ClockConfig                    0x080018a4   Section        0  stm32f1xx_hal_rcc.o(i.HAL_RCC_ClockConfig)
    i.HAL_RCC_GetHCLKFreq                    0x08001a30   Section        0  stm32f1xx_hal_rcc.o(i.HAL_RCC_GetHCLKFreq)
    i.HAL_RCC_GetPCLK1Freq                   0x08001a3c   Section        0  stm32f1xx_hal_rcc.o(i.HAL_RCC_GetPCLK1Freq)
    i.HAL_RCC_GetPCLK2Freq                   0x08001a5c   Section        0  stm32f1xx_hal_rcc.o(i.HAL_RCC_GetPCLK2Freq)
    i.HAL_RCC_GetSysClockFreq                0x08001a7c   Section        0  stm32f1xx_hal_rcc.o(i.HAL_RCC_GetSysClockFreq)
    i.HAL_RCC_OscConfig                      0x08001b10   Section        0  stm32f1xx_hal_rcc.o(i.HAL_RCC_OscConfig)
    i.HAL_SYSTICK_CLKSourceConfig            0x08001f74   Section        0  stm32f1xx_hal_cortex.o(i.HAL_SYSTICK_CLKSourceConfig)
    i.HAL_SYSTICK_Config                     0x08001f9c   Section        0  stm32f1xx_hal_cortex.o(i.HAL_SYSTICK_Config)
    i.HAL_TIMEx_BreakCallback                0x08001fd0   Section        0  stm32f1xx_hal_tim_ex.o(i.HAL_TIMEx_BreakCallback)
    i.HAL_TIMEx_CommutCallback               0x08001fd2   Section        0  stm32f1xx_hal_tim_ex.o(i.HAL_TIMEx_CommutCallback)
    i.HAL_TIMEx_MasterConfigSynchronization  0x08001fd4   Section        0  stm32f1xx_hal_tim_ex.o(i.HAL_TIMEx_MasterConfigSynchronization)
    i.HAL_TIM_Base_Init                      0x08002058   Section        0  stm32f1xx_hal_tim.o(i.HAL_TIM_Base_Init)
    i.HAL_TIM_Base_MspInit                   0x080020c0   Section        0  timer.o(i.HAL_TIM_Base_MspInit)
    i.HAL_TIM_Base_Start_IT                  0x08002104   Section        0  stm32f1xx_hal_tim.o(i.HAL_TIM_Base_Start_IT)
    i.HAL_TIM_Encoder_Init                   0x0800217c   Section        0  stm32f1xx_hal_tim.o(i.HAL_TIM_Encoder_Init)
    i.HAL_TIM_Encoder_MspInit                0x08002240   Section        0  timer4.o(i.HAL_TIM_Encoder_MspInit)
    i.HAL_TIM_Encoder_Start                  0x080022b0   Section        0  stm32f1xx_hal_tim.o(i.HAL_TIM_Encoder_Start)
    i.HAL_TIM_IC_CaptureCallback             0x0800237c   Section        0  stm32f1xx_hal_tim.o(i.HAL_TIM_IC_CaptureCallback)
    i.HAL_TIM_IRQHandler                     0x0800237e   Section        0  stm32f1xx_hal_tim.o(i.HAL_TIM_IRQHandler)
    i.HAL_TIM_MspPostInit                    0x08002514   Section        0  timer1.o(i.HAL_TIM_MspPostInit)
    i.HAL_TIM_OC_DelayElapsedCallback        0x0800256c   Section        0  stm32f1xx_hal_tim.o(i.HAL_TIM_OC_DelayElapsedCallback)
    i.HAL_TIM_PWM_ConfigChannel              0x0800256e   Section        0  stm32f1xx_hal_tim.o(i.HAL_TIM_PWM_ConfigChannel)
    i.HAL_TIM_PWM_Init                       0x0800266a   Section        0  stm32f1xx_hal_tim.o(i.HAL_TIM_PWM_Init)
    i.HAL_TIM_PWM_MspInit                    0x080026d0   Section        0  timer1.o(i.HAL_TIM_PWM_MspInit)
    i.HAL_TIM_PWM_PulseFinishedCallback      0x08002700   Section        0  stm32f1xx_hal_tim.o(i.HAL_TIM_PWM_PulseFinishedCallback)
    i.HAL_TIM_PWM_Start                      0x08002704   Section        0  stm32f1xx_hal_tim.o(i.HAL_TIM_PWM_Start)
    i.HAL_TIM_PWM_Stop                       0x080027d8   Section        0  stm32f1xx_hal_tim.o(i.HAL_TIM_PWM_Stop)
    i.HAL_TIM_PeriodElapsedCallback          0x08002874   Section        0  timer.o(i.HAL_TIM_PeriodElapsedCallback)
    i.HAL_TIM_TriggerCallback                0x080029b8   Section        0  stm32f1xx_hal_tim.o(i.HAL_TIM_TriggerCallback)
    i.HAL_UART_ErrorCallback                 0x080029ba   Section        0  stm32f1xx_hal_uart.o(i.HAL_UART_ErrorCallback)
    i.HAL_UART_IRQHandler                    0x080029bc   Section        0  stm32f1xx_hal_uart.o(i.HAL_UART_IRQHandler)
    i.HAL_UART_Init                          0x08002b10   Section        0  stm32f1xx_hal_uart.o(i.HAL_UART_Init)
    i.HAL_UART_MspInit                       0x08002b84   Section        0  usart.o(i.HAL_UART_MspInit)
    i.HAL_UART_Receive                       0x08002d24   Section        0  stm32f1xx_hal_uart.o(i.HAL_UART_Receive)
    i.HAL_UART_RxCpltCallback                0x08002dfc   Section        0  usart.o(i.HAL_UART_RxCpltCallback)
    i.HAL_UART_Transmit_IT                   0x08002e0c   Section        0  stm32f1xx_hal_uart.o(i.HAL_UART_Transmit_IT)
    i.HAL_UART_TxCpltCallback                0x08002e64   Section        0  usart.o(i.HAL_UART_TxCpltCallback)
    i.HardFault_Handler                      0x08002e80   Section        0  stm32f1xx_it.o(i.HardFault_Handler)
    i.LimitA_Task                            0x08002e84   Section        0  exti.o(i.LimitA_Task)
    i.LimitB_Read                            0x08002f10   Section        0  exti.o(i.LimitB_Read)
    i.LimitB_Task                            0x08002f2c   Section        0  exti.o(i.LimitB_Task)
    i.MX_TIM1_Init                           0x08002f94   Section        0  timer1.o(i.MX_TIM1_Init)
    i.MX_TIM4_Init                           0x08003020   Section        0  timer4.o(i.MX_TIM4_Init)
    i.MemManage_Handler                      0x0800309c   Section        0  stm32f1xx_it.o(i.MemManage_Handler)
    i.NMI_Handler                            0x080030a0   Section        0  stm32f1xx_it.o(i.NMI_Handler)
    i.PendSV_Handler                         0x080030a4   Section        0  stm32f1xx_it.o(i.PendSV_Handler)
    i.PositionFindMid_Task                   0x080030a8   Section        0  timer.o(i.PositionFindMid_Task)
    i.PositionReset_Task                     0x0800317c   Section        0  timer.o(i.PositionReset_Task)
    i.Position_ReadEnd                       0x0800334c   Section        0  main.o(i.Position_ReadEnd)
    i.Position_SaveEnd                       0x08003418   Section        0  main.o(i.Position_SaveEnd)
    i.RCC_Delay                              0x08003490   Section        0  stm32f1xx_hal_rcc.o(i.RCC_Delay)
    RCC_Delay                                0x08003491   Thumb Code    36  stm32f1xx_hal_rcc.o(i.RCC_Delay)
    i.STMFLASH_Read                          0x080034b8   Section        0  stmflash.o(i.STMFLASH_Read)
    i.STMFLASH_ReadHalfWord                  0x080034da   Section        0  stmflash.o(i.STMFLASH_ReadHalfWord)
    i.STMFLASH_Write                         0x080034e0   Section        0  stmflash.o(i.STMFLASH_Write)
    i.STMFLASH_Write_NoCheck                 0x080035e8   Section        0  stmflash.o(i.STMFLASH_Write_NoCheck)
    i.SVC_Handler                            0x08003614   Section        0  stm32f1xx_it.o(i.SVC_Handler)
    i.Stm32_Clock_Init                       0x08003616   Section        0  sys.o(i.Stm32_Clock_Init)
    i.SysTick_Handler                        0x0800366c   Section        0  stm32f1xx_it.o(i.SysTick_Handler)
    i.SystemInit                             0x08003674   Section        0  system_stm32f1xx.o(i.SystemInit)
    i.TIM3_IRQHandler                        0x08003678   Section        0  timer.o(i.TIM3_IRQHandler)
    i.TIM3_Init                              0x08003688   Section        0  timer.o(i.TIM3_Init)
    i.TIM_Base_SetConfig                     0x080036b4   Section        0  stm32f1xx_hal_tim.o(i.TIM_Base_SetConfig)
    i.TIM_CCxChannelCmd                      0x08003728   Section        0  stm32f1xx_hal_tim.o(i.TIM_CCxChannelCmd)
    i.TIM_OC1_SetConfig                      0x0800374c   Section        0  stm32f1xx_hal_tim.o(i.TIM_OC1_SetConfig)
    TIM_OC1_SetConfig                        0x0800374d   Thumb Code    90  stm32f1xx_hal_tim.o(i.TIM_OC1_SetConfig)
    i.TIM_OC2_SetConfig                      0x080037ac   Section        0  stm32f1xx_hal_tim.o(i.TIM_OC2_SetConfig)
    i.TIM_OC3_SetConfig                      0x08003814   Section        0  stm32f1xx_hal_tim.o(i.TIM_OC3_SetConfig)
    TIM_OC3_SetConfig                        0x08003815   Thumb Code    98  stm32f1xx_hal_tim.o(i.TIM_OC3_SetConfig)
    i.TIM_OC4_SetConfig                      0x0800387c   Section        0  stm32f1xx_hal_tim.o(i.TIM_OC4_SetConfig)
    TIM_OC4_SetConfig                        0x0800387d   Thumb Code    68  stm32f1xx_hal_tim.o(i.TIM_OC4_SetConfig)
    i.TimeTick_GetNowTime                    0x080038c4   Section        0  timer.o(i.TimeTick_GetNowTime)
    i.TimeTick_GetTimeDiff                   0x080038dc   Section        0  timer.o(i.TimeTick_GetTimeDiff)
    i.TimeTick_Init                          0x080038f4   Section        0  timer.o(i.TimeTick_Init)
    i.UART_DMAAbortOnError                   0x08003908   Section        0  stm32f1xx_hal_uart.o(i.UART_DMAAbortOnError)
    UART_DMAAbortOnError                     0x08003909   Thumb Code    20  stm32f1xx_hal_uart.o(i.UART_DMAAbortOnError)
    i.UART_EndRxTransfer                     0x0800391c   Section        0  stm32f1xx_hal_uart.o(i.UART_EndRxTransfer)
    UART_EndRxTransfer                       0x0800391d   Thumb Code    32  stm32f1xx_hal_uart.o(i.UART_EndRxTransfer)
    i.UART_EndTransmit_IT                    0x0800393c   Section        0  stm32f1xx_hal_uart.o(i.UART_EndTransmit_IT)
    UART_EndTransmit_IT                      0x0800393d   Thumb Code    32  stm32f1xx_hal_uart.o(i.UART_EndTransmit_IT)
    i.UART_Init                              0x0800395c   Section        0  usart.o(i.UART_Init)
    i.UART_Receive_IT                        0x0800398c   Section        0  stm32f1xx_hal_uart.o(i.UART_Receive_IT)
    UART_Receive_IT                          0x0800398d   Thumb Code   160  stm32f1xx_hal_uart.o(i.UART_Receive_IT)
    i.UART_SetConfig                         0x08003a2c   Section        0  stm32f1xx_hal_uart.o(i.UART_SetConfig)
    UART_SetConfig                           0x08003a2d   Thumb Code   248  stm32f1xx_hal_uart.o(i.UART_SetConfig)
    i.UART_Transmit_IT                       0x08003b28   Section        0  stm32f1xx_hal_uart.o(i.UART_Transmit_IT)
    UART_Transmit_IT                         0x08003b29   Thumb Code    96  stm32f1xx_hal_uart.o(i.UART_Transmit_IT)
    i.UART_WaitOnFlagUntilTimeout            0x08003b88   Section        0  stm32f1xx_hal_uart.o(i.UART_WaitOnFlagUntilTimeout)
    UART_WaitOnFlagUntilTimeout              0x08003b89   Thumb Code   108  stm32f1xx_hal_uart.o(i.UART_WaitOnFlagUntilTimeout)
    i.USART1_IRQHandler                      0x08003bf4   Section        0  usart.o(i.USART1_IRQHandler)
    i.USART2_IRQHandler                      0x08003c08   Section        0  usart.o(i.USART2_IRQHandler)
    i.USR_TIM_PWM_SetCompare                 0x08003c18   Section        0  timer1.o(i.USR_TIM_PWM_SetCompare)
    i.UsageFault_Handler                     0x08003c30   Section        0  stm32f1xx_it.o(i.UsageFault_Handler)
    i.__NVIC_GetPriorityGrouping             0x08003c34   Section        0  stm32f1xx_hal_cortex.o(i.__NVIC_GetPriorityGrouping)
    __NVIC_GetPriorityGrouping               0x08003c35   Thumb Code    10  stm32f1xx_hal_cortex.o(i.__NVIC_GetPriorityGrouping)
    i.__NVIC_SetPriority                     0x08003c44   Section        0  stm32f1xx_hal_cortex.o(i.__NVIC_SetPriority)
    __NVIC_SetPriority                       0x08003c45   Thumb Code    32  stm32f1xx_hal_cortex.o(i.__NVIC_SetPriority)
    i.__scatterload_copy                     0x08003c6c   Section       14  handlers.o(i.__scatterload_copy)
    i.__scatterload_null                     0x08003c7a   Section        2  handlers.o(i.__scatterload_null)
    i.__scatterload_zeroinit                 0x08003c7c   Section       14  handlers.o(i.__scatterload_zeroinit)
    i.delay_init                             0x08003c8c   Section        0  delay.o(i.delay_init)
    i.delay_ms                               0x08003ca0   Section        0  delay.o(i.delay_ms)
    i.delay_us                               0x08003cb8   Section        0  delay.o(i.delay_us)
    i.main                                   0x08003d00   Section        0  main.o(i.main)
    .constdata                               0x08003dac   Section       24  system_stm32f1xx.o(.constdata)
    .data                                    0x20000000   Section        4  main.o(.data)
    .data                                    0x20000004   Section       10  adc.o(.data)
    .data                                    0x2000000e   Section        6  exti.o(.data)
    .data                                    0x20000014   Section       53  timer.o(.data)
    .data                                    0x2000004c   Section        4  delay.o(.data)
    fac_us                                   0x2000004c   Data           4  delay.o(.data)
    .data                                    0x20000050   Section       26  usart.o(.data)
    .data                                    0x2000006c   Section        9  stm32f1xx_hal.o(.data)
    .data                                    0x20000078   Section        4  system_stm32f1xx.o(.data)
    .bss                                     0x2000007c   Section      136  adc.o(.bss)
    .bss                                     0x20000104   Section       88  timer.o(.bss)
    .bss                                     0x2000015c   Section       72  timer1.o(.bss)
    .bss                                     0x200001a4   Section       72  timer4.o(.bss)
    .bss                                     0x200001ec   Section     1024  stmflash.o(.bss)
    .bss                                     0x200005ec   Section      624  usart.o(.bss)
    .bss                                     0x20000860   Section       32  stm32f1xx_hal_flash.o(.bss)
    STACK                                    0x20000880   Section     1024  startup_stm32f103xb.o(STACK)

    Global Symbols

    Symbol Name                              Value     Ov Type        Size  Object(Section)

    BuildAttributes$$THM_ISAv4$P$D$K$B$S$PE$A:L22UL41UL21$X:L11$S22US41US21$IEEE1$IW$USESV6$~STKCKD$USESV7$~SHL$OSPACE$EBA8$MICROLIB$REQ8$PRES8$EABIv2 0x00000000   Number         0  anon$$obj.o ABSOLUTE
    __ARM_use_no_argv                        0x00000000   Number         0  main.o ABSOLUTE
    __use_no_errno                           0x00000000   Number         0  useno.o ABSOLUTE
    __use_no_exception_handling              0x00000000   Number         0  useno.o ABSOLUTE
    __use_no_fp                              0x00000000   Number         0  useno.o ABSOLUTE
    __use_no_heap                            0x00000000   Number         0  useno.o ABSOLUTE
    __use_no_heap_region                     0x00000000   Number         0  useno.o ABSOLUTE
    __use_no_semihosting                     0x00000000   Number         0  useno.o ABSOLUTE
    __use_no_semihosting_swi                 0x00000000   Number         0  useno.o ABSOLUTE
    __use_no_signal_handling                 0x00000000   Number         0  useno.o ABSOLUTE
    __cpp_initialize__aeabi_                  - Undefined Weak Reference
    __cxa_finalize                            - Undefined Weak Reference
    __decompress                              - Undefined Weak Reference
    _clock_init                               - Undefined Weak Reference
    _microlib_exit                            - Undefined Weak Reference
    __Vectors_Size                           0x000000ec   Number         0  startup_stm32f103xb.o ABSOLUTE
    __Vectors                                0x08000000   Data           4  startup_stm32f103xb.o(RESET)
    __Vectors_End                            0x080000ec   Data           0  startup_stm32f103xb.o(RESET)
    __main                                   0x080000ed   Thumb Code     0  entry.o(.ARM.Collect$$$$00000000)
    _main_stk                                0x080000ed   Thumb Code     0  entry2.o(.ARM.Collect$$$$00000001)
    _main_scatterload                        0x080000f1   Thumb Code     0  entry5.o(.ARM.Collect$$$$00000004)
    __main_after_scatterload                 0x080000f5   Thumb Code     0  entry5.o(.ARM.Collect$$$$00000004)
    _main_clock                              0x080000f5   Thumb Code     0  entry7b.o(.ARM.Collect$$$$00000008)
    _main_cpp_init                           0x080000f5   Thumb Code     0  entry8b.o(.ARM.Collect$$$$0000000A)
    _main_init                               0x080000f5   Thumb Code     0  entry9a.o(.ARM.Collect$$$$0000000B)
    __rt_final_cpp                           0x080000fd   Thumb Code     0  entry10a.o(.ARM.Collect$$$$0000000D)
    __rt_final_exit                          0x080000fd   Thumb Code     0  entry11a.o(.ARM.Collect$$$$0000000F)
    Reset_Handler                            0x08000101   Thumb Code     8  startup_stm32f103xb.o(.text)
    ADC1_2_IRQHandler                        0x0800011b   Thumb Code     0  startup_stm32f103xb.o(.text)
    CAN1_RX1_IRQHandler                      0x0800011b   Thumb Code     0  startup_stm32f103xb.o(.text)
    CAN1_SCE_IRQHandler                      0x0800011b   Thumb Code     0  startup_stm32f103xb.o(.text)
    DMA1_Channel2_IRQHandler                 0x0800011b   Thumb Code     0  startup_stm32f103xb.o(.text)
    DMA1_Channel3_IRQHandler                 0x0800011b   Thumb Code     0  startup_stm32f103xb.o(.text)
    DMA1_Channel4_IRQHandler                 0x0800011b   Thumb Code     0  startup_stm32f103xb.o(.text)
    DMA1_Channel5_IRQHandler                 0x0800011b   Thumb Code     0  startup_stm32f103xb.o(.text)
    DMA1_Channel6_IRQHandler                 0x0800011b   Thumb Code     0  startup_stm32f103xb.o(.text)
    EXTI0_IRQHandler                         0x0800011b   Thumb Code     0  startup_stm32f103xb.o(.text)
    EXTI15_10_IRQHandler                     0x0800011b   Thumb Code     0  startup_stm32f103xb.o(.text)
    EXTI1_IRQHandler                         0x0800011b   Thumb Code     0  startup_stm32f103xb.o(.text)
    EXTI2_IRQHandler                         0x0800011b   Thumb Code     0  startup_stm32f103xb.o(.text)
    EXTI3_IRQHandler                         0x0800011b   Thumb Code     0  startup_stm32f103xb.o(.text)
    EXTI4_IRQHandler                         0x0800011b   Thumb Code     0  startup_stm32f103xb.o(.text)
    FLASH_IRQHandler                         0x0800011b   Thumb Code     0  startup_stm32f103xb.o(.text)
    I2C1_ER_IRQHandler                       0x0800011b   Thumb Code     0  startup_stm32f103xb.o(.text)
    I2C1_EV_IRQHandler                       0x0800011b   Thumb Code     0  startup_stm32f103xb.o(.text)
    I2C2_ER_IRQHandler                       0x0800011b   Thumb Code     0  startup_stm32f103xb.o(.text)
    I2C2_EV_IRQHandler                       0x0800011b   Thumb Code     0  startup_stm32f103xb.o(.text)
    PVD_IRQHandler                           0x0800011b   Thumb Code     0  startup_stm32f103xb.o(.text)
    RCC_IRQHandler                           0x0800011b   Thumb Code     0  startup_stm32f103xb.o(.text)
    RTC_Alarm_IRQHandler                     0x0800011b   Thumb Code     0  startup_stm32f103xb.o(.text)
    RTC_IRQHandler                           0x0800011b   Thumb Code     0  startup_stm32f103xb.o(.text)
    SPI1_IRQHandler                          0x0800011b   Thumb Code     0  startup_stm32f103xb.o(.text)
    SPI2_IRQHandler                          0x0800011b   Thumb Code     0  startup_stm32f103xb.o(.text)
    TAMPER_IRQHandler                        0x0800011b   Thumb Code     0  startup_stm32f103xb.o(.text)
    TIM1_BRK_IRQHandler                      0x0800011b   Thumb Code     0  startup_stm32f103xb.o(.text)
    TIM1_CC_IRQHandler                       0x0800011b   Thumb Code     0  startup_stm32f103xb.o(.text)
    TIM1_TRG_COM_IRQHandler                  0x0800011b   Thumb Code     0  startup_stm32f103xb.o(.text)
    TIM1_UP_IRQHandler                       0x0800011b   Thumb Code     0  startup_stm32f103xb.o(.text)
    TIM2_IRQHandler                          0x0800011b   Thumb Code     0  startup_stm32f103xb.o(.text)
    TIM4_IRQHandler                          0x0800011b   Thumb Code     0  startup_stm32f103xb.o(.text)
    USART3_IRQHandler                        0x0800011b   Thumb Code     0  startup_stm32f103xb.o(.text)
    USBWakeUp_IRQHandler                     0x0800011b   Thumb Code     0  startup_stm32f103xb.o(.text)
    USB_HP_CAN1_TX_IRQHandler                0x0800011b   Thumb Code     0  startup_stm32f103xb.o(.text)
    USB_LP_CAN1_RX0_IRQHandler               0x0800011b   Thumb Code     0  startup_stm32f103xb.o(.text)
    WWDG_IRQHandler                          0x0800011b   Thumb Code     0  startup_stm32f103xb.o(.text)
    __aeabi_llsr                             0x08000125   Thumb Code    32  llushr.o(.text)
    _ll_ushift_r                             0x08000125   Thumb Code     0  llushr.o(.text)
    __aeabi_memset                           0x08000145   Thumb Code    14  memseta.o(.text)
    __aeabi_memset4                          0x08000145   Thumb Code     0  memseta.o(.text)
    __aeabi_memset8                          0x08000145   Thumb Code     0  memseta.o(.text)
    __aeabi_memclr                           0x08000153   Thumb Code     4  memseta.o(.text)
    __aeabi_memclr4                          0x08000153   Thumb Code     0  memseta.o(.text)
    __aeabi_memclr8                          0x08000153   Thumb Code     0  memseta.o(.text)
    _memset$wrapper                          0x08000157   Thumb Code    18  memseta.o(.text)
    __scatterload                            0x08000169   Thumb Code    28  init.o(.text)
    __scatterload_rt2                        0x08000169   Thumb Code     0  init.o(.text)
    ADC_ConversionStop_Disable               0x0800018d   Thumb Code    92  stm32f1xx_hal_adc.o(i.ADC_ConversionStop_Disable)
    ADC_DMAConvCplt                          0x080001e9   Thumb Code    82  stm32f1xx_hal_adc.o(i.ADC_DMAConvCplt)
    ADC_DMAError                             0x0800023b   Thumb Code    30  stm32f1xx_hal_adc.o(i.ADC_DMAError)
    ADC_DMAHalfConvCplt                      0x08000259   Thumb Code    14  stm32f1xx_hal_adc.o(i.ADC_DMAHalfConvCplt)
    ADC_Enable                               0x08000269   Thumb Code   134  stm32f1xx_hal_adc.o(i.ADC_Enable)
    ADC_Init                                 0x080002f9   Thumb Code   112  adc.o(i.ADC_Init)
    BusFault_Handler                         0x08000371   Thumb Code     4  stm32f1xx_it.o(i.BusFault_Handler)
    DMA1_Channel1_IRQHandler                 0x08000375   Thumb Code    10  adc.o(i.DMA1_Channel1_IRQHandler)
    DMA1_Channel7_IRQHandler                 0x08000385   Thumb Code    10  usart.o(i.DMA1_Channel7_IRQHandler)
    DMA_NVIC_ADC_Init                        0x08000395   Thumb Code    48  adc.o(i.DMA_NVIC_ADC_Init)
    DMA_NVIC_UART_Init                       0x080003c9   Thumb Code     2  usart.o(i.DMA_NVIC_UART_Init)
    DebugMon_Handler                         0x080003f7   Thumb Code     2  stm32f1xx_it.o(i.DebugMon_Handler)
    Debug_DataRxHandler                      0x080003f9   Thumb Code   282  usart.o(i.Debug_DataRxHandler)
    Debug_DmaTxIrqHandler                    0x08000541   Thumb Code    40  usart.o(i.Debug_DmaTxIrqHandler)
    Debug_ReadRingBuff                       0x08000579   Thumb Code   124  usart.o(i.Debug_ReadRingBuff)
    Debug_ReceiveTask                        0x08000601   Thumb Code    20  usart.o(i.Debug_ReceiveTask)
    Debug_RxHandler                          0x0800061d   Thumb Code    56  usart.o(i.Debug_RxHandler)
    Debug_SendData                           0x08000665   Thumb Code    64  usart.o(i.Debug_SendData)
    Debug_SendTask                           0x080006b5   Thumb Code    36  usart.o(i.Debug_SendTask)
    Debug_SetData                            0x080006e1   Thumb Code    76  usart.o(i.Debug_SetData)
    Debug_WriteRingBuff                      0x0800073d   Thumb Code    66  usart.o(i.Debug_WriteRingBuff)
    EXTI9_5_IRQHandler                       0x0800078d   Thumb Code    12  exti.o(i.EXTI9_5_IRQHandler)
    Encoder_PositionGetDiff                  0x08000799   Thumb Code   178  timer.o(i.Encoder_PositionGetDiff)
    Error_Handler                            0x08000859   Thumb Code     6  sys.o(i.Error_Handler)
    FLASH_PageErase                          0x08000861   Thumb Code    32  stm32f1xx_hal_flash_ex.o(i.FLASH_PageErase)
    FLASH_WaitForLastOperation               0x0800092d   Thumb Code   106  stm32f1xx_hal_flash.o(i.FLASH_WaitForLastOperation)
    GPIO_Init                                0x0800099d   Thumb Code    72  main.o(i.GPIO_Init)
    HAL_ADC_ConfigChannel                    0x080009ed   Thumb Code   338  stm32f1xx_hal_adc.o(i.HAL_ADC_ConfigChannel)
    HAL_ADC_ConvCpltCallback                 0x08000b4d   Thumb Code   100  adc.o(i.HAL_ADC_ConvCpltCallback)
    HAL_ADC_ConvHalfCpltCallback             0x08000bc5   Thumb Code     2  adc.o(i.HAL_ADC_ConvHalfCpltCallback)
    HAL_ADC_ErrorCallback                    0x08000bc7   Thumb Code     2  stm32f1xx_hal_adc.o(i.HAL_ADC_ErrorCallback)
    HAL_ADC_Init                             0x08000bc9   Thumb Code   314  stm32f1xx_hal_adc.o(i.HAL_ADC_Init)
    HAL_ADC_MspInit                          0x08000d0d   Thumb Code   178  adc.o(i.HAL_ADC_MspInit)
    HAL_ADC_Start_DMA                        0x08000dd5   Thumb Code   362  stm32f1xx_hal_adc.o(i.HAL_ADC_Start_DMA)
    HAL_DMA_Abort_IT                         0x08000f55   Thumb Code   172  stm32f1xx_hal_dma.o(i.HAL_DMA_Abort_IT)
    HAL_DMA_IRQHandler                       0x08001005   Thumb Code   408  stm32f1xx_hal_dma.o(i.HAL_DMA_IRQHandler)
    HAL_DMA_Init                             0x080011a1   Thumb Code   100  stm32f1xx_hal_dma.o(i.HAL_DMA_Init)
    HAL_DMA_Start_IT                         0x08001209   Thumb Code   156  stm32f1xx_hal_dma.o(i.HAL_DMA_Start_IT)
    HAL_FLASH_Lock                           0x080012a5   Thumb Code    16  stm32f1xx_hal_flash.o(i.HAL_FLASH_Lock)
    HAL_FLASH_Program                        0x080012b9   Thumb Code   168  stm32f1xx_hal_flash.o(i.HAL_FLASH_Program)
    HAL_FLASH_Unlock                         0x08001369   Thumb Code    36  stm32f1xx_hal_flash.o(i.HAL_FLASH_Unlock)
    HAL_GPIO_EXTI_Callback                   0x08001399   Thumb Code     2  stm32f1xx_hal_gpio.o(i.HAL_GPIO_EXTI_Callback)
    HAL_GPIO_EXTI_IRQHandler                 0x0800139d   Thumb Code    24  stm32f1xx_hal_gpio.o(i.HAL_GPIO_EXTI_IRQHandler)
    HAL_GPIO_Init                            0x080013b9   Thumb Code   766  stm32f1xx_hal_gpio.o(i.HAL_GPIO_Init)
    HAL_GPIO_ReadPin                         0x080016d9   Thumb Code    16  stm32f1xx_hal_gpio.o(i.HAL_GPIO_ReadPin)
    HAL_GPIO_WritePin                        0x080016e9   Thumb Code    12  stm32f1xx_hal_gpio.o(i.HAL_GPIO_WritePin)
    HAL_GetTick                              0x080016f5   Thumb Code     6  stm32f1xx_hal.o(i.HAL_GetTick)
    HAL_IncTick                              0x08001701   Thumb Code    16  stm32f1xx_hal.o(i.HAL_IncTick)
    HAL_Init                                 0x08001719   Thumb Code    34  stm32f1xx_hal.o(i.HAL_Init)
    HAL_InitTick                             0x08001741   Thumb Code    64  stm32f1xx_hal.o(i.HAL_InitTick)
    HAL_MspInit                              0x0800178d   Thumb Code    76  stm32f1xx_hal_msp.o(i.HAL_MspInit)
    HAL_NVIC_EnableIRQ                       0x080017e1   Thumb Code    32  stm32f1xx_hal_cortex.o(i.HAL_NVIC_EnableIRQ)
    HAL_NVIC_SetPriority                     0x08001801   Thumb Code   124  stm32f1xx_hal_cortex.o(i.HAL_NVIC_SetPriority)
    HAL_NVIC_SetPriorityGrouping             0x0800187d   Thumb Code    32  stm32f1xx_hal_cortex.o(i.HAL_NVIC_SetPriorityGrouping)
    HAL_RCC_ClockConfig                      0x080018a5   Thumb Code   376  stm32f1xx_hal_rcc.o(i.HAL_RCC_ClockConfig)
    HAL_RCC_GetHCLKFreq                      0x08001a31   Thumb Code     6  stm32f1xx_hal_rcc.o(i.HAL_RCC_GetHCLKFreq)
    HAL_RCC_GetPCLK1Freq                     0x08001a3d   Thumb Code    22  stm32f1xx_hal_rcc.o(i.HAL_RCC_GetPCLK1Freq)
    HAL_RCC_GetPCLK2Freq                     0x08001a5d   Thumb Code    22  stm32f1xx_hal_rcc.o(i.HAL_RCC_GetPCLK2Freq)
    HAL_RCC_GetSysClockFreq                  0x08001a7d   Thumb Code   116  stm32f1xx_hal_rcc.o(i.HAL_RCC_GetSysClockFreq)
    HAL_RCC_OscConfig                        0x08001b11   Thumb Code  1114  stm32f1xx_hal_rcc.o(i.HAL_RCC_OscConfig)
    HAL_SYSTICK_CLKSourceConfig              0x08001f75   Thumb Code    40  stm32f1xx_hal_cortex.o(i.HAL_SYSTICK_CLKSourceConfig)
    HAL_SYSTICK_Config                       0x08001f9d   Thumb Code    52  stm32f1xx_hal_cortex.o(i.HAL_SYSTICK_Config)
    HAL_TIMEx_BreakCallback                  0x08001fd1   Thumb Code     2  stm32f1xx_hal_tim_ex.o(i.HAL_TIMEx_BreakCallback)
    HAL_TIMEx_CommutCallback                 0x08001fd3   Thumb Code     2  stm32f1xx_hal_tim_ex.o(i.HAL_TIMEx_CommutCallback)
    HAL_TIMEx_MasterConfigSynchronization    0x08001fd5   Thumb Code   118  stm32f1xx_hal_tim_ex.o(i.HAL_TIMEx_MasterConfigSynchronization)
    HAL_TIM_Base_Init                        0x08002059   Thumb Code   102  stm32f1xx_hal_tim.o(i.HAL_TIM_Base_Init)
    HAL_TIM_Base_MspInit                     0x080020c1   Thumb Code    58  timer.o(i.HAL_TIM_Base_MspInit)
    HAL_TIM_Base_Start_IT                    0x08002105   Thumb Code   106  stm32f1xx_hal_tim.o(i.HAL_TIM_Base_Start_IT)
    HAL_TIM_Encoder_Init                     0x0800217d   Thumb Code   196  stm32f1xx_hal_tim.o(i.HAL_TIM_Encoder_Init)
    HAL_TIM_Encoder_MspInit                  0x08002241   Thumb Code   100  timer4.o(i.HAL_TIM_Encoder_MspInit)
    HAL_TIM_Encoder_Start                    0x080022b1   Thumb Code   204  stm32f1xx_hal_tim.o(i.HAL_TIM_Encoder_Start)
    HAL_TIM_IC_CaptureCallback               0x0800237d   Thumb Code     2  stm32f1xx_hal_tim.o(i.HAL_TIM_IC_CaptureCallback)
    HAL_TIM_IRQHandler                       0x0800237f   Thumb Code   406  stm32f1xx_hal_tim.o(i.HAL_TIM_IRQHandler)
    HAL_TIM_MspPostInit                      0x08002515   Thumb Code    74  timer1.o(i.HAL_TIM_MspPostInit)
    HAL_TIM_OC_DelayElapsedCallback          0x0800256d   Thumb Code     2  stm32f1xx_hal_tim.o(i.HAL_TIM_OC_DelayElapsedCallback)
    HAL_TIM_PWM_ConfigChannel                0x0800256f   Thumb Code   252  stm32f1xx_hal_tim.o(i.HAL_TIM_PWM_ConfigChannel)
    HAL_TIM_PWM_Init                         0x0800266b   Thumb Code   102  stm32f1xx_hal_tim.o(i.HAL_TIM_PWM_Init)
    HAL_TIM_PWM_MspInit                      0x080026d1   Thumb Code    40  timer1.o(i.HAL_TIM_PWM_MspInit)
    HAL_TIM_PWM_PulseFinishedCallback        0x08002701   Thumb Code     2  stm32f1xx_hal_tim.o(i.HAL_TIM_PWM_PulseFinishedCallback)
    HAL_TIM_PWM_Start                        0x08002705   Thumb Code   198  stm32f1xx_hal_tim.o(i.HAL_TIM_PWM_Start)
    HAL_TIM_PWM_Stop                         0x080027d9   Thumb Code   152  stm32f1xx_hal_tim.o(i.HAL_TIM_PWM_Stop)
    HAL_TIM_PeriodElapsedCallback            0x08002875   Thumb Code   262  timer.o(i.HAL_TIM_PeriodElapsedCallback)
    HAL_TIM_TriggerCallback                  0x080029b9   Thumb Code     2  stm32f1xx_hal_tim.o(i.HAL_TIM_TriggerCallback)
    HAL_UART_ErrorCallback                   0x080029bb   Thumb Code     2  stm32f1xx_hal_uart.o(i.HAL_UART_ErrorCallback)
    HAL_UART_IRQHandler                      0x080029bd   Thumb Code   334  stm32f1xx_hal_uart.o(i.HAL_UART_IRQHandler)
    HAL_UART_Init                            0x08002b11   Thumb Code   114  stm32f1xx_hal_uart.o(i.HAL_UART_Init)
    HAL_UART_MspInit                         0x08002b85   Thumb Code   386  usart.o(i.HAL_UART_MspInit)
    HAL_UART_Receive                         0x08002d25   Thumb Code   216  stm32f1xx_hal_uart.o(i.HAL_UART_Receive)
    HAL_UART_RxCpltCallback                  0x08002dfd   Thumb Code    12  usart.o(i.HAL_UART_RxCpltCallback)
    HAL_UART_Transmit_IT                     0x08002e0d   Thumb Code    88  stm32f1xx_hal_uart.o(i.HAL_UART_Transmit_IT)
    HAL_UART_TxCpltCallback                  0x08002e65   Thumb Code    22  usart.o(i.HAL_UART_TxCpltCallback)
    HardFault_Handler                        0x08002e81   Thumb Code     4  stm32f1xx_it.o(i.HardFault_Handler)
    LimitA_Task                              0x08002e85   Thumb Code   110  exti.o(i.LimitA_Task)
    LimitB_Read                              0x08002f11   Thumb Code    22  exti.o(i.LimitB_Read)
    LimitB_Task                              0x08002f2d   Thumb Code    76  exti.o(i.LimitB_Task)
    MX_TIM1_Init                             0x08002f95   Thumb Code   130  timer1.o(i.MX_TIM1_Init)
    MX_TIM4_Init                             0x08003021   Thumb Code   114  timer4.o(i.MX_TIM4_Init)
    MemManage_Handler                        0x0800309d   Thumb Code     4  stm32f1xx_it.o(i.MemManage_Handler)
    NMI_Handler                              0x080030a1   Thumb Code     4  stm32f1xx_it.o(i.NMI_Handler)
    PendSV_Handler                           0x080030a5   Thumb Code     2  stm32f1xx_it.o(i.PendSV_Handler)
    PositionFindMid_Task                     0x080030a9   Thumb Code   180  timer.o(i.PositionFindMid_Task)
    PositionReset_Task                       0x0800317d   Thumb Code   408  timer.o(i.PositionReset_Task)
    Position_ReadEnd                         0x0800334d   Thumb Code   180  main.o(i.Position_ReadEnd)
    Position_SaveEnd                         0x08003419   Thumb Code   108  main.o(i.Position_SaveEnd)
    STMFLASH_Read                            0x080034b9   Thumb Code    34  stmflash.o(i.STMFLASH_Read)
    STMFLASH_ReadHalfWord                    0x080034db   Thumb Code     6  stmflash.o(i.STMFLASH_ReadHalfWord)
    STMFLASH_Write                           0x080034e1   Thumb Code   252  stmflash.o(i.STMFLASH_Write)
    STMFLASH_Write_NoCheck                   0x080035e9   Thumb Code    44  stmflash.o(i.STMFLASH_Write_NoCheck)
    SVC_Handler                              0x08003615   Thumb Code     2  stm32f1xx_it.o(i.SVC_Handler)
    Stm32_Clock_Init                         0x08003617   Thumb Code    86  sys.o(i.Stm32_Clock_Init)
    SysTick_Handler                          0x0800366d   Thumb Code     8  stm32f1xx_it.o(i.SysTick_Handler)
    SystemInit                               0x08003675   Thumb Code     2  system_stm32f1xx.o(i.SystemInit)
    TIM3_IRQHandler                          0x08003679   Thumb Code    10  timer.o(i.TIM3_IRQHandler)
    TIM3_Init                                0x08003689   Thumb Code    36  timer.o(i.TIM3_Init)
    TIM_Base_SetConfig                       0x080036b5   Thumb Code   104  stm32f1xx_hal_tim.o(i.TIM_Base_SetConfig)
    TIM_CCxChannelCmd                        0x08003729   Thumb Code    34  stm32f1xx_hal_tim.o(i.TIM_CCxChannelCmd)
    TIM_OC2_SetConfig                        0x080037ad   Thumb Code   100  stm32f1xx_hal_tim.o(i.TIM_OC2_SetConfig)
    TimeTick_GetNowTime                      0x080038c5   Thumb Code    20  timer.o(i.TimeTick_GetNowTime)
    TimeTick_GetTimeDiff                     0x080038dd   Thumb Code    20  timer.o(i.TimeTick_GetTimeDiff)
    TimeTick_Init                            0x080038f5   Thumb Code    14  timer.o(i.TimeTick_Init)
    UART_Init                                0x0800395d   Thumb Code    40  usart.o(i.UART_Init)
    USART1_IRQHandler                        0x08003bf5   Thumb Code    14  usart.o(i.USART1_IRQHandler)
    USART2_IRQHandler                        0x08003c09   Thumb Code    10  usart.o(i.USART2_IRQHandler)
    USR_TIM_PWM_SetCompare                   0x08003c19   Thumb Code    18  timer1.o(i.USR_TIM_PWM_SetCompare)
    UsageFault_Handler                       0x08003c31   Thumb Code     4  stm32f1xx_it.o(i.UsageFault_Handler)
    __scatterload_copy                       0x08003c6d   Thumb Code    14  handlers.o(i.__scatterload_copy)
    __scatterload_null                       0x08003c7b   Thumb Code     2  handlers.o(i.__scatterload_null)
    __scatterload_zeroinit                   0x08003c7d   Thumb Code    14  handlers.o(i.__scatterload_zeroinit)
    delay_init                               0x08003c8d   Thumb Code    16  delay.o(i.delay_init)
    delay_ms                                 0x08003ca1   Thumb Code    24  delay.o(i.delay_ms)
    delay_us                                 0x08003cb9   Thumb Code    68  delay.o(i.delay_us)
    main                                     0x08003d01   Thumb Code   156  main.o(i.main)
    AHBPrescTable                            0x08003dac   Data          16  system_stm32f1xx.o(.constdata)
    APBPrescTable                            0x08003dbc   Data           8  system_stm32f1xx.o(.constdata)
    Region$$Table$$Base                      0x08003dc4   Number         0  anon$$obj.o(Region$$Table)
    Region$$Table$$Limit                     0x08003de4   Number         0  anon$$obj.o(Region$$Table)
    flashdata                                0x20000000   Data           4  main.o(.data)
    UserADCValue                             0x20000004   Data           4  adc.o(.data)
    UserADCValueArg                          0x20000008   Data           4  adc.o(.data)
    UserADCCnt                               0x2000000c   Data           2  adc.o(.data)
    limitAflag                               0x2000000e   Data           1  exti.o(.data)
    limitAflaglock                           0x2000000f   Data           1  exti.o(.data)
    limitBflag                               0x20000010   Data           2  exti.o(.data)
    limitBcnt                                0x20000012   Data           2  exti.o(.data)
    positionend                              0x20000014   Data           4  timer.o(.data)
    positionmid                              0x20000018   Data           4  timer.o(.data)
    position                                 0x2000001c   Data           4  timer.o(.data)
    positionlast                             0x20000020   Data           4  timer.o(.data)
    encoderdiff                              0x20000024   Data           4  timer.o(.data)
    encodercntlast                           0x20000028   Data           4  timer.o(.data)
    encodercnt                               0x2000002c   Data           4  timer.o(.data)
    encodertime                              0x20000030   Data           2  timer.o(.data)
    DirectionB                               0x20000032   Data           1  timer.o(.data)
    debugcmd                                 0x20000033   Data           1  timer.o(.data)
    resetflag                                0x20000034   Data           1  timer.o(.data)
    resetstep                                0x20000035   Data           1  timer.o(.data)
    resettime                                0x20000038   Data           4  timer.o(.data)
    resetendcnt                              0x2000003c   Data           4  timer.o(.data)
    positionendavg                           0x20000040   Data           4  timer.o(.data)
    findmidstep                              0x20000044   Data           1  timer.o(.data)
    findmidflag                              0x20000045   Data           1  timer.o(.data)
    speed                                    0x20000046   Data           2  timer.o(.data)
    dir                                      0x20000048   Data           1  timer.o(.data)
    __stdout                                 0x20000050   Data           4  usart.o(.data)
    debugtxbusy                              0x20000054   Data           1  usart.o(.data)
    debugtxnum                               0x20000055   Data           1  usart.o(.data)
    debugtxbegin                             0x20000056   Data           1  usart.o(.data)
    debugtxend                               0x20000057   Data           1  usart.o(.data)
    debugtime                                0x20000058   Data           4  usart.o(.data)
    USARTHMIRxCnt                            0x2000005c   Data           2  usart.o(.data)
    USARTHMIRxTimeOutFlag                    0x2000005e   Data           1  usart.o(.data)
    USARTHMIRxTimeOutCnt                     0x20000060   Data           2  usart.o(.data)
    USARTHMI_DMABUFF                         0x20000062   Data           8  usart.o(.data)
    uwTick                                   0x2000006c   Data           4  stm32f1xx_hal.o(.data)
    uwTickPrio                               0x20000070   Data           4  stm32f1xx_hal.o(.data)
    uwTickFreq                               0x20000074   Data           1  stm32f1xx_hal.o(.data)
    SystemCoreClock                          0x20000078   Data           4  system_stm32f1xx.o(.data)
    hadc1                                    0x2000007c   Data          48  adc.o(.bss)
    hdma_adc1                                0x200000ac   Data          68  adc.o(.bss)
    ADC_DMA_ConvertedValue                   0x200000f0   Data          20  adc.o(.bss)
    TIM3_Handler                             0x20000104   Data          72  timer.o(.bss)
    sTimeTick                                0x2000014c   Data          16  timer.o(.bss)
    htim1                                    0x2000015c   Data          72  timer1.o(.bss)
    htim4                                    0x200001a4   Data          72  timer4.o(.bss)
    STMFLASH_BUF                             0x200001ec   Data        1024  stmflash.o(.bss)
    UART1_Handler                            0x200005ec   Data          64  usart.o(.bss)
    UART2_Handler                            0x2000062c   Data          64  usart.o(.bss)
    hdma_usart1_tx                           0x2000066c   Data          68  usart.o(.bss)
    hdma_usart1_rx                           0x200006b0   Data          68  usart.o(.bss)
    hdma_usart2_tx                           0x200006f4   Data          68  usart.o(.bss)
    hdma_usart2_rx                           0x20000738   Data          68  usart.o(.bss)
    debugTxData                              0x2000077c   Data          12  usart.o(.bss)
    debugTxDataBuff                          0x20000788   Data          12  usart.o(.bss)
    debugTxRing                              0x20000794   Data         100  usart.o(.bss)
    debugTxRingBuff                          0x200007f8   Data         100  usart.o(.bss)
    pFlash                                   0x20000860   Data          32  stm32f1xx_hal_flash.o(.bss)
    __initial_sp                             0x20000c80   Data           0  startup_stm32f103xb.o(STACK)



==============================================================================

Memory Map of the image

  Image Entry point : 0x080000ed

  Load Region LR_IROM1 (Base: 0x08000000, Size: 0x00003e60, Max: 0x00010000, ABSOLUTE)

    Execution Region ER_IROM1 (Base: 0x08000000, Size: 0x00003de4, Max: 0x00010000, ABSOLUTE)

    Base Addr    Size         Type   Attr      Idx    E Section Name        Object

    0x08000000   0x000000ec   Data   RO         3575    RESET               startup_stm32f103xb.o
    0x080000ec   0x00000000   Code   RO         3580  * .ARM.Collect$$$$00000000  mc_w.l(entry.o)
    0x080000ec   0x00000004   Code   RO         3587    .ARM.Collect$$$$00000001  mc_w.l(entry2.o)
    0x080000f0   0x00000004   Code   RO         3590    .ARM.Collect$$$$00000004  mc_w.l(entry5.o)
    0x080000f4   0x00000000   Code   RO         3592    .ARM.Collect$$$$00000008  mc_w.l(entry7b.o)
    0x080000f4   0x00000000   Code   RO         3594    .ARM.Collect$$$$0000000A  mc_w.l(entry8b.o)
    0x080000f4   0x00000008   Code   RO         3595    .ARM.Collect$$$$0000000B  mc_w.l(entry9a.o)
    0x080000fc   0x00000000   Code   RO         3597    .ARM.Collect$$$$0000000D  mc_w.l(entry10a.o)
    0x080000fc   0x00000000   Code   RO         3599    .ARM.Collect$$$$0000000F  mc_w.l(entry11a.o)
    0x080000fc   0x00000004   Code   RO         3588    .ARM.Collect$$$$00002712  mc_w.l(entry2.o)
    0x08000100   0x00000024   Code   RO         3576    .text               startup_stm32f103xb.o
    0x08000124   0x00000020   Code   RO         3583    .text               mc_w.l(llushr.o)
    0x08000144   0x00000024   Code   RO         3585    .text               mc_w.l(memseta.o)
    0x08000168   0x00000024   Code   RO         3601    .text               mc_w.l(init.o)
    0x0800018c   0x0000005c   Code   RO         3263    i.ADC_ConversionStop_Disable  stm32f1xx_hal_adc.o
    0x080001e8   0x00000052   Code   RO         3264    i.ADC_DMAConvCplt   stm32f1xx_hal_adc.o
    0x0800023a   0x0000001e   Code   RO         3265    i.ADC_DMAError      stm32f1xx_hal_adc.o
    0x08000258   0x0000000e   Code   RO         3266    i.ADC_DMAHalfConvCplt  stm32f1xx_hal_adc.o
    0x08000266   0x00000002   PAD
    0x08000268   0x00000090   Code   RO         3267    i.ADC_Enable        stm32f1xx_hal_adc.o
    0x080002f8   0x00000078   Code   RO          290    i.ADC_Init          adc.o
    0x08000370   0x00000004   Code   RO          191    i.BusFault_Handler  stm32f1xx_it.o
    0x08000374   0x00000010   Code   RO          291    i.DMA1_Channel1_IRQHandler  adc.o
    0x08000384   0x00000010   Code   RO          757    i.DMA1_Channel7_IRQHandler  usart.o
    0x08000394   0x00000034   Code   RO          292    i.DMA_NVIC_ADC_Init  adc.o
    0x080003c8   0x00000002   Code   RO          758    i.DMA_NVIC_UART_Init  usart.o
    0x080003ca   0x0000002c   Code   RO         2640    i.DMA_SetConfig     stm32f1xx_hal_dma.o
    0x080003f6   0x00000002   Code   RO          192    i.DebugMon_Handler  stm32f1xx_it.o
    0x080003f8   0x00000148   Code   RO          759    i.Debug_DataRxHandler  usart.o
    0x08000540   0x00000038   Code   RO          760    i.Debug_DmaTxIrqHandler  usart.o
    0x08000578   0x00000088   Code   RO          761    i.Debug_ReadRingBuff  usart.o
    0x08000600   0x0000001c   Code   RO          762    i.Debug_ReceiveTask  usart.o
    0x0800061c   0x00000048   Code   RO          763    i.Debug_RxHandler   usart.o
    0x08000664   0x00000050   Code   RO          764    i.Debug_SendData    usart.o
    0x080006b4   0x0000002c   Code   RO          765    i.Debug_SendTask    usart.o
    0x080006e0   0x0000005c   Code   RO          766    i.Debug_SetData     usart.o
    0x0800073c   0x00000050   Code   RO          767    i.Debug_WriteRingBuff  usart.o
    0x0800078c   0x0000000c   Code   RO          357    i.EXTI9_5_IRQHandler  exti.o
    0x08000798   0x000000c0   Code   RO          417    i.Encoder_PositionGetDiff  timer.o
    0x08000858   0x00000006   Code   RO          668    i.Error_Handler     sys.o
    0x0800085e   0x00000002   PAD
    0x08000860   0x00000028   Code   RO         3094    i.FLASH_PageErase   stm32f1xx_hal_flash_ex.o
    0x08000888   0x00000020   Code   RO         2982    i.FLASH_Program_HalfWord  stm32f1xx_hal_flash.o
    0x080008a8   0x00000084   Code   RO         2983    i.FLASH_SetErrorCode  stm32f1xx_hal_flash.o
    0x0800092c   0x00000070   Code   RO         2984    i.FLASH_WaitForLastOperation  stm32f1xx_hal_flash.o
    0x0800099c   0x00000050   Code   RO            4    i.GPIO_Init         main.o
    0x080009ec   0x00000160   Code   RO         3269    i.HAL_ADC_ConfigChannel  stm32f1xx_hal_adc.o
    0x08000b4c   0x00000078   Code   RO          293    i.HAL_ADC_ConvCpltCallback  adc.o
    0x08000bc4   0x00000002   Code   RO          294    i.HAL_ADC_ConvHalfCpltCallback  adc.o
    0x08000bc6   0x00000002   Code   RO         3273    i.HAL_ADC_ErrorCallback  stm32f1xx_hal_adc.o
    0x08000bc8   0x00000144   Code   RO         3278    i.HAL_ADC_Init      stm32f1xx_hal_adc.o
    0x08000d0c   0x000000c8   Code   RO          296    i.HAL_ADC_MspInit   adc.o
    0x08000dd4   0x00000180   Code   RO         3285    i.HAL_ADC_Start_DMA  stm32f1xx_hal_adc.o
    0x08000f54   0x000000b0   Code   RO         2642    i.HAL_DMA_Abort_IT  stm32f1xx_hal_dma.o
    0x08001004   0x0000019c   Code   RO         2646    i.HAL_DMA_IRQHandler  stm32f1xx_hal_dma.o
    0x080011a0   0x00000068   Code   RO         2647    i.HAL_DMA_Init      stm32f1xx_hal_dma.o
    0x08001208   0x0000009c   Code   RO         2651    i.HAL_DMA_Start_IT  stm32f1xx_hal_dma.o
    0x080012a4   0x00000014   Code   RO         2988    i.HAL_FLASH_Lock    stm32f1xx_hal_flash.o
    0x080012b8   0x000000b0   Code   RO         2993    i.HAL_FLASH_Program  stm32f1xx_hal_flash.o
    0x08001368   0x00000030   Code   RO         2995    i.HAL_FLASH_Unlock  stm32f1xx_hal_flash.o
    0x08001398   0x00000002   Code   RO         2575    i.HAL_GPIO_EXTI_Callback  stm32f1xx_hal_gpio.o
    0x0800139a   0x00000002   PAD
    0x0800139c   0x0000001c   Code   RO         2576    i.HAL_GPIO_EXTI_IRQHandler  stm32f1xx_hal_gpio.o
    0x080013b8   0x00000320   Code   RO         2577    i.HAL_GPIO_Init     stm32f1xx_hal_gpio.o
    0x080016d8   0x00000010   Code   RO         2579    i.HAL_GPIO_ReadPin  stm32f1xx_hal_gpio.o
    0x080016e8   0x0000000c   Code   RO         2581    i.HAL_GPIO_WritePin  stm32f1xx_hal_gpio.o
    0x080016f4   0x0000000c   Code   RO         2268    i.HAL_GetTick       stm32f1xx_hal.o
    0x08001700   0x00000018   Code   RO         2274    i.HAL_IncTick       stm32f1xx_hal.o
    0x08001718   0x00000028   Code   RO         2275    i.HAL_Init          stm32f1xx_hal.o
    0x08001740   0x0000004c   Code   RO         2276    i.HAL_InitTick      stm32f1xx_hal.o
    0x0800178c   0x00000054   Code   RO          266    i.HAL_MspInit       stm32f1xx_hal_msp.o
    0x080017e0   0x00000020   Code   RO         2737    i.HAL_NVIC_EnableIRQ  stm32f1xx_hal_cortex.o
    0x08001800   0x0000007c   Code   RO         2743    i.HAL_NVIC_SetPriority  stm32f1xx_hal_cortex.o
    0x0800187c   0x00000028   Code   RO         2744    i.HAL_NVIC_SetPriorityGrouping  stm32f1xx_hal_cortex.o
    0x080018a4   0x0000018c   Code   RO         2432    i.HAL_RCC_ClockConfig  stm32f1xx_hal_rcc.o
    0x08001a30   0x0000000c   Code   RO         2437    i.HAL_RCC_GetHCLKFreq  stm32f1xx_hal_rcc.o
    0x08001a3c   0x00000020   Code   RO         2439    i.HAL_RCC_GetPCLK1Freq  stm32f1xx_hal_rcc.o
    0x08001a5c   0x00000020   Code   RO         2440    i.HAL_RCC_GetPCLK2Freq  stm32f1xx_hal_rcc.o
    0x08001a7c   0x00000094   Code   RO         2441    i.HAL_RCC_GetSysClockFreq  stm32f1xx_hal_rcc.o
    0x08001b10   0x00000464   Code   RO         2444    i.HAL_RCC_OscConfig  stm32f1xx_hal_rcc.o
    0x08001f74   0x00000028   Code   RO         2746    i.HAL_SYSTICK_CLKSourceConfig  stm32f1xx_hal_cortex.o
    0x08001f9c   0x00000034   Code   RO         2748    i.HAL_SYSTICK_Config  stm32f1xx_hal_cortex.o
    0x08001fd0   0x00000002   Code   RO         1659    i.HAL_TIMEx_BreakCallback  stm32f1xx_hal_tim_ex.o
    0x08001fd2   0x00000002   Code   RO         1660    i.HAL_TIMEx_CommutCallback  stm32f1xx_hal_tim_ex.o
    0x08001fd4   0x00000084   Code   RO         1678    i.HAL_TIMEx_MasterConfigSynchronization  stm32f1xx_hal_tim_ex.o
    0x08002058   0x00000066   Code   RO          944    i.HAL_TIM_Base_Init  stm32f1xx_hal_tim.o
    0x080020be   0x00000002   PAD
    0x080020c0   0x00000044   Code   RO          418    i.HAL_TIM_Base_MspInit  timer.o
    0x08002104   0x00000078   Code   RO          949    i.HAL_TIM_Base_Start_IT  stm32f1xx_hal_tim.o
    0x0800217c   0x000000c4   Code   RO          965    i.HAL_TIM_Encoder_Init  stm32f1xx_hal_tim.o
    0x08002240   0x00000070   Code   RO          575    i.HAL_TIM_Encoder_MspInit  timer4.o
    0x080022b0   0x000000cc   Code   RO          968    i.HAL_TIM_Encoder_Start  stm32f1xx_hal_tim.o
    0x0800237c   0x00000002   Code   RO          978    i.HAL_TIM_IC_CaptureCallback  stm32f1xx_hal_tim.o
    0x0800237e   0x00000196   Code   RO          992    i.HAL_TIM_IRQHandler  stm32f1xx_hal_tim.o
    0x08002514   0x00000058   Code   RO          520    i.HAL_TIM_MspPostInit  timer1.o
    0x0800256c   0x00000002   Code   RO          995    i.HAL_TIM_OC_DelayElapsedCallback  stm32f1xx_hal_tim.o
    0x0800256e   0x000000fc   Code   RO         1016    i.HAL_TIM_PWM_ConfigChannel  stm32f1xx_hal_tim.o
    0x0800266a   0x00000066   Code   RO         1019    i.HAL_TIM_PWM_Init  stm32f1xx_hal_tim.o
    0x080026d0   0x00000030   Code   RO          522    i.HAL_TIM_PWM_MspInit  timer1.o
    0x08002700   0x00000002   Code   RO         1022    i.HAL_TIM_PWM_PulseFinishedCallback  stm32f1xx_hal_tim.o
    0x08002702   0x00000002   PAD
    0x08002704   0x000000d4   Code   RO         1024    i.HAL_TIM_PWM_Start  stm32f1xx_hal_tim.o
    0x080027d8   0x0000009c   Code   RO         1027    i.HAL_TIM_PWM_Stop  stm32f1xx_hal_tim.o
    0x08002874   0x00000144   Code   RO          419    i.HAL_TIM_PeriodElapsedCallback  timer.o
    0x080029b8   0x00000002   Code   RO         1035    i.HAL_TIM_TriggerCallback  stm32f1xx_hal_tim.o
    0x080029ba   0x00000002   Code   RO         1947    i.HAL_UART_ErrorCallback  stm32f1xx_hal_uart.o
    0x080029bc   0x00000154   Code   RO         1950    i.HAL_UART_IRQHandler  stm32f1xx_hal_uart.o
    0x08002b10   0x00000072   Code   RO         1951    i.HAL_UART_Init     stm32f1xx_hal_uart.o
    0x08002b82   0x00000002   PAD
    0x08002b84   0x000001a0   Code   RO          769    i.HAL_UART_MspInit  usart.o
    0x08002d24   0x000000d8   Code   RO         1954    i.HAL_UART_Receive  stm32f1xx_hal_uart.o
    0x08002dfc   0x00000010   Code   RO          770    i.HAL_UART_RxCpltCallback  usart.o
    0x08002e0c   0x00000058   Code   RO         1961    i.HAL_UART_Transmit_IT  stm32f1xx_hal_uart.o
    0x08002e64   0x0000001c   Code   RO          771    i.HAL_UART_TxCpltCallback  usart.o
    0x08002e80   0x00000004   Code   RO          193    i.HardFault_Handler  stm32f1xx_it.o
    0x08002e84   0x0000008c   Code   RO          359    i.LimitA_Task       exti.o
    0x08002f10   0x0000001c   Code   RO          361    i.LimitB_Read       exti.o
    0x08002f2c   0x00000068   Code   RO          362    i.LimitB_Task       exti.o
    0x08002f94   0x0000008c   Code   RO          523    i.MX_TIM1_Init      timer1.o
    0x08003020   0x0000007c   Code   RO          576    i.MX_TIM4_Init      timer4.o
    0x0800309c   0x00000004   Code   RO          194    i.MemManage_Handler  stm32f1xx_it.o
    0x080030a0   0x00000004   Code   RO          195    i.NMI_Handler       stm32f1xx_it.o
    0x080030a4   0x00000002   Code   RO          196    i.PendSV_Handler    stm32f1xx_it.o
    0x080030a6   0x00000002   PAD
    0x080030a8   0x000000d4   Code   RO          420    i.PositionFindMid_Task  timer.o
    0x0800317c   0x000001d0   Code   RO          421    i.PositionReset_Task  timer.o
    0x0800334c   0x000000cc   Code   RO            5    i.Position_ReadEnd  main.o
    0x08003418   0x00000078   Code   RO            6    i.Position_SaveEnd  main.o
    0x08003490   0x00000028   Code   RO         2445    i.RCC_Delay         stm32f1xx_hal_rcc.o
    0x080034b8   0x00000022   Code   RO          616    i.STMFLASH_Read     stmflash.o
    0x080034da   0x00000006   Code   RO          617    i.STMFLASH_ReadHalfWord  stmflash.o
    0x080034e0   0x00000108   Code   RO          618    i.STMFLASH_Write    stmflash.o
    0x080035e8   0x0000002c   Code   RO          619    i.STMFLASH_Write_NoCheck  stmflash.o
    0x08003614   0x00000002   Code   RO          197    i.SVC_Handler       stm32f1xx_it.o
    0x08003616   0x00000056   Code   RO          671    i.Stm32_Clock_Init  sys.o
    0x0800366c   0x00000008   Code   RO          198    i.SysTick_Handler   stm32f1xx_it.o
    0x08003674   0x00000002   Code   RO         3540    i.SystemInit        system_stm32f1xx.o
    0x08003676   0x00000002   PAD
    0x08003678   0x00000010   Code   RO          423    i.TIM3_IRQHandler   timer.o
    0x08003688   0x0000002c   Code   RO          424    i.TIM3_Init         timer.o
    0x080036b4   0x00000074   Code   RO         1037    i.TIM_Base_SetConfig  stm32f1xx_hal_tim.o
    0x08003728   0x00000022   Code   RO         1038    i.TIM_CCxChannelCmd  stm32f1xx_hal_tim.o
    0x0800374a   0x00000002   PAD
    0x0800374c   0x00000060   Code   RO         1050    i.TIM_OC1_SetConfig  stm32f1xx_hal_tim.o
    0x080037ac   0x00000068   Code   RO         1051    i.TIM_OC2_SetConfig  stm32f1xx_hal_tim.o
    0x08003814   0x00000068   Code   RO         1052    i.TIM_OC3_SetConfig  stm32f1xx_hal_tim.o
    0x0800387c   0x00000048   Code   RO         1053    i.TIM_OC4_SetConfig  stm32f1xx_hal_tim.o
    0x080038c4   0x00000018   Code   RO          426    i.TimeTick_GetNowTime  timer.o
    0x080038dc   0x00000018   Code   RO          428    i.TimeTick_GetTimeDiff  timer.o
    0x080038f4   0x00000014   Code   RO          429    i.TimeTick_Init     timer.o
    0x08003908   0x00000014   Code   RO         1964    i.UART_DMAAbortOnError  stm32f1xx_hal_uart.o
    0x0800391c   0x00000020   Code   RO         1974    i.UART_EndRxTransfer  stm32f1xx_hal_uart.o
    0x0800393c   0x00000020   Code   RO         1975    i.UART_EndTransmit_IT  stm32f1xx_hal_uart.o
    0x0800395c   0x00000030   Code   RO          772    i.UART_Init         usart.o
    0x0800398c   0x000000a0   Code   RO         1977    i.UART_Receive_IT   stm32f1xx_hal_uart.o
    0x08003a2c   0x000000fc   Code   RO         1978    i.UART_SetConfig    stm32f1xx_hal_uart.o
    0x08003b28   0x00000060   Code   RO         1979    i.UART_Transmit_IT  stm32f1xx_hal_uart.o
    0x08003b88   0x0000006c   Code   RO         1980    i.UART_WaitOnFlagUntilTimeout  stm32f1xx_hal_uart.o
    0x08003bf4   0x00000014   Code   RO          773    i.USART1_IRQHandler  usart.o
    0x08003c08   0x00000010   Code   RO          774    i.USART2_IRQHandler  usart.o
    0x08003c18   0x00000018   Code   RO          524    i.USR_TIM_PWM_SetCompare  timer1.o
    0x08003c30   0x00000004   Code   RO          199    i.UsageFault_Handler  stm32f1xx_it.o
    0x08003c34   0x00000010   Code   RO         2750    i.__NVIC_GetPriorityGrouping  stm32f1xx_hal_cortex.o
    0x08003c44   0x00000028   Code   RO         2751    i.__NVIC_SetPriority  stm32f1xx_hal_cortex.o
    0x08003c6c   0x0000000e   Code   RO         3605    i.__scatterload_copy  mc_w.l(handlers.o)
    0x08003c7a   0x00000002   Code   RO         3606    i.__scatterload_null  mc_w.l(handlers.o)
    0x08003c7c   0x0000000e   Code   RO         3607    i.__scatterload_zeroinit  mc_w.l(handlers.o)
    0x08003c8a   0x00000002   PAD
    0x08003c8c   0x00000014   Code   RO          719    i.delay_init        delay.o
    0x08003ca0   0x00000018   Code   RO          720    i.delay_ms          delay.o
    0x08003cb8   0x00000048   Code   RO          721    i.delay_us          delay.o
    0x08003d00   0x000000ac   Code   RO            8    i.main              main.o
    0x08003dac   0x00000018   Data   RO         3541    .constdata          system_stm32f1xx.o
    0x08003dc4   0x00000020   Data   RO         3603    Region$$Table       anon$$obj.o


    Execution Region RW_IRAM1 (Base: 0x20000000, Size: 0x00000c80, Max: 0x00005000, ABSOLUTE)

    Base Addr    Size         Type   Attr      Idx    E Section Name        Object

    0x20000000   0x00000004   Data   RW            9    .data               main.o
    0x20000004   0x0000000a   Data   RW          298    .data               adc.o
    0x2000000e   0x00000006   Data   RW          363    .data               exti.o
    0x20000014   0x00000035   Data   RW          431    .data               timer.o
    0x20000049   0x00000003   PAD
    0x2000004c   0x00000004   Data   RW          722    .data               delay.o
    0x20000050   0x0000001a   Data   RW          778    .data               usart.o
    0x2000006a   0x00000002   PAD
    0x2000006c   0x00000009   Data   RW         2282    .data               stm32f1xx_hal.o
    0x20000075   0x00000003   PAD
    0x20000078   0x00000004   Data   RW         3542    .data               system_stm32f1xx.o
    0x2000007c   0x00000088   Zero   RW          297    .bss                adc.o
    0x20000104   0x00000058   Zero   RW          430    .bss                timer.o
    0x2000015c   0x00000048   Zero   RW          525    .bss                timer1.o
    0x200001a4   0x00000048   Zero   RW          577    .bss                timer4.o
    0x200001ec   0x00000400   Zero   RW          621    .bss                stmflash.o
    0x200005ec   0x00000270   Zero   RW          777    .bss                usart.o
    0x2000085c   0x00000004   PAD
    0x20000860   0x00000020   Zero   RW         2996    .bss                stm32f1xx_hal_flash.o
    0x20000880   0x00000400   Zero   RW         3573    STACK               startup_stm32f103xb.o


==============================================================================

Image component sizes


      Code (inc. data)   RO Data    RW Data    ZI Data      Debug   Object Name

       510         60          0         10        136       3795   adc.o
       116          8          0          4          0       1767   delay.o
       284         64          0          6          0       2160   exti.o
       576         60          0          4          0     445093   main.o
        36          8        236          0       1024        752   startup_stm32f103xb.o
       152         32          0          9          0       5145   stm32f1xx_hal.o
      1424         56          0          0          0       7056   stm32f1xx_hal_adc.o
       344         22          0          0          0      29829   stm32f1xx_hal_cortex.o
       892         12          0          0          0       4082   stm32f1xx_hal_dma.o
       520         48          0          0         32       4030   stm32f1xx_hal_flash.o
        40          8          0          0          0        542   stm32f1xx_hal_flash_ex.o
       858         38          0          0          0       4343   stm32f1xx_hal_gpio.o
        84          8          0          0          0        858   stm32f1xx_hal_msp.o
      1784        110          0          0          0       5856   stm32f1xx_hal_rcc.o
      2284         64          0          0          0      13676   stm32f1xx_hal_tim.o
       136         14          0          0          0       2317   stm32f1xx_hal_tim_ex.o
      1460         10          0          0          0       8781   stm32f1xx_hal_uart.o
        34          0          0          0          0       3746   stm32f1xx_it.o
       348         12          0          0       1024       3321   stmflash.o
        92          0          0          0          0       1067   sys.o
         2          0         24          4          0       1059   system_stm32f1xx.o
      1388        202          0         53         88       7064   timer.o
       300         38          0          0         72       2680   timer1.o
       236         22          0          0         72       1697   timer4.o
      1478        218          0         26        624      11413   usart.o

    ----------------------------------------------------------------------
     15396       1114        292        124       3076     572129   Object Totals
         0          0         32          0          0          0   (incl. Generated)
        18          0          0          8          4          0   (incl. Padding)

    ----------------------------------------------------------------------

      Code (inc. data)   RO Data    RW Data    ZI Data      Debug   Library Member Name

         0          0          0          0          0          0   entry.o
         0          0          0          0          0          0   entry10a.o
         0          0          0          0          0          0   entry11a.o
         8          4          0          0          0          0   entry2.o
         4          0          0          0          0          0   entry5.o
         0          0          0          0          0          0   entry7b.o
         0          0          0          0          0          0   entry8b.o
         8          4          0          0          0          0   entry9a.o
        30          0          0          0          0          0   handlers.o
        36          8          0          0          0         68   init.o
        32          0          0          0          0         68   llushr.o
        36          0          0          0          0        108   memseta.o

    ----------------------------------------------------------------------
       156         16          0          0          0        244   Library Totals
         2          0          0          0          0          0   (incl. Padding)

    ----------------------------------------------------------------------

      Code (inc. data)   RO Data    RW Data    ZI Data      Debug   Library Name

       154         16          0          0          0        244   mc_w.l

    ----------------------------------------------------------------------
       156         16          0          0          0        244   Library Totals

    ----------------------------------------------------------------------

==============================================================================


      Code (inc. data)   RO Data    RW Data    ZI Data      Debug   

     15552       1130        292        124       3076     565245   Grand Totals
     15552       1130        292        124       3076     565245   ELF Image Totals
     15552       1130        292        124          0          0   ROM Totals

==============================================================================

    Total RO  Size (Code + RO Data)                15844 (  15.47kB)
    Total RW  Size (RW Data + ZI Data)              3200 (   3.13kB)
    Total ROM Size (Code + RO Data + RW Data)      15968 (  15.59kB)

==============================================================================

