<html>
<body>
<pre>
<h1>µVision Build Log</h1>
<h2>Project:</h2>
C:\Users\mikechzhou\Desktop\Inverted pendulum\Inverted pendulum\USER\minibalance.uvprojx
Project File Date:  08/27/2021

<h2>Output:</h2>
Build target 'minibalance'
compiling control.c...
..\minibalance\CONTR\control.c(159): warning:  #940-D: missing return statement at end of non-void function "Turn_Off"
  }
..\minibalance\CONTR\control.c(142): warning:  #550-D: variable "temp" was set but never used
            u8 temp; 
..\minibalance\CONTR\control.c: 2 warnings, 0 errors
linking...
Program Size: Code=15758 RO-data=2930 RW-data=320 ZI-data=2904  
FromELF: creating hex file...
"..\OBJ\minibalance.axf" - 0 Error(s), 2 Warning(s).
Load "..\\OBJ\\minibalance.axf" 
Erase Done.
Programming Done.
Verify OK.
Application running ...
</pre>
</body>
</html>
